Archive member included to satisfy reference by file (symbol)

C:/ST/STM32CubeIDE_1.16.1/STM32CubeIDE/plugins/com.st.stm32cube.ide.mcu.externaltools.gnu-tools-for-stm32.12.3.rel1.win32_1.0.200.202406191623/tools/bin/../lib/gcc/arm-none-eabi/12.3.1/../../../../arm-none-eabi/lib/thumb/v6-m/nofp\libc_nano.a(libc_a-exit.o)
                              C:/ST/STM32CubeIDE_1.16.1/STM32CubeIDE/plugins/com.st.stm32cube.ide.mcu.externaltools.gnu-tools-for-stm32.12.3.rel1.win32_1.0.200.202406191623/tools/bin/../lib/gcc/arm-none-eabi/12.3.1/../../../../arm-none-eabi/lib/thumb/v6-m/nofp/crt0.o (exit)
C:/ST/STM32CubeIDE_1.16.1/STM32CubeIDE/plugins/com.st.stm32cube.ide.mcu.externaltools.gnu-tools-for-stm32.12.3.rel1.win32_1.0.200.202406191623/tools/bin/../lib/gcc/arm-none-eabi/12.3.1/../../../../arm-none-eabi/lib/thumb/v6-m/nofp\libc_nano.a(libc_a-findfp.o)
                              C:/ST/STM32CubeIDE_1.16.1/STM32CubeIDE/plugins/com.st.stm32cube.ide.mcu.externaltools.gnu-tools-for-stm32.12.3.rel1.win32_1.0.200.202406191623/tools/bin/../lib/gcc/arm-none-eabi/12.3.1/../../../../arm-none-eabi/lib/thumb/v6-m/nofp\libc_nano.a(libc_a-exit.o) (__stdio_exit_handler)
C:/ST/STM32CubeIDE_1.16.1/STM32CubeIDE/plugins/com.st.stm32cube.ide.mcu.externaltools.gnu-tools-for-stm32.12.3.rel1.win32_1.0.200.202406191623/tools/bin/../lib/gcc/arm-none-eabi/12.3.1/../../../../arm-none-eabi/lib/thumb/v6-m/nofp\libc_nano.a(libc_a-fwalk.o)
                              C:/ST/STM32CubeIDE_1.16.1/STM32CubeIDE/plugins/com.st.stm32cube.ide.mcu.externaltools.gnu-tools-for-stm32.12.3.rel1.win32_1.0.200.202406191623/tools/bin/../lib/gcc/arm-none-eabi/12.3.1/../../../../arm-none-eabi/lib/thumb/v6-m/nofp\libc_nano.a(libc_a-findfp.o) (_fwalk_sglue)
C:/ST/STM32CubeIDE_1.16.1/STM32CubeIDE/plugins/com.st.stm32cube.ide.mcu.externaltools.gnu-tools-for-stm32.12.3.rel1.win32_1.0.200.202406191623/tools/bin/../lib/gcc/arm-none-eabi/12.3.1/../../../../arm-none-eabi/lib/thumb/v6-m/nofp\libc_nano.a(libc_a-printf.o)
                              ./Core/Inc/logger/logger.o (printf)
C:/ST/STM32CubeIDE_1.16.1/STM32CubeIDE/plugins/com.st.stm32cube.ide.mcu.externaltools.gnu-tools-for-stm32.12.3.rel1.win32_1.0.200.202406191623/tools/bin/../lib/gcc/arm-none-eabi/12.3.1/../../../../arm-none-eabi/lib/thumb/v6-m/nofp\libc_nano.a(libc_a-puts.o)
                              ./Core/Inc/logger/logger.o (puts)
C:/ST/STM32CubeIDE_1.16.1/STM32CubeIDE/plugins/com.st.stm32cube.ide.mcu.externaltools.gnu-tools-for-stm32.12.3.rel1.win32_1.0.200.202406191623/tools/bin/../lib/gcc/arm-none-eabi/12.3.1/../../../../arm-none-eabi/lib/thumb/v6-m/nofp\libc_nano.a(libc_a-snprintf.o)
                              ./Core/Inc/logger/logger.o (snprintf)
C:/ST/STM32CubeIDE_1.16.1/STM32CubeIDE/plugins/com.st.stm32cube.ide.mcu.externaltools.gnu-tools-for-stm32.12.3.rel1.win32_1.0.200.202406191623/tools/bin/../lib/gcc/arm-none-eabi/12.3.1/../../../../arm-none-eabi/lib/thumb/v6-m/nofp\libc_nano.a(libc_a-stdio.o)
                              C:/ST/STM32CubeIDE_1.16.1/STM32CubeIDE/plugins/com.st.stm32cube.ide.mcu.externaltools.gnu-tools-for-stm32.12.3.rel1.win32_1.0.200.202406191623/tools/bin/../lib/gcc/arm-none-eabi/12.3.1/../../../../arm-none-eabi/lib/thumb/v6-m/nofp\libc_nano.a(libc_a-findfp.o) (__sread)
C:/ST/STM32CubeIDE_1.16.1/STM32CubeIDE/plugins/com.st.stm32cube.ide.mcu.externaltools.gnu-tools-for-stm32.12.3.rel1.win32_1.0.200.202406191623/tools/bin/../lib/gcc/arm-none-eabi/12.3.1/../../../../arm-none-eabi/lib/thumb/v6-m/nofp\libc_nano.a(libc_a-vprintf.o)
                              ./Core/Inc/logger/logger.o (vprintf)
C:/ST/STM32CubeIDE_1.16.1/STM32CubeIDE/plugins/com.st.stm32cube.ide.mcu.externaltools.gnu-tools-for-stm32.12.3.rel1.win32_1.0.200.202406191623/tools/bin/../lib/gcc/arm-none-eabi/12.3.1/../../../../arm-none-eabi/lib/thumb/v6-m/nofp\libc_nano.a(libc_a-wbuf.o)
                              C:/ST/STM32CubeIDE_1.16.1/STM32CubeIDE/plugins/com.st.stm32cube.ide.mcu.externaltools.gnu-tools-for-stm32.12.3.rel1.win32_1.0.200.202406191623/tools/bin/../lib/gcc/arm-none-eabi/12.3.1/../../../../arm-none-eabi/lib/thumb/v6-m/nofp\libc_nano.a(libc_a-puts.o) (__swbuf_r)
C:/ST/STM32CubeIDE_1.16.1/STM32CubeIDE/plugins/com.st.stm32cube.ide.mcu.externaltools.gnu-tools-for-stm32.12.3.rel1.win32_1.0.200.202406191623/tools/bin/../lib/gcc/arm-none-eabi/12.3.1/../../../../arm-none-eabi/lib/thumb/v6-m/nofp\libc_nano.a(libc_a-wsetup.o)
                              C:/ST/STM32CubeIDE_1.16.1/STM32CubeIDE/plugins/com.st.stm32cube.ide.mcu.externaltools.gnu-tools-for-stm32.12.3.rel1.win32_1.0.200.202406191623/tools/bin/../lib/gcc/arm-none-eabi/12.3.1/../../../../arm-none-eabi/lib/thumb/v6-m/nofp\libc_nano.a(libc_a-puts.o) (__swsetup_r)
C:/ST/STM32CubeIDE_1.16.1/STM32CubeIDE/plugins/com.st.stm32cube.ide.mcu.externaltools.gnu-tools-for-stm32.12.3.rel1.win32_1.0.200.202406191623/tools/bin/../lib/gcc/arm-none-eabi/12.3.1/../../../../arm-none-eabi/lib/thumb/v6-m/nofp\libc_nano.a(libc_a-memset.o)
[...]
Memory Configuration

Name             Origin             Length             Attributes
RAM              0x20000000         0x00008000         xrw
FLASH            0x08000000         0x00040000         xr
*default*        0x00000000         0xffffffff

Linker script and memory map

LOAD C:/ST/STM32CubeIDE_1.16.1/STM32CubeIDE/plugins/com.st.stm32cube.ide.mcu.externaltools.gnu-tools-for-stm32.12.3.rel1.win32_1.0.200.202406191623/tools/bin/../lib/gcc/arm-none-eabi/12.3.1/thumb/v6-m/nofp/crti.o
LOAD C:/ST/STM32CubeIDE_1.16.1/STM32CubeIDE/plugins/com.st.stm32cube.ide.mcu.externaltools.gnu-tools-for-stm32.12.3.rel1.win32_1.0.200.202406191623/tools/bin/../lib/gcc/arm-none-eabi/12.3.1/thumb/v6-m/nofp/crtbegin.o
LOAD C:/ST/STM32CubeIDE_1.16.1/STM32CubeIDE/plugins/com.st.stm32cube.ide.mcu.externaltools.gnu-tools-for-stm32.12.3.rel1.win32_1.0.200.202406191623/tools/bin/../lib/gcc/arm-none-eabi/12.3.1/../../../../arm-none-eabi/lib/thumb/v6-m/nofp/crt0.o
LOAD ./Core/Inc/Manager/Flags.o
LOAD ./Core/Inc/Manager/manager.o
LOAD ./Core/Inc/bsp/PVD.o
LOAD ./Core/Inc/bsp/buttons.o
LOAD ./Core/Inc/bsp/RTC/Time.o
LOAD ./Core/Inc/logger/logger.o
LOAD ./Core/Src/gpio.o
LOAD ./Core/Src/main.o
LOAD ./Core/Src/rtc.o
LOAD ./Core/Src/stm32f0xx_hal_msp.o
LOAD ./Core/Src/stm32f0xx_it.o
LOAD ./Core/Src/syscalls.o
LOAD ./Core/Src/sysmem.o
LOAD ./Core/Src/system_stm32f0xx.o
LOAD ./Core/Src/usart.o
LOAD ./Core/Startup/startup_stm32f091rctx.o
LOAD ./Drivers/STM32F0xx_HAL_Driver/Src/stm32f0xx_hal.o
LOAD ./Drivers/STM32F0xx_HAL_Driver/Src/stm32f0xx_hal_cortex.o
LOAD ./Drivers/STM32F0xx_HAL_Driver/Src/stm32f0xx_hal_dma.o
LOAD ./Drivers/STM32F0xx_HAL_Driver/Src/stm32f0xx_hal_exti.o
LOAD ./Drivers/STM32F0xx_HAL_Driver/Src/stm32f0xx_hal_flash.o
LOAD ./Drivers/STM32F0xx_HAL_Driver/Src/stm32f0xx_hal_flash_ex.o
LOAD ./Drivers/STM32F0xx_HAL_Driver/Src/stm32f0xx_hal_gpio.o
LOAD ./Drivers/STM32F0xx_HAL_Driver/Src/stm32f0xx_hal_i2c.o
LOAD ./Drivers/STM32F0xx_HAL_Driver/Src/stm32f0xx_hal_i2c_ex.o
LOAD ./Drivers/STM32F0xx_HAL_Driver/Src/stm32f0xx_hal_pwr.o
LOAD ./Drivers/STM32F0xx_HAL_Driver/Src/stm32f0xx_hal_pwr_ex.o
LOAD ./Drivers/STM32F0xx_HAL_Driver/Src/stm32f0xx_hal_rcc.o
LOAD ./Drivers/STM32F0xx_HAL_Driver/Src/stm32f0xx_hal_rcc_ex.o
LOAD ./Drivers/STM32F0xx_HAL_Driver/Src/stm32f0xx_hal_rtc.o
LOAD ./Drivers/STM32F0xx_HAL_Driver/Src/stm32f0xx_hal_rtc_ex.o
LOAD ./Drivers/STM32F0xx_HAL_Driver/Src/stm32f0xx_hal_tim.o
LOAD ./Drivers/STM32F0xx_HAL_Driver/Src/stm32f0xx_hal_tim_ex.o
LOAD ./Drivers/STM32F0xx_HAL_Driver/Src/stm32f0xx_hal_uart.o
LOAD ./Drivers/STM32F0xx_HAL_Driver/Src/stm32f0xx_hal_uart_ex.o
START GROUP
LOAD C:/ST/STM32CubeIDE_1.16.1/STM32CubeIDE/plugins/com.st.stm32cube.ide.mcu.externaltools.gnu-tools-for-stm32.12.3.rel1.win32_1.0.200.202406191623/tools/bin/../lib/gcc/arm-none-eabi/12.3.1/../../../../arm-none-eabi/lib/thumb/v6-m/nofp\libc_nano.a
LOAD C:/ST/STM32CubeIDE_1.16.1/STM32CubeIDE/plugins/com.st.stm32cube.ide.mcu.externaltools.gnu-tools-for-stm32.12.3.rel1.win32_1.0.200.202406191623/tools/bin/../lib/gcc/arm-none-eabi/12.3.1/../../../../arm-none-eabi/lib/thumb/v6-m/nofp\libm.a
END GROUP
START GROUP
LOAD C:/ST/STM32CubeIDE_1.16.1/STM32CubeIDE/plugins/com.st.stm32cube.ide.mcu.externaltools.gnu-tools-for-stm32.12.3.rel1.win32_1.0.200.202406191623/tools/bin/../lib/gcc/arm-none-eabi/12.3.1/thumb/v6-m/nofp\libgcc.a
LOAD C:/ST/STM32CubeIDE_1.16.1/STM32CubeIDE/plugins/com.st.stm32cube.ide.mcu.externaltools.gnu-tools-for-stm32.12.3.rel1.win32_1.0.200.202406191623/tools/bin/../lib/gcc/arm-none-eabi/12.3.1/../../../../arm-none-eabi/lib/thumb/v6-m/nofp\libc_nano.a
END GROUP
START GROUP
LOAD C:/ST/STM32CubeIDE_1.16.1/STM32CubeIDE/plugins/com.st.stm32cube.ide.mcu.externaltools.gnu-tools-for-stm32.12.3.rel1.win32_1.0.200.202406191623/tools/bin/../lib/gcc/arm-none-eabi/12.3.1/thumb/v6-m/nofp\libgcc.a
LOAD C:/ST/STM32CubeIDE_1.16.1/STM32CubeIDE/plugins/com.st.stm32cube.ide.mcu.externaltools.gnu-tools-for-stm32.12.3.rel1.win32_1.0.200.202406191623/tools/bin/../lib/gcc/arm-none-eabi/12.3.1/../../../../arm-none-eabi/lib/thumb/v6-m/nofp\libc_nano.a
LOAD C:/ST/STM32CubeIDE_1.16.1/STM32CubeIDE/plugins/com.st.stm32cube.ide.mcu.externaltools.gnu-tools-for-stm32.12.3.rel1.win32_1.0.200.202406191623/tools/bin/../lib/gcc/arm-none-eabi/12.3.1/../../../../arm-none-eabi/lib/thumb/v6-m/nofp\libnosys.a
END GROUP
START GROUP
LOAD C:/ST/STM32CubeIDE_1.16.1/STM32CubeIDE/plugins/com.st.stm32cube.ide.mcu.externaltools.gnu-tools-for-stm32.12.3.rel1.win32_1.0.200.202406191623/tools/bin/../lib/gcc/arm-none-eabi/12.3.1/thumb/v6-m/nofp\libgcc.a
LOAD C:/ST/STM32CubeIDE_1.16.1/STM32CubeIDE/plugins/com.st.stm32cube.ide.mcu.externaltools.gnu-tools-for-stm32.12.3.rel1.win32_1.0.200.202406191623/tools/bin/../lib/gcc/arm-none-eabi/12.3.1/../../../../arm-none-eabi/lib/thumb/v6-m/nofp\libc_nano.a
LOAD C:/ST/STM32CubeIDE_1.16.1/STM32CubeIDE/plugins/com.st.stm32cube.ide.mcu.externaltools.gnu-tools-for-stm32.12.3.rel1.win32_1.0.200.202406191623/tools/bin/../lib/gcc/arm-none-eabi/12.3.1/../../../../arm-none-eabi/lib/thumb/v6-m/nofp\libnosys.a
END GROUP
LOAD C:/ST/STM32CubeIDE_1.16.1/STM32CubeIDE/plugins/com.st.stm32cube.ide.mcu.externaltools.gnu-tools-for-stm32.12.3.rel1.win32_1.0.200.202406191623/tools/bin/../lib/gcc/arm-none-eabi/12.3.1/thumb/v6-m/nofp/crtend.o
LOAD C:/ST/STM32CubeIDE_1.16.1/STM32CubeIDE/plugins/com.st.stm32cube.ide.mcu.externaltools.gnu-tools-for-stm32.12.3.rel1.win32_1.0.200.202406191623/tools/bin/../lib/gcc/arm-none-eabi/12.3.1/thumb/v6-m/nofp/crtn.o
                0x20008000                        _estack = (ORIGIN (RAM) + LENGTH (RAM))
                0x00000200                        _Min_Heap_Size = 0x200
                0x00000400                        _Min_Stack_Size = 0x400

.isr_vector     0x08000000       0xbc
                0x08000000                        . = ALIGN (0x4)
 *(.isr_vector)
 .isr_vector    0x08000000       0xbc ./Core/Startup/startup_stm32f091rctx.o
                0x08000000                g_pfnVectors
                0x080000bc                        . = ALIGN (0x4)

.text           0x080000bc     0x4b64
                0x080000bc                        . = ALIGN (0x4)
 *(.text)
 .text          0x080000bc       0x48 C:/ST/STM32CubeIDE_1.16.1/STM32CubeIDE/plugins/com.st.stm32cube.ide.mcu.externaltools.gnu-tools-for-stm32.12.3.rel1.win32_1.0.200.202406191623/tools/bin/../lib/gcc/arm-none-eabi/12.3.1/thumb/v6-m/nofp/crtbegin.o
 .text          0x08000104       0x14 C:/ST/STM32CubeIDE_1.16.1/STM32CubeIDE/plugins/com.st.stm32cube.ide.mcu.externaltools.gnu-tools-for-stm32.12.3.rel1.win32_1.0.200.202406191623/tools/bin/../lib/gcc/arm-none-eabi/12.3.1/thumb/v6-m/nofp\libgcc.a(_thumb1_case_shi.o)
                0x08000104                __gnu_thumb1_case_shi
 .text          0x08000118      0x114 C:/ST/STM32CubeIDE_1.16.1/STM32CubeIDE/plugins/com.st.stm32cube.ide.mcu.externaltools.gnu-tools-for-stm32.12.3.rel1.win32_1.0.200.202406191623/tools/bin/../lib/gcc/arm-none-eabi/12.3.1/thumb/v6-m/nofp\libgcc.a(_udivsi3.o)
                0x08000118                __aeabi_uidiv
                0x08000118                __udivsi3
                0x08000224                __aeabi_uidivmod
 .text          0x0800022c        0x4 C:/ST/STM32CubeIDE_1.16.1/STM32CubeIDE/plugins/com.st.stm32cube.ide.mcu.externaltools.gnu-tools-for-stm32.12.3.rel1.win32_1.0.200.202406191623/tools/bin/../lib/gcc/arm-none-eabi/12.3.1/thumb/v6-m/nofp\libgcc.a(_dvmd_tls.o)
                0x0800022c                __aeabi_idiv0
                0x0800022c                __aeabi_ldiv0
 *(.text*)
 .text.delay_nonblocking
                0x08000230       0x34 ./Core/Inc/Manager/manager.o
                0x08000230                delay_nonblocking
 .text.init_Btn
                0x08000264       0x3a ./Core/Inc/bsp/buttons.o
                0x08000264                init_Btn
 .text.Button_Read
                0x0800029e       0x34 ./Core/Inc/bsp/buttons.o
                0x0800029e                Button_Read
 *fill*         0x080002d2        0x2 
 .text.Button_Pressed
                0x080002d4       0xe0 ./Core/Inc/bsp/buttons.o
                0x080002d4                Button_Pressed
 .text.RTC_ReadTimeBCD
                0x080003b4       0x30 ./Core/Inc/bsp/RTC/Time.o
                0x080003b4                RTC_ReadTimeBCD
 .text.RTC_SetAlarmBCD
                0x080003e4       0x88 ./Core/Inc/bsp/RTC/Time.o
                0x080003e4                RTC_SetAlarmBCD
 .text.log_printf
                0x0800046c       0x64 ./Core/Inc/logger/logger.o
                0x0800046c                log_printf
 .text.get_time
                0x080004d0       0x7c ./Core/Inc/logger/logger.o
                0x080004d0                get_time
 .text.MX_GPIO_Init
                0x0800054c       0xd4 ./Core/Src/gpio.o
                0x0800054c                MX_GPIO_Init
 .text.main     0x08000620      0x100 ./Core/Src/main.o
                0x08000620                main
 .text.SystemClock_Config
                0x08000720       0xec ./Core/Src/main.o
                0x08000720                SystemClock_Config
 .text.Error_Handler
                0x0800080c        0xc ./Core/Src/main.o
                0x0800080c                Error_Handler
 .text.MX_RTC_Init
                0x08000818      0x138 ./Core/Src/rtc.o
                0x08000818                MX_RTC_Init
 .text.HAL_RTC_MspInit
                0x08000950       0x40 ./Core/Src/rtc.o
                0x08000950                HAL_RTC_MspInit
 .text.HAL_MspInit
                0x08000990       0x48 ./Core/Src/stm32f0xx_hal_msp.o
                0x08000990                HAL_MspInit
 .text.NMI_Handler
                0x080009d8        0x8 ./Core/Src/stm32f0xx_it.o
                0x080009d8                NMI_Handler
 .text.HardFault_Handler
                0x080009e0        0x8 ./Core/Src/stm32f0xx_it.o
                0x080009e0                HardFault_Handler
 .text.SVC_Handler
                0x080009e8        0xa ./Core/Src/stm32f0xx_it.o
                0x080009e8                SVC_Handler
 .text.PendSV_Handler
                0x080009f2        0xa ./Core/Src/stm32f0xx_it.o
                0x080009f2                PendSV_Handler
 .text.SysTick_Handler
                0x080009fc        0xe ./Core/Src/stm32f0xx_it.o
                0x080009fc                SysTick_Handler
 *fill*         0x08000a0a        0x2 
 .text.RTC_IRQHandler
                0x08000a0c       0x24 ./Core/Src/stm32f0xx_it.o
                0x08000a0c                RTC_IRQHandler
 .text.USART3_8_IRQHandler
                0x08000a30       0x18 ./Core/Src/stm32f0xx_it.o
                0x08000a30                USART3_8_IRQHandler
 .text._read    0x08000a48       0x3a ./Core/Src/syscalls.o
                0x08000a48                _read
 *fill*         0x08000a82        0x2 
 .text._write   0x08000a84       0x2c ./Core/Src/syscalls.o
                0x08000a84                _write
 .text._close   0x08000ab0       0x14 ./Core/Src/syscalls.o
                0x08000ab0                _close
 .text._fstat   0x08000ac4       0x1c ./Core/Src/syscalls.o
                0x08000ac4                _fstat
 .text._isatty  0x08000ae0       0x12 ./Core/Src/syscalls.o
                0x08000ae0                _isatty
 .text._lseek   0x08000af2       0x16 ./Core/Src/syscalls.o
                0x08000af2                _lseek
 .text._sbrk    0x08000b08       0x6c ./Core/Src/sysmem.o
                0x08000b08                _sbrk
 .text.SystemInit
                0x08000b74        0xa ./Core/Src/system_stm32f0xx.o
                0x08000b74                SystemInit
 *fill*         0x08000b7e        0x2 
 .text.MX_USART2_UART_Init
                0x08000b80       0x60 ./Core/Src/usart.o
                0x08000b80                MX_USART2_UART_Init
 .text.MX_USART4_UART_Init
                0x08000be0       0x60 ./Core/Src/usart.o
                0x08000be0                MX_USART4_UART_Init
 .text.HAL_UART_MspInit
                0x08000c40      0x120 ./Core/Src/usart.o
                0x08000c40                HAL_UART_MspInit
 .text.Reset_Handler
                0x08000d60       0x50 ./Core/Startup/startup_stm32f091rctx.o
                0x08000d60                Reset_Handler
 .text.Default_Handler
                0x08000db0        0x2 ./Core/Startup/startup_stm32f091rctx.o
                0x08000db0                TIM1_CC_IRQHandler
                0x08000db0                TSC_IRQHandler
                0x08000db0                ADC1_COMP_IRQHandler
                0x08000db0                I2C1_IRQHandler
                0x08000db0                RCC_CRS_IRQHandler
                0x08000db0                SPI1_IRQHandler
                0x08000db0                TIM6_DAC_IRQHandler
                0x08000db0                DMA1_Ch1_IRQHandler
                0x08000db0                EXTI2_3_IRQHandler
                0x08000db0                I2C2_IRQHandler
                0x08000db0                TIM17_IRQHandler
                0x08000db0                CEC_CAN_IRQHandler
                0x08000db0                PVD_VDDIO2_IRQHandler
                0x08000db0                TIM16_IRQHandler
                0x08000db0                TIM3_IRQHandler
                0x08000db0                EXTI4_15_IRQHandler
                0x08000db0                Default_Handler
                0x08000db0                TIM14_IRQHandler
                0x08000db0                TIM7_IRQHandler
                0x08000db0                TIM15_IRQHandler
                0x08000db0                EXTI0_1_IRQHandler
                0x08000db0                SPI2_IRQHandler
                0x08000db0                DMA1_Ch2_3_DMA2_Ch1_2_IRQHandler
                0x08000db0                DMA1_Ch4_7_DMA2_Ch3_5_IRQHandler
                0x08000db0                WWDG_IRQHandler
                0x08000db0                TIM2_IRQHandler
                0x08000db0                USART2_IRQHandler
                0x08000db0                FLASH_IRQHandler
                0x08000db0                USART1_IRQHandler
                0x08000db0                TIM1_BRK_UP_TRG_COM_IRQHandler
 *fill*         0x08000db2        0x2 
 .text.HAL_Init
                0x08000db4       0x28 ./Drivers/STM32F0xx_HAL_Driver/Src/stm32f0xx_hal.o
                0x08000db4                HAL_Init
 .text.HAL_InitTick
                0x08000ddc       0x68 ./Drivers/STM32F0xx_HAL_Driver/Src/stm32f0xx_hal.o
                0x08000ddc                HAL_InitTick
 .text.HAL_IncTick
                0x08000e44       0x24 ./Drivers/STM32F0xx_HAL_Driver/Src/stm32f0xx_hal.o
                0x08000e44                HAL_IncTick
 .text.HAL_GetTick
                0x08000e68       0x14 ./Drivers/STM32F0xx_HAL_Driver/Src/stm32f0xx_hal.o
                0x08000e68                HAL_GetTick
 .text.__NVIC_EnableIRQ
                0x08000e7c       0x34 ./Drivers/STM32F0xx_HAL_Driver/Src/stm32f0xx_hal_cortex.o
 .text.__NVIC_SetPriority
                0x08000eb0       0xdc ./Drivers/STM32F0xx_HAL_Driver/Src/stm32f0xx_hal_cortex.o
 .text.SysTick_Config
                0x08000f8c       0x48 ./Drivers/STM32F0xx_HAL_Driver/Src/stm32f0xx_hal_cortex.o
 .text.HAL_NVIC_SetPriority
                0x08000fd4       0x2a ./Drivers/STM32F0xx_HAL_Driver/Src/stm32f0xx_hal_cortex.o
                0x08000fd4                HAL_NVIC_SetPriority
 .text.HAL_NVIC_EnableIRQ
                0x08000ffe       0x20 ./Drivers/STM32F0xx_HAL_Driver/Src/stm32f0xx_hal_cortex.o
                0x08000ffe                HAL_NVIC_EnableIRQ
 .text.HAL_SYSTICK_Config
                0x0800101e       0x1a ./Drivers/STM32F0xx_HAL_Driver/Src/stm32f0xx_hal_cortex.o
                0x0800101e                HAL_SYSTICK_Config
 .text.HAL_DMA_Abort
                0x08001038       0x70 ./Drivers/STM32F0xx_HAL_Driver/Src/stm32f0xx_hal_dma.o
                0x08001038                HAL_DMA_Abort
 .text.HAL_DMA_Abort_IT
                0x080010a8       0x8a ./Drivers/STM32F0xx_HAL_Driver/Src/stm32f0xx_hal_dma.o
                0x080010a8                HAL_DMA_Abort_IT
 *fill*         0x08001132        0x2 
 .text.HAL_GPIO_Init
                0x08001134      0x2f0 ./Drivers/STM32F0xx_HAL_Driver/Src/stm32f0xx_hal_gpio.o
                0x08001134                HAL_GPIO_Init
 .text.HAL_GPIO_WritePin
                0x08001424       0x3a ./Drivers/STM32F0xx_HAL_Driver/Src/stm32f0xx_hal_gpio.o
                0x08001424                HAL_GPIO_WritePin
 .text.HAL_GPIO_TogglePin
                0x0800145e       0x36 ./Drivers/STM32F0xx_HAL_Driver/Src/stm32f0xx_hal_gpio.o
                0x0800145e                HAL_GPIO_TogglePin
 .text.HAL_PWR_EnableBkUpAccess
                0x08001494       0x1c ./Drivers/STM32F0xx_HAL_Driver/Src/stm32f0xx_hal_pwr.o
                0x08001494                HAL_PWR_EnableBkUpAccess
 .text.HAL_RCC_OscConfig
                0x080014b0      0x70c ./Drivers/STM32F0xx_HAL_Driver/Src/stm32f0xx_hal_rcc.o
                0x080014b0                HAL_RCC_OscConfig
 .text.HAL_RCC_ClockConfig
                0x08001bbc      0x1b4 ./Drivers/STM32F0xx_HAL_Driver/Src/stm32f0xx_hal_rcc.o
                0x08001bbc                HAL_RCC_ClockConfig
 .text.HAL_RCC_GetSysClockFreq
                0x08001d70       0xe4 ./Drivers/STM32F0xx_HAL_Driver/Src/stm32f0xx_hal_rcc.o
                0x08001d70                HAL_RCC_GetSysClockFreq
 .text.HAL_RCC_GetHCLKFreq
                0x08001e54       0x14 ./Drivers/STM32F0xx_HAL_Driver/Src/stm32f0xx_hal_rcc.o
                0x08001e54                HAL_RCC_GetHCLKFreq
 .text.HAL_RCC_GetPCLK1Freq
                0x08001e68       0x2c ./Drivers/STM32F0xx_HAL_Driver/Src/stm32f0xx_hal_rcc.o
                0x08001e68                HAL_RCC_GetPCLK1Freq
 .text.HAL_RCCEx_PeriphCLKConfig
                0x08001e94      0x200 ./Drivers/STM32F0xx_HAL_Driver/Src/stm32f0xx_hal_rcc_ex.o
                0x08001e94                HAL_RCCEx_PeriphCLKConfig
 .text.HAL_RTC_Init
                0x08002094      0x130 ./Drivers/STM32F0xx_HAL_Driver/Src/stm32f0xx_hal_rtc.o
                0x08002094                HAL_RTC_Init
 .text.HAL_RTC_SetTime
                0x080021c4      0x14c ./Drivers/STM32F0xx_HAL_Driver/Src/stm32f0xx_hal_rtc.o
                0x080021c4                HAL_RTC_SetTime
 .text.HAL_RTC_SetDate
                0x08002310      0x120 ./Drivers/STM32F0xx_HAL_Driver/Src/stm32f0xx_hal_rtc.o
                0x08002310                HAL_RTC_SetDate
 .text.HAL_RTC_SetAlarm_IT
                0x08002430      0x1f4 ./Drivers/STM32F0xx_HAL_Driver/Src/stm32f0xx_hal_rtc.o
                0x08002430                HAL_RTC_SetAlarm_IT
 .text.HAL_RTC_AlarmIRQHandler
                0x08002624       0x60 ./Drivers/STM32F0xx_HAL_Driver/Src/stm32f0xx_hal_rtc.o
                0x08002624                HAL_RTC_AlarmIRQHandler
 .text.HAL_RTC_AlarmAEventCallback
                0x08002684       0x10 ./Drivers/STM32F0xx_HAL_Driver/Src/stm32f0xx_hal_rtc.o
                0x08002684                HAL_RTC_AlarmAEventCallback
 .text.HAL_RTC_WaitForSynchro
                0x08002694       0x50 ./Drivers/STM32F0xx_HAL_Driver/Src/stm32f0xx_hal_rtc.o
                0x08002694                HAL_RTC_WaitForSynchro
 .text.RTC_EnterInitMode
                0x080026e4       0x86 ./Drivers/STM32F0xx_HAL_Driver/Src/stm32f0xx_hal_rtc.o
                0x080026e4                RTC_EnterInitMode
 .text.RTC_ExitInitMode
                0x0800276a       0x52 ./Drivers/STM32F0xx_HAL_Driver/Src/stm32f0xx_hal_rtc.o
                0x0800276a                RTC_ExitInitMode
 .text.RTC_ByteToBcd2
                0x080027bc       0x42 ./Drivers/STM32F0xx_HAL_Driver/Src/stm32f0xx_hal_rtc.o
                0x080027bc                RTC_ByteToBcd2
 *fill*         0x080027fe        0x2 
 .text.HAL_UART_Init
                0x08002800       0xa8 ./Drivers/STM32F0xx_HAL_Driver/Src/stm32f0xx_hal_uart.o
                0x08002800                HAL_UART_Init
 .text.HAL_UART_Transmit
                0x080028a8      0x13e ./Drivers/STM32F0xx_HAL_Driver/Src/stm32f0xx_hal_uart.o
                0x080028a8                HAL_UART_Transmit
 *fill*         0x080029e6        0x2 
 .text.HAL_UART_IRQHandler
                0x080029e8      0x5c0 ./Drivers/STM32F0xx_HAL_Driver/Src/stm32f0xx_hal_uart.o
                0x080029e8                HAL_UART_IRQHandler
 .text.HAL_UART_TxCpltCallback
                0x08002fa8       0x10 ./Drivers/STM32F0xx_HAL_Driver/Src/stm32f0xx_hal_uart.o
                0x08002fa8                HAL_UART_TxCpltCallback
 .text.HAL_UART_ErrorCallback
                0x08002fb8       0x10 ./Drivers/STM32F0xx_HAL_Driver/Src/stm32f0xx_hal_uart.o
                0x08002fb8                HAL_UART_ErrorCallback
 .text.HAL_UARTEx_RxEventCallback
                0x08002fc8       0x16 ./Drivers/STM32F0xx_HAL_Driver/Src/stm32f0xx_hal_uart.o
                0x08002fc8                HAL_UARTEx_RxEventCallback
 *fill*         0x08002fde        0x2 
 .text.UART_SetConfig
                0x08002fe0      0x3d0 ./Drivers/STM32F0xx_HAL_Driver/Src/stm32f0xx_hal_uart.o
                0x08002fe0                UART_SetConfig
 .text.UART_AdvFeatureConfig
                0x080033b0      0x168 ./Drivers/STM32F0xx_HAL_Driver/Src/stm32f0xx_hal_uart.o
                0x080033b0                UART_AdvFeatureConfig
 .text.UART_CheckIdleState
                0x08003518      0x150 ./Drivers/STM32F0xx_HAL_Driver/Src/stm32f0xx_hal_uart.o
                0x08003518                UART_CheckIdleState
 .text.UART_WaitOnFlagUntilTimeout
                0x08003668       0xde ./Drivers/STM32F0xx_HAL_Driver/Src/stm32f0xx_hal_uart.o
                0x08003668                UART_WaitOnFlagUntilTimeout
 *fill*         0x08003746        0x2 
 .text.UART_EndRxTransfer
                0x08003748       0xc8 ./Drivers/STM32F0xx_HAL_Driver/Src/stm32f0xx_hal_uart.o
 .text.UART_DMAAbortOnError
                0x08003810       0x2e ./Drivers/STM32F0xx_HAL_Driver/Src/stm32f0xx_hal_uart.o
 .text.UART_EndTransmit_IT
                0x0800383e       0x56 ./Drivers/STM32F0xx_HAL_Driver/Src/stm32f0xx_hal_uart.o
 .text.HAL_UARTEx_WakeupCallback
                0x08003894       0x10 ./Drivers/STM32F0xx_HAL_Driver/Src/stm32f0xx_hal_uart_ex.o
                0x08003894                HAL_UARTEx_WakeupCallback
 .text.std      0x080038a4       0x6c C:/ST/STM32CubeIDE_1.16.1/STM32CubeIDE/plugins/com.st.stm32cube.ide.mcu.externaltools.gnu-tools-for-stm32.12.3.rel1.win32_1.0.200.202406191623/tools/bin/../lib/gcc/arm-none-eabi/12.3.1/../../../../arm-none-eabi/lib/thumb/v6-m/nofp\libc_nano.a(libc_a-findfp.o)
 .text.stdio_exit_handler
                0x08003910       0x1c C:/ST/STM32CubeIDE_1.16.1/STM32CubeIDE/plugins/com.st.stm32cube.ide.mcu.externaltools.gnu-tools-for-stm32.12.3.rel1.win32_1.0.200.202406191623/tools/bin/../lib/gcc/arm-none-eabi/12.3.1/../../../../arm-none-eabi/lib/thumb/v6-m/nofp\libc_nano.a(libc_a-findfp.o)
 .text.cleanup_stdio
                0x0800392c       0x3c C:/ST/STM32CubeIDE_1.16.1/STM32CubeIDE/plugins/com.st.stm32cube.ide.mcu.externaltools.gnu-tools-for-stm32.12.3.rel1.win32_1.0.200.202406191623/tools/bin/../lib/gcc/arm-none-eabi/12.3.1/../../../../arm-none-eabi/lib/thumb/v6-m/nofp\libc_nano.a(libc_a-findfp.o)
 .text.global_stdio_init.part.0
                0x08003968       0x3c C:/ST/STM32CubeIDE_1.16.1/STM32CubeIDE/plugins/com.st.stm32cube.ide.mcu.externaltools.gnu-tools-for-stm32.12.3.rel1.win32_1.0.200.202406191623/tools/bin/../lib/gcc/arm-none-eabi/12.3.1/../../../../arm-none-eabi/lib/thumb/v6-m/nofp\libc_nano.a(libc_a-findfp.o)
 .text.__sfp_lock_acquire
                0x080039a4       0x10 C:/ST/STM32CubeIDE_1.16.1/STM32CubeIDE/plugins/com.st.stm32cube.ide.mcu.externaltools.gnu-tools-for-stm32.12.3.rel1.win32_1.0.200.202406191623/tools/bin/../lib/gcc/arm-none-eabi/12.3.1/../../../../arm-none-eabi/lib/thumb/v6-m/nofp\libc_nano.a(libc_a-findfp.o)
                0x080039a4                __sfp_lock_acquire
 .text.__sfp_lock_release
                0x080039b4       0x10 C:/ST/STM32CubeIDE_1.16.1/STM32CubeIDE/plugins/com.st.stm32cube.ide.mcu.externaltools.gnu-tools-for-stm32.12.3.rel1.win32_1.0.200.202406191623/tools/bin/../lib/gcc/arm-none-eabi/12.3.1/../../../../arm-none-eabi/lib/thumb/v6-m/nofp\libc_nano.a(libc_a-findfp.o)
                0x080039b4                __sfp_lock_release
 .text.__sinit  0x080039c4       0x30 C:/ST/STM32CubeIDE_1.16.1/STM32CubeIDE/plugins/com.st.stm32cube.ide.mcu.externaltools.gnu-tools-for-stm32.12.3.rel1.win32_1.0.200.202406191623/tools/bin/../lib/gcc/arm-none-eabi/12.3.1/../../../../arm-none-eabi/lib/thumb/v6-m/nofp\libc_nano.a(libc_a-findfp.o)
                0x080039c4                __sinit
 .text._fwalk_sglue
                0x080039f4       0x38 C:/ST/STM32CubeIDE_1.16.1/STM32CubeIDE/plugins/com.st.stm32cube.ide.mcu.externaltools.gnu-tools-for-stm32.12.3.rel1.win32_1.0.200.202406191623/tools/bin/../lib/gcc/arm-none-eabi/12.3.1/../../../../arm-none-eabi/lib/thumb/v6-m/nofp\libc_nano.a(libc_a-fwalk.o)
                0x080039f4                _fwalk_sglue
 .text.printf   0x08003a2c       0x20 C:/ST/STM32CubeIDE_1.16.1/STM32CubeIDE/plugins/com.st.stm32cube.ide.mcu.externaltools.gnu-tools-for-stm32.12.3.rel1.win32_1.0.200.202406191623/tools/bin/../lib/gcc/arm-none-eabi/12.3.1/../../../../arm-none-eabi/lib/thumb/v6-m/nofp\libc_nano.a(libc_a-printf.o)
                0x08003a2c                iprintf
                0x08003a2c                printf
 .text._puts_r  0x08003a4c       0xac C:/ST/STM32CubeIDE_1.16.1/STM32CubeIDE/plugins/com.st.stm32cube.ide.mcu.externaltools.gnu-tools-for-stm32.12.3.rel1.win32_1.0.200.202406191623/tools/bin/../lib/gcc/arm-none-eabi/12.3.1/../../../../arm-none-eabi/lib/thumb/v6-m/nofp\libc_nano.a(libc_a-puts.o)
                0x08003a4c                _puts_r
 .text.puts     0x08003af8       0x14 C:/ST/STM32CubeIDE_1.16.1/STM32CubeIDE/plugins/com.st.stm32cube.ide.mcu.externaltools.gnu-tools-for-stm32.12.3.rel1.win32_1.0.200.202406191623/tools/bin/../lib/gcc/arm-none-eabi/12.3.1/../../../../arm-none-eabi/lib/thumb/v6-m/nofp\libc_nano.a(libc_a-puts.o)
                0x08003af8                puts
 .text.snprintf
                0x08003b0c       0x68 C:/ST/STM32CubeIDE_1.16.1/STM32CubeIDE/plugins/com.st.stm32cube.ide.mcu.externaltools.gnu-tools-for-stm32.12.3.rel1.win32_1.0.200.202406191623/tools/bin/../lib/gcc/arm-none-eabi/12.3.1/../../../../arm-none-eabi/lib/thumb/v6-m/nofp\libc_nano.a(libc_a-snprintf.o)
                0x08003b0c                sniprintf
                0x08003b0c                snprintf
 .text.__sread  0x08003b74       0x28 C:/ST/STM32CubeIDE_1.16.1/STM32CubeIDE/plugins/com.st.stm32cube.ide.mcu.externaltools.gnu-tools-for-stm32.12.3.rel1.win32_1.0.200.202406191623/tools/bin/../lib/gcc/arm-none-eabi/12.3.1/../../../../arm-none-eabi/lib/thumb/v6-m/nofp\libc_nano.a(libc_a-stdio.o)
                0x08003b74                __sread
 .text.__swrite
                0x08003b9c       0x38 C:/ST/STM32CubeIDE_1.16.1/STM32CubeIDE/plugins/com.st.stm32cube.ide.mcu.externaltools.gnu-tools-for-stm32.12.3.rel1.win32_1.0.200.202406191623/tools/bin/../lib/gcc/arm-none-eabi/12.3.1/../../../../arm-none-eabi/lib/thumb/v6-m/nofp\libc_nano.a(libc_a-stdio.o)
                0x08003b9c                __swrite
 .text.__sseek  0x08003bd4       0x2c C:/ST/STM32CubeIDE_1.16.1/STM32CubeIDE/plugins/com.st.stm32cube.ide.mcu.externaltools.gnu-tools-for-stm32.12.3.rel1.win32_1.0.200.202406191623/tools/bin/../lib/gcc/arm-none-eabi/12.3.1/../../../../arm-none-eabi/lib/thumb/v6-m/nofp\libc_nano.a(libc_a-stdio.o)
                0x08003bd4                __sseek
 .text.__sclose
                0x08003c00        0xc C:/ST/STM32CubeIDE_1.16.1/STM32CubeIDE/plugins/com.st.stm32cube.ide.mcu.externaltools.gnu-tools-for-stm32.12.3.rel1.win32_1.0.200.202406191623/tools/bin/../lib/gcc/arm-none-eabi/12.3.1/../../../../arm-none-eabi/lib/thumb/v6-m/nofp\libc_nano.a(libc_a-stdio.o)
                0x08003c00                __sclose
 .text.vprintf  0x08003c0c       0x18 C:/ST/STM32CubeIDE_1.16.1/STM32CubeIDE/plugins/com.st.stm32cube.ide.mcu.externaltools.gnu-tools-for-stm32.12.3.rel1.win32_1.0.200.202406191623/tools/bin/../lib/gcc/arm-none-eabi/12.3.1/../../../../arm-none-eabi/lib/thumb/v6-m/nofp\libc_nano.a(libc_a-vprintf.o)
                0x08003c0c                viprintf
                0x08003c0c                vprintf
 .text.__swbuf_r
                0x08003c24       0x84 C:/ST/STM32CubeIDE_1.16.1/STM32CubeIDE/plugins/com.st.stm32cube.ide.mcu.externaltools.gnu-tools-for-stm32.12.3.rel1.win32_1.0.200.202406191623/tools/bin/../lib/gcc/arm-none-eabi/12.3.1/../../../../arm-none-eabi/lib/thumb/v6-m/nofp\libc_nano.a(libc_a-wbuf.o)
                0x08003c24                __swbuf_r
 .text.__swsetup_r
                0x08003ca8       0xbc C:/ST/STM32CubeIDE_1.16.1/STM32CubeIDE/plugins/com.st.stm32cube.ide.mcu.externaltools.gnu-tools-for-stm32.12.3.rel1.win32_1.0.200.202406191623/tools/bin/../lib/gcc/arm-none-eabi/12.3.1/../../../../arm-none-eabi/lib/thumb/v6-m/nofp\libc_nano.a(libc_a-wsetup.o)
                0x08003ca8                __swsetup_r
 .text.memset   0x08003d64       0x10 C:/ST/STM32CubeIDE_1.16.1/STM32CubeIDE/plugins/com.st.stm32cube.ide.mcu.externaltools.gnu-tools-for-stm32.12.3.rel1.win32_1.0.200.202406191623/tools/bin/../lib/gcc/arm-none-eabi/12.3.1/../../../../arm-none-eabi/lib/thumb/v6-m/nofp\libc_nano.a(libc_a-memset.o)
                0x08003d64                memset
 .text._close_r
                0x08003d74       0x24 C:/ST/STM32CubeIDE_1.16.1/STM32CubeIDE/plugins/com.st.stm32cube.ide.mcu.externaltools.gnu-tools-for-stm32.12.3.rel1.win32_1.0.200.202406191623/tools/bin/../lib/gcc/arm-none-eabi/12.3.1/../../../../arm-none-eabi/lib/thumb/v6-m/nofp\libc_nano.a(libc_a-closer.o)
                0x08003d74                _close_r
 .text._lseek_r
                0x08003d98       0x28 C:/ST/STM32CubeIDE_1.16.1/STM32CubeIDE/plugins/com.st.stm32cube.ide.mcu.externaltools.gnu-tools-for-stm32.12.3.rel1.win32_1.0.200.202406191623/tools/bin/../lib/gcc/arm-none-eabi/12.3.1/../../../../arm-none-eabi/lib/thumb/v6-m/nofp\libc_nano.a(libc_a-lseekr.o)
                0x08003d98                _lseek_r
 .text._read_r  0x08003dc0       0x28 C:/ST/STM32CubeIDE_1.16.1/STM32CubeIDE/plugins/com.st.stm32cube.ide.mcu.externaltools.gnu-tools-for-stm32.12.3.rel1.win32_1.0.200.202406191623/tools/bin/../lib/gcc/arm-none-eabi/12.3.1/../../../../arm-none-eabi/lib/thumb/v6-m/nofp\libc_nano.a(libc_a-readr.o)
                0x08003dc0                _read_r
 .text._write_r
                0x08003de8       0x28 C:/ST/STM32CubeIDE_1.16.1/STM32CubeIDE/plugins/com.st.stm32cube.ide.mcu.externaltools.gnu-tools-for-stm32.12.3.rel1.win32_1.0.200.202406191623/tools/bin/../lib/gcc/arm-none-eabi/12.3.1/../../../../arm-none-eabi/lib/thumb/v6-m/nofp\libc_nano.a(libc_a-writer.o)
                0x08003de8                _write_r
 .text.__errno  0x08003e10        0xc C:/ST/STM32CubeIDE_1.16.1/STM32CubeIDE/plugins/com.st.stm32cube.ide.mcu.externaltools.gnu-tools-for-stm32.12.3.rel1.win32_1.0.200.202406191623/tools/bin/../lib/gcc/arm-none-eabi/12.3.1/../../../../arm-none-eabi/lib/thumb/v6-m/nofp\libc_nano.a(libc_a-errno.o)
                0x08003e10                __errno
 .text.__libc_init_array
                0x08003e1c       0x48 C:/ST/STM32CubeIDE_1.16.1/STM32CubeIDE/plugins/com.st.stm32cube.ide.mcu.externaltools.gnu-tools-for-stm32.12.3.rel1.win32_1.0.200.202406191623/tools/bin/../lib/gcc/arm-none-eabi/12.3.1/../../../../arm-none-eabi/lib/thumb/v6-m/nofp\libc_nano.a(libc_a-init.o)
                0x08003e1c                __libc_init_array
 .text.__retarget_lock_init_recursive
                0x08003e64        0x2 C:/ST/STM32CubeIDE_1.16.1/STM32CubeIDE/plugins/com.st.stm32cube.ide.mcu.externaltools.gnu-tools-for-stm32.12.3.rel1.win32_1.0.200.202406191623/tools/bin/../lib/gcc/arm-none-eabi/12.3.1/../../../../arm-none-eabi/lib/thumb/v6-m/nofp\libc_nano.a(libc_a-lock.o)
                0x08003e64                __retarget_lock_init_recursive
 .text.__retarget_lock_acquire_recursive
                0x08003e66        0x2 C:/ST/STM32CubeIDE_1.16.1/STM32CubeIDE/plugins/com.st.stm32cube.ide.mcu.externaltools.gnu-tools-for-stm32.12.3.rel1.win32_1.0.200.202406191623/tools/bin/../lib/gcc/arm-none-eabi/12.3.1/../../../../arm-none-eabi/lib/thumb/v6-m/nofp\libc_nano.a(libc_a-lock.o)
                0x08003e66                __retarget_lock_acquire_recursive
 .text.__retarget_lock_release_recursive
                0x08003e68        0x2 C:/ST/STM32CubeIDE_1.16.1/STM32CubeIDE/plugins/com.st.stm32cube.ide.mcu.externaltools.gnu-tools-for-stm32.12.3.rel1.win32_1.0.200.202406191623/tools/bin/../lib/gcc/arm-none-eabi/12.3.1/../../../../arm-none-eabi/lib/thumb/v6-m/nofp\libc_nano.a(libc_a-lock.o)
                0x08003e68                __retarget_lock_release_recursive
 *fill*         0x08003e6a        0x2 
 .text._free_r  0x08003e6c       0x94 C:/ST/STM32CubeIDE_1.16.1/STM32CubeIDE/plugins/com.st.stm32cube.ide.mcu.externaltools.gnu-tools-for-stm32.12.3.rel1.win32_1.0.200.202406191623/tools/bin/../lib/gcc/arm-none-eabi/12.3.1/../../../../arm-none-eabi/lib/thumb/v6-m/nofp\libc_nano.a(libc_a-freer.o)
                0x08003e6c                _free_r
 .text.sbrk_aligned
                0x08003f00       0x44 C:/ST/STM32CubeIDE_1.16.1/STM32CubeIDE/plugins/com.st.stm32cube.ide.mcu.externaltools.gnu-tools-for-stm32.12.3.rel1.win32_1.0.200.202406191623/tools/bin/../lib/gcc/arm-none-eabi/12.3.1/../../../../arm-none-eabi/lib/thumb/v6-m/nofp\libc_nano.a(libc_a-mallocr.o)
 .text._malloc_r
                0x08003f44      0x100 C:/ST/STM32CubeIDE_1.16.1/STM32CubeIDE/plugins/com.st.stm32cube.ide.mcu.externaltools.gnu-tools-for-stm32.12.3.rel1.win32_1.0.200.202406191623/tools/bin/../lib/gcc/arm-none-eabi/12.3.1/../../../../arm-none-eabi/lib/thumb/v6-m/nofp\libc_nano.a(libc_a-mallocr.o)
                0x08003f44                _malloc_r
 .text.__malloc_lock
                0x08004044       0x10 C:/ST/STM32CubeIDE_1.16.1/STM32CubeIDE/plugins/com.st.stm32cube.ide.mcu.externaltools.gnu-tools-for-stm32.12.3.rel1.win32_1.0.200.202406191623/tools/bin/../lib/gcc/arm-none-eabi/12.3.1/../../../../arm-none-eabi/lib/thumb/v6-m/nofp\libc_nano.a(libc_a-mlock.o)
                0x08004044                __malloc_lock
 .text.__malloc_unlock
                0x08004054       0x10 C:/ST/STM32CubeIDE_1.16.1/STM32CubeIDE/plugins/com.st.stm32cube.ide.mcu.externaltools.gnu-tools-for-stm32.12.3.rel1.win32_1.0.200.202406191623/tools/bin/../lib/gcc/arm-none-eabi/12.3.1/../../../../arm-none-eabi/lib/thumb/v6-m/nofp\libc_nano.a(libc_a-mlock.o)
                0x08004054                __malloc_unlock
 .text.__ssputs_r
                0x08004064       0xc0 C:/ST/STM32CubeIDE_1.16.1/STM32CubeIDE/plugins/com.st.stm32cube.ide.mcu.externaltools.gnu-tools-for-stm32.12.3.rel1.win32_1.0.200.202406191623/tools/bin/../lib/gcc/arm-none-eabi/12.3.1/../../../../arm-none-eabi/lib/thumb/v6-m/nofp\libc_nano.a(libc_a-nano-svfprintf.o)
                0x08004064                __ssputs_r
 .text._svfprintf_r
                0x08004124      0x1fc C:/ST/STM32CubeIDE_1.16.1/STM32CubeIDE/plugins/com.st.stm32cube.ide.mcu.externaltools.gnu-tools-for-stm32.12.3.rel1.win32_1.0.200.202406191623/tools/bin/../lib/gcc/arm-none-eabi/12.3.1/../../../../arm-none-eabi/lib/thumb/v6-m/nofp\libc_nano.a(libc_a-nano-svfprintf.o)
                0x08004124                _svfiprintf_r
                0x08004124                _svfprintf_r
 .text.__sfputc_r
                0x08004320       0x2a C:/ST/STM32CubeIDE_1.16.1/STM32CubeIDE/plugins/com.st.stm32cube.ide.mcu.externaltools.gnu-tools-for-stm32.12.3.rel1.win32_1.0.200.202406191623/tools/bin/../lib/gcc/arm-none-eabi/12.3.1/../../../../arm-none-eabi/lib/thumb/v6-m/nofp\libc_nano.a(libc_a-nano-vfprintf.o)
 .text.__sfputs_r
                0x0800434a       0x24 C:/ST/STM32CubeIDE_1.16.1/STM32CubeIDE/plugins/com.st.stm32cube.ide.mcu.externaltools.gnu-tools-for-stm32.12.3.rel1.win32_1.0.200.202406191623/tools/bin/../lib/gcc/arm-none-eabi/12.3.1/../../../../arm-none-eabi/lib/thumb/v6-m/nofp\libc_nano.a(libc_a-nano-vfprintf.o)
                0x0800434a                __sfputs_r
 *fill*         0x0800436e        0x2 
 .text._vfprintf_r
                0x08004370      0x238 C:/ST/STM32CubeIDE_1.16.1/STM32CubeIDE/plugins/com.st.stm32cube.ide.mcu.externaltools.gnu-tools-for-stm32.12.3.rel1.win32_1.0.200.202406191623/tools/bin/../lib/gcc/arm-none-eabi/12.3.1/../../../../arm-none-eabi/lib/thumb/v6-m/nofp\libc_nano.a(libc_a-nano-vfprintf.o)
                0x08004370                _vfprintf_r
                0x08004370                _vfiprintf_r
 .text._printf_common
                0x080045a8       0xde C:/ST/STM32CubeIDE_1.16.1/STM32CubeIDE/plugins/com.st.stm32cube.ide.mcu.externaltools.gnu-tools-for-stm32.12.3.rel1.win32_1.0.200.202406191623/tools/bin/../lib/gcc/arm-none-eabi/12.3.1/../../../../arm-none-eabi/lib/thumb/v6-m/nofp\libc_nano.a(libc_a-nano-vfprintf_i.o)
                0x080045a8                _printf_common
 *fill*         0x08004686        0x2 
 .text._printf_i
                0x08004688      0x21c C:/ST/STM32CubeIDE_1.16.1/STM32CubeIDE/plugins/com.st.stm32cube.ide.mcu.externaltools.gnu-tools-for-stm32.12.3.rel1.win32_1.0.200.202406191623/tools/bin/../lib/gcc/arm-none-eabi/12.3.1/../../../../arm-none-eabi/lib/thumb/v6-m/nofp\libc_nano.a(libc_a-nano-vfprintf_i.o)
                0x08004688                _printf_i
 .text.__sflush_r
                0x080048a4      0x10c C:/ST/STM32CubeIDE_1.16.1/STM32CubeIDE/plugins/com.st.stm32cube.ide.mcu.externaltools.gnu-tools-for-stm32.12.3.rel1.win32_1.0.200.202406191623/tools/bin/../lib/gcc/arm-none-eabi/12.3.1/../../../../arm-none-eabi/lib/thumb/v6-m/nofp\libc_nano.a(libc_a-fflush.o)
                0x080048a4                __sflush_r
 .text._fflush_r
                0x080049b0       0x56 C:/ST/STM32CubeIDE_1.16.1/STM32CubeIDE/plugins/com.st.stm32cube.ide.mcu.externaltools.gnu-tools-for-stm32.12.3.rel1.win32_1.0.200.202406191623/tools/bin/../lib/gcc/arm-none-eabi/12.3.1/../../../../arm-none-eabi/lib/thumb/v6-m/nofp\libc_nano.a(libc_a-fflush.o)
                0x080049b0                _fflush_r
 *fill*         0x08004a06        0x2 
 .text.__swhatbuf_r
                0x08004a08       0x54 C:/ST/STM32CubeIDE_1.16.1/STM32CubeIDE/plugins/com.st.stm32cube.ide.mcu.externaltools.gnu-tools-for-stm32.12.3.rel1.win32_1.0.200.202406191623/tools/bin/../lib/gcc/arm-none-eabi/12.3.1/../../../../arm-none-eabi/lib/thumb/v6-m/nofp\libc_nano.a(libc_a-makebuf.o)
                0x08004a08                __swhatbuf_r
 .text.__smakebuf_r
                0x08004a5c       0x82 C:/ST/STM32CubeIDE_1.16.1/STM32CubeIDE/plugins/com.st.stm32cube.ide.mcu.externaltools.gnu-tools-for-stm32.12.3.rel1.win32_1.0.200.202406191623/tools/bin/../lib/gcc/arm-none-eabi/12.3.1/../../../../arm-none-eabi/lib/thumb/v6-m/nofp\libc_nano.a(libc_a-makebuf.o)
                0x08004a5c                __smakebuf_r
 .text.memmove  0x08004ade       0x26 C:/ST/STM32CubeIDE_1.16.1/STM32CubeIDE/plugins/com.st.stm32cube.ide.mcu.externaltools.gnu-tools-for-stm32.12.3.rel1.win32_1.0.200.202406191623/tools/bin/../lib/gcc/arm-none-eabi/12.3.1/../../../../arm-none-eabi/lib/thumb/v6-m/nofp\libc_nano.a(libc_a-memmove.o)
                0x08004ade                memmove
 .text._fstat_r
                0x08004b04       0x24 C:/ST/STM32CubeIDE_1.16.1/STM32CubeIDE/plugins/com.st.stm32cube.ide.mcu.externaltools.gnu-tools-for-stm32.12.3.rel1.win32_1.0.200.202406191623/tools/bin/../lib/gcc/arm-none-eabi/12.3.1/../../../../arm-none-eabi/lib/thumb/v6-m/nofp\libc_nano.a(libc_a-fstatr.o)
                0x08004b04                _fstat_r
 .text._isatty_r
                0x08004b28       0x24 C:/ST/STM32CubeIDE_1.16.1/STM32CubeIDE/plugins/com.st.stm32cube.ide.mcu.externaltools.gnu-tools-for-stm32.12.3.rel1.win32_1.0.200.202406191623/tools/bin/../lib/gcc/arm-none-eabi/12.3.1/../../../../arm-none-eabi/lib/thumb/v6-m/nofp\libc_nano.a(libc_a-isattyr.o)
                0x08004b28                _isatty_r
 .text._sbrk_r  0x08004b4c       0x24 C:/ST/STM32CubeIDE_1.16.1/STM32CubeIDE/plugins/com.st.stm32cube.ide.mcu.externaltools.gnu-tools-for-stm32.12.3.rel1.win32_1.0.200.202406191623/tools/bin/../lib/gcc/arm-none-eabi/12.3.1/../../../../arm-none-eabi/lib/thumb/v6-m/nofp\libc_nano.a(libc_a-sbrkr.o)
                0x08004b4c                _sbrk_r
 .text.memchr   0x08004b70       0x16 C:/ST/STM32CubeIDE_1.16.1/STM32CubeIDE/plugins/com.st.stm32cube.ide.mcu.externaltools.gnu-tools-for-stm32.12.3.rel1.win32_1.0.200.202406191623/tools/bin/../lib/gcc/arm-none-eabi/12.3.1/../../../../arm-none-eabi/lib/thumb/v6-m/nofp\libc_nano.a(libc_a-memchr-stub.o)
                0x08004b70                memchr
 .text.memcpy   0x08004b86       0x12 C:/ST/STM32CubeIDE_1.16.1/STM32CubeIDE/plugins/com.st.stm32cube.ide.mcu.externaltools.gnu-tools-for-stm32.12.3.rel1.win32_1.0.200.202406191623/tools/bin/../lib/gcc/arm-none-eabi/12.3.1/../../../../arm-none-eabi/lib/thumb/v6-m/nofp\libc_nano.a(libc_a-memcpy-stub.o)
                0x08004b86                memcpy
 .text._realloc_r
                0x08004b98       0x5e C:/ST/STM32CubeIDE_1.16.1/STM32CubeIDE/plugins/com.st.stm32cube.ide.mcu.externaltools.gnu-tools-for-stm32.12.3.rel1.win32_1.0.200.202406191623/tools/bin/../lib/gcc/arm-none-eabi/12.3.1/../../../../arm-none-eabi/lib/thumb/v6-m/nofp\libc_nano.a(libc_a-reallocr.o)
                0x08004b98                _realloc_r
 .text._malloc_usable_size_r
                0x08004bf6       0x10 C:/ST/STM32CubeIDE_1.16.1/STM32CubeIDE/plugins/com.st.stm32cube.ide.mcu.externaltools.gnu-tools-for-stm32.12.3.rel1.win32_1.0.200.202406191623/tools/bin/../lib/gcc/arm-none-eabi/12.3.1/../../../../arm-none-eabi/lib/thumb/v6-m/nofp\libc_nano.a(libc_a-msizer.o)
                0x08004bf6                _malloc_usable_size_r
 *(.glue_7)
 .glue_7        0x08004c06        0x0 linker stubs
 *(.glue_7t)
 .glue_7t       0x08004c06        0x0 linker stubs
 *(.eh_frame)
 *fill*         0x08004c06        0x2 
 .eh_frame      0x08004c08        0x0 C:/ST/STM32CubeIDE_1.16.1/STM32CubeIDE/plugins/com.st.stm32cube.ide.mcu.externaltools.gnu-tools-for-stm32.12.3.rel1.win32_1.0.200.202406191623/tools/bin/../lib/gcc/arm-none-eabi/12.3.1/thumb/v6-m/nofp/crtbegin.o
 *(.init)
 .init          0x08004c08        0x4 C:/ST/STM32CubeIDE_1.16.1/STM32CubeIDE/plugins/com.st.stm32cube.ide.mcu.externaltools.gnu-tools-for-stm32.12.3.rel1.win32_1.0.200.202406191623/tools/bin/../lib/gcc/arm-none-eabi/12.3.1/thumb/v6-m/nofp/crti.o
                0x08004c08                _init
 .init          0x08004c0c        0x8 C:/ST/STM32CubeIDE_1.16.1/STM32CubeIDE/plugins/com.st.stm32cube.ide.mcu.externaltools.gnu-tools-for-stm32.12.3.rel1.win32_1.0.200.202406191623/tools/bin/../lib/gcc/arm-none-eabi/12.3.1/thumb/v6-m/nofp/crtn.o
 *(.fini)
 .fini          0x08004c14        0x4 C:/ST/STM32CubeIDE_1.16.1/STM32CubeIDE/plugins/com.st.stm32cube.ide.mcu.externaltools.gnu-tools-for-stm32.12.3.rel1.win32_1.0.200.202406191623/tools/bin/../lib/gcc/arm-none-eabi/12.3.1/thumb/v6-m/nofp/crti.o
                0x08004c14                _fini
 .fini          0x08004c18        0x8 C:/ST/STM32CubeIDE_1.16.1/STM32CubeIDE/plugins/com.st.stm32cube.ide.mcu.externaltools.gnu-tools-for-stm32.12.3.rel1.win32_1.0.200.202406191623/tools/bin/../lib/gcc/arm-none-eabi/12.3.1/thumb/v6-m/nofp/crtn.o
                0x08004c20                        . = ALIGN (0x4)
                0x08004c20                        _etext = .

.vfp11_veneer   0x08004c20        0x0
 .vfp11_veneer  0x08004c20        0x0 linker stubs

.v4_bx          0x08004c20        0x0
 .v4_bx         0x08004c20        0x0 linker stubs

.iplt           0x08004c20        0x0
 .iplt          0x08004c20        0x0 C:/ST/STM32CubeIDE_1.16.1/STM32CubeIDE/plugins/com.st.stm32cube.ide.mcu.externaltools.gnu-tools-for-stm32.12.3.rel1.win32_1.0.200.202406191623/tools/bin/../lib/gcc/arm-none-eabi/12.3.1/thumb/v6-m/nofp/crtbegin.o

.rodata         0x08004c20      0x214
                0x08004c20                        . = ALIGN (0x4)
 *(.rodata)
 .rodata        0x08004c20       0x89 ./Core/Inc/bsp/buttons.o
 *fill*         0x08004ca9        0x3 
 .rodata        0x08004cac       0x66 ./Core/Inc/logger/logger.o
 *fill*         0x08004d12        0x2 
 .rodata        0x08004d14       0x67 ./Core/Src/main.o
 *fill*         0x08004d7b        0x1 
 .rodata        0x08004d7c       0x4a ./Core/Src/stm32f0xx_it.o
 *(.rodata*)
 *fill*         0x08004dc6        0x2 
 .rodata.AHBPrescTable
                0x08004dc8       0x10 ./Core/Src/system_stm32f0xx.o
                0x08004dc8                AHBPrescTable
 .rodata.APBPrescTable
                0x08004dd8        0x8 ./Core/Src/system_stm32f0xx.o
                0x08004dd8                APBPrescTable
 .rodata.aPLLMULFactorTable.1
                0x08004de0       0x10 ./Drivers/STM32F0xx_HAL_Driver/Src/stm32f0xx_hal_rcc.o
 .rodata.aPredivFactorTable.0
                0x08004df0       0x10 ./Drivers/STM32F0xx_HAL_Driver/Src/stm32f0xx_hal_rcc.o
 .rodata._svfprintf_r.str1.1
                0x08004e00       0x11 C:/ST/STM32CubeIDE_1.16.1/STM32CubeIDE/plugins/com.st.stm32cube.ide.mcu.externaltools.gnu-tools-for-stm32.12.3.rel1.win32_1.0.200.202406191623/tools/bin/../lib/gcc/arm-none-eabi/12.3.1/../../../../arm-none-eabi/lib/thumb/v6-m/nofp\libc_nano.a(libc_a-nano-svfprintf.o)
 .rodata._vfprintf_r.str1.1
                0x08004e11       0x11 C:/ST/STM32CubeIDE_1.16.1/STM32CubeIDE/plugins/com.st.stm32cube.ide.mcu.externaltools.gnu-tools-for-stm32.12.3.rel1.win32_1.0.200.202406191623/tools/bin/../lib/gcc/arm-none-eabi/12.3.1/../../../../arm-none-eabi/lib/thumb/v6-m/nofp\libc_nano.a(libc_a-nano-vfprintf.o)
 .rodata._printf_i.str1.1
                0x08004e11       0x22 C:/ST/STM32CubeIDE_1.16.1/STM32CubeIDE/plugins/com.st.stm32cube.ide.mcu.externaltools.gnu-tools-for-stm32.12.3.rel1.win32_1.0.200.202406191623/tools/bin/../lib/gcc/arm-none-eabi/12.3.1/../../../../arm-none-eabi/lib/thumb/v6-m/nofp\libc_nano.a(libc_a-nano-vfprintf_i.o)
                0x08004e34                        . = ALIGN (0x4)
 *fill*         0x08004e33        0x1 

.rel.dyn        0x08004e34        0x0
 .rel.iplt      0x08004e34        0x0 C:/ST/STM32CubeIDE_1.16.1/STM32CubeIDE/plugins/com.st.stm32cube.ide.mcu.externaltools.gnu-tools-for-stm32.12.3.rel1.win32_1.0.200.202406191623/tools/bin/../lib/gcc/arm-none-eabi/12.3.1/thumb/v6-m/nofp/crtbegin.o

.ARM.extab      0x08004e34        0x0
                0x08004e34                        . = ALIGN (0x4)
 *(.ARM.extab* .gnu.linkonce.armextab.*)
                0x08004e34                        . = ALIGN (0x4)

.ARM            0x08004e34        0x0
                0x08004e34                        . = ALIGN (0x4)
                0x08004e34                        __exidx_start = .
 *(.ARM.exidx*)
                0x08004e34                        __exidx_end = .
                0x08004e34                        . = ALIGN (0x4)

.preinit_array  0x08004e34        0x0
                0x08004e34                        . = ALIGN (0x4)
                0x08004e34                        PROVIDE (__preinit_array_start = .)
 *(.preinit_array*)
                0x08004e34                        PROVIDE (__preinit_array_end = .)
                0x08004e34                        . = ALIGN (0x4)

.init_array     0x08004e34        0x4
                0x08004e34                        . = ALIGN (0x4)
                0x08004e34                        PROVIDE (__init_array_start = .)
 *(SORT_BY_NAME(.init_array.*))
 *(.init_array*)
 .init_array    0x08004e34        0x4 C:/ST/STM32CubeIDE_1.16.1/STM32CubeIDE/plugins/com.st.stm32cube.ide.mcu.externaltools.gnu-tools-for-stm32.12.3.rel1.win32_1.0.200.202406191623/tools/bin/../lib/gcc/arm-none-eabi/12.3.1/thumb/v6-m/nofp/crtbegin.o
                0x08004e38                        PROVIDE (__init_array_end = .)
                0x08004e38                        . = ALIGN (0x4)

.fini_array     0x08004e38        0x4
                0x08004e38                        . = ALIGN (0x4)
                [!provide]                        PROVIDE (__fini_array_start = .)
 *(SORT_BY_NAME(.fini_array.*))
 *(.fini_array*)
 .fini_array    0x08004e38        0x4 C:/ST/STM32CubeIDE_1.16.1/STM32CubeIDE/plugins/com.st.stm32cube.ide.mcu.externaltools.gnu-tools-for-stm32.12.3.rel1.win32_1.0.200.202406191623/tools/bin/../lib/gcc/arm-none-eabi/12.3.1/thumb/v6-m/nofp/crtbegin.o
                [!provide]                        PROVIDE (__fini_array_end = .)
                0x08004e3c                        . = ALIGN (0x4)
                0x08004e3c                        _sidata = LOADADDR (.data)

.data           0x20000000       0x78 load address 0x08004e3c
                0x20000000                        . = ALIGN (0x4)
                0x20000000                        _sdata = .
 *(.data)
 *(.data*)
 .data.level_str
                0x20000000       0x10 ./Core/Inc/logger/logger.o
 .data.SystemCoreClock
                0x20000010        0x4 ./Core/Src/system_stm32f0xx.o
                0x20000010                SystemCoreClock
 .data.uwTickPrio
                0x20000014        0x4 ./Drivers/STM32F0xx_HAL_Driver/Src/stm32f0xx_hal.o
                0x20000014                uwTickPrio
 .data.uwTickFreq
                0x20000018        0x1 ./Drivers/STM32F0xx_HAL_Driver/Src/stm32f0xx_hal.o
                0x20000018                uwTickFreq
 *fill*         0x20000019        0x3 
 .data.__sglue  0x2000001c        0xc C:/ST/STM32CubeIDE_1.16.1/STM32CubeIDE/plugins/com.st.stm32cube.ide.mcu.externaltools.gnu-tools-for-stm32.12.3.rel1.win32_1.0.200.202406191623/tools/bin/../lib/gcc/arm-none-eabi/12.3.1/../../../../arm-none-eabi/lib/thumb/v6-m/nofp\libc_nano.a(libc_a-findfp.o)
                0x2000001c                __sglue
 .data._impure_ptr
                0x20000028        0x4 C:/ST/STM32CubeIDE_1.16.1/STM32CubeIDE/plugins/com.st.stm32cube.ide.mcu.externaltools.gnu-tools-for-stm32.12.3.rel1.win32_1.0.200.202406191623/tools/bin/../lib/gcc/arm-none-eabi/12.3.1/../../../../arm-none-eabi/lib/thumb/v6-m/nofp\libc_nano.a(libc_a-impure.o)
                0x20000028                _impure_ptr
 .data._impure_data
                0x2000002c       0x4c C:/ST/STM32CubeIDE_1.16.1/STM32CubeIDE/plugins/com.st.stm32cube.ide.mcu.externaltools.gnu-tools-for-stm32.12.3.rel1.win32_1.0.200.202406191623/tools/bin/../lib/gcc/arm-none-eabi/12.3.1/../../../../arm-none-eabi/lib/thumb/v6-m/nofp\libc_nano.a(libc_a-impure.o)
                0x2000002c                _impure_data
 *(.RamFunc)
 *(.RamFunc*)
                0x20000078                        . = ALIGN (0x4)
                0x20000078                        _edata = .

.igot.plt       0x20000078        0x0 load address 0x08004eb4
 .igot.plt      0x20000078        0x0 C:/ST/STM32CubeIDE_1.16.1/STM32CubeIDE/plugins/com.st.stm32cube.ide.mcu.externaltools.gnu-tools-for-stm32.12.3.rel1.win32_1.0.200.202406191623/tools/bin/../lib/gcc/arm-none-eabi/12.3.1/thumb/v6-m/nofp/crtbegin.o
                0x20000078                        . = ALIGN (0x4)

.bss            0x20000078      0x2a0 load address 0x08004eb4
                0x20000078                        _sbss = .
                0x20000078                        __bss_start__ = _sbss
 *(.bss)
 .bss           0x20000078       0x1c C:/ST/STM32CubeIDE_1.16.1/STM32CubeIDE/plugins/com.st.stm32cube.ide.mcu.externaltools.gnu-tools-for-stm32.12.3.rel1.win32_1.0.200.202406191623/tools/bin/../lib/gcc/arm-none-eabi/12.3.1/thumb/v6-m/nofp/crtbegin.o
 *(.bss*)
 .bss.hrtc      0x20000094       0x20 ./Core/Src/rtc.o
                0x20000094                hrtc
 .bss.__sbrk_heap_end
                0x200000b4        0x4 ./Core/Src/sysmem.o
 .bss.huart2    0x200000b8       0x88 ./Core/Src/usart.o
                0x200000b8                huart2
 .bss.huart4    0x20000140       0x88 ./Core/Src/usart.o
                0x20000140                huart4
 .bss.uwTick    0x200001c8        0x4 ./Drivers/STM32F0xx_HAL_Driver/Src/stm32f0xx_hal.o
                0x200001c8                uwTick
 .bss.__sf      0x200001cc      0x138 C:/ST/STM32CubeIDE_1.16.1/STM32CubeIDE/plugins/com.st.stm32cube.ide.mcu.externaltools.gnu-tools-for-stm32.12.3.rel1.win32_1.0.200.202406191623/tools/bin/../lib/gcc/arm-none-eabi/12.3.1/../../../../arm-none-eabi/lib/thumb/v6-m/nofp\libc_nano.a(libc_a-findfp.o)
                0x200001cc                __sf
 .bss.__stdio_exit_handler
                0x20000304        0x4 C:/ST/STM32CubeIDE_1.16.1/STM32CubeIDE/plugins/com.st.stm32cube.ide.mcu.externaltools.gnu-tools-for-stm32.12.3.rel1.win32_1.0.200.202406191623/tools/bin/../lib/gcc/arm-none-eabi/12.3.1/../../../../arm-none-eabi/lib/thumb/v6-m/nofp\libc_nano.a(libc_a-findfp.o)
                0x20000304                __stdio_exit_handler
 .bss.errno     0x20000308        0x4 C:/ST/STM32CubeIDE_1.16.1/STM32CubeIDE/plugins/com.st.stm32cube.ide.mcu.externaltools.gnu-tools-for-stm32.12.3.rel1.win32_1.0.200.202406191623/tools/bin/../lib/gcc/arm-none-eabi/12.3.1/../../../../arm-none-eabi/lib/thumb/v6-m/nofp\libc_nano.a(libc_a-reent.o)
                0x20000308                errno
 .bss.__lock___malloc_recursive_mutex
                0x2000030c        0x1 C:/ST/STM32CubeIDE_1.16.1/STM32CubeIDE/plugins/com.st.stm32cube.ide.mcu.externaltools.gnu-tools-for-stm32.12.3.rel1.win32_1.0.200.202406191623/tools/bin/../lib/gcc/arm-none-eabi/12.3.1/../../../../arm-none-eabi/lib/thumb/v6-m/nofp\libc_nano.a(libc_a-lock.o)
                0x2000030c                __lock___malloc_recursive_mutex
 .bss.__lock___sfp_recursive_mutex
                0x2000030d        0x1 C:/ST/STM32CubeIDE_1.16.1/STM32CubeIDE/plugins/com.st.stm32cube.ide.mcu.externaltools.gnu-tools-for-stm32.12.3.rel1.win32_1.0.200.202406191623/tools/bin/../lib/gcc/arm-none-eabi/12.3.1/../../../../arm-none-eabi/lib/thumb/v6-m/nofp\libc_nano.a(libc_a-lock.o)
                0x2000030d                __lock___sfp_recursive_mutex
 *fill*         0x2000030e        0x2 
 .bss.__malloc_sbrk_start
                0x20000310        0x4 C:/ST/STM32CubeIDE_1.16.1/STM32CubeIDE/plugins/com.st.stm32cube.ide.mcu.externaltools.gnu-tools-for-stm32.12.3.rel1.win32_1.0.200.202406191623/tools/bin/../lib/gcc/arm-none-eabi/12.3.1/../../../../arm-none-eabi/lib/thumb/v6-m/nofp\libc_nano.a(libc_a-mallocr.o)
                0x20000310                __malloc_sbrk_start
 .bss.__malloc_free_list
                0x20000314        0x4 C:/ST/STM32CubeIDE_1.16.1/STM32CubeIDE/plugins/com.st.stm32cube.ide.mcu.externaltools.gnu-tools-for-stm32.12.3.rel1.win32_1.0.200.202406191623/tools/bin/../lib/gcc/arm-none-eabi/12.3.1/../../../../arm-none-eabi/lib/thumb/v6-m/nofp\libc_nano.a(libc_a-mallocr.o)
                0x20000314                __malloc_free_list
 *(COMMON)
                0x20000318                        . = ALIGN (0x4)
                0x20000318                        _ebss = .
                0x20000318                        __bss_end__ = _ebss

._user_heap_stack
                0x20000318      0x600 load address 0x08004eb4
                0x20000318                        . = ALIGN (0x8)
                [!provide]                        PROVIDE (end = .)
                0x20000318                        PROVIDE (_end = .)
                0x20000518                        . = (. + _Min_Heap_Size)
 *fill*         0x20000318      0x200 
                0x20000918                        . = (. + _Min_Stack_Size)
 *fill*         0x20000518      0x400 
                0x20000918                        . = ALIGN (0x8)

/DISCARD/
 libc.a(*)
 libm.a(*)
 libgcc.a(*)

.ARM.attributes
                0x00000000       0x28
 *(.ARM.attributes)
 .ARM.attributes
                0x00000000       0x1e C:/ST/STM32CubeIDE_1.16.1/STM32CubeIDE/plugins/com.st.stm32cube.ide.mcu.externaltools.gnu-tools-for-stm32.12.3.rel1.win32_1.0.200.202406191623/tools/bin/../lib/gcc/arm-none-eabi/12.3.1/thumb/v6-m/nofp/crti.o
 .ARM.attributes
                0x0000001e       0x2c C:/ST/STM32CubeIDE_1.16.1/STM32CubeIDE/plugins/com.st.stm32cube.ide.mcu.externaltools.gnu-tools-for-stm32.12.3.rel1.win32_1.0.200.202406191623/tools/bin/../lib/gcc/arm-none-eabi/12.3.1/thumb/v6-m/nofp/crtbegin.o
 .ARM.attributes
                0x0000004a       0x2c ./Core/Inc/Manager/manager.o
 .ARM.attributes
                0x00000076       0x2c ./Core/Inc/bsp/buttons.o
 .ARM.attributes
                0x000000a2       0x2c ./Core/Inc/bsp/RTC/Time.o
 .ARM.attributes
                0x000000ce       0x2c ./Core/Inc/logger/logger.o
 .ARM.attributes
                0x000000fa       0x2c ./Core/Src/gpio.o
 .ARM.attributes
                0x00000126       0x2c ./Core/Src/main.o
 .ARM.attributes
                0x00000152       0x2c ./Core/Src/rtc.o
 .ARM.attributes
                0x0000017e       0x2c ./Core/Src/stm32f0xx_hal_msp.o
 .ARM.attributes
                0x000001aa       0x2c ./Core/Src/stm32f0xx_it.o
 .ARM.attributes
                0x000001d6       0x2c ./Core/Src/syscalls.o
 .ARM.attributes
                0x00000202       0x2c ./Core/Src/sysmem.o
 .ARM.attributes
                0x0000022e       0x2c ./Core/Src/system_stm32f0xx.o
 .ARM.attributes
                0x0000025a       0x2c ./Core/Src/usart.o
 .ARM.attributes
                0x00000286       0x21 ./Core/Startup/startup_stm32f091rctx.o
 .ARM.attributes
                0x000002a7       0x2c ./Drivers/STM32F0xx_HAL_Driver/Src/stm32f0xx_hal.o
 .ARM.attributes
                0x000002d3       0x2c ./Drivers/STM32F0xx_HAL_Driver/Src/stm32f0xx_hal_cortex.o
 .ARM.attributes
                0x000002ff       0x2c ./Drivers/STM32F0xx_HAL_Driver/Src/stm32f0xx_hal_dma.o
 .ARM.attributes
                0x0000032b       0x2c ./Drivers/STM32F0xx_HAL_Driver/Src/stm32f0xx_hal_gpio.o
 .ARM.attributes
                0x00000357       0x2c ./Drivers/STM32F0xx_HAL_Driver/Src/stm32f0xx_hal_pwr.o
 .ARM.attributes
                0x00000383       0x2c ./Drivers/STM32F0xx_HAL_Driver/Src/stm32f0xx_hal_rcc.o
 .ARM.attributes
                0x000003af       0x2c ./Drivers/STM32F0xx_HAL_Driver/Src/stm32f0xx_hal_rcc_ex.o
 .ARM.attributes
                0x000003db       0x2c ./Drivers/STM32F0xx_HAL_Driver/Src/stm32f0xx_hal_rtc.o
 .ARM.attributes
                0x00000407       0x2c ./Drivers/STM32F0xx_HAL_Driver/Src/stm32f0xx_hal_uart.o
 .ARM.attributes
                0x00000433       0x2c ./Drivers/STM32F0xx_HAL_Driver/Src/stm32f0xx_hal_uart_ex.o
 .ARM.attributes
                0x0000045f       0x2c C:/ST/STM32CubeIDE_1.16.1/STM32CubeIDE/plugins/com.st.stm32cube.ide.mcu.externaltools.gnu-tools-for-stm32.12.3.rel1.win32_1.0.200.202406191623/tools/bin/../lib/gcc/arm-none-eabi/12.3.1/../../../../arm-none-eabi/lib/thumb/v6-m/nofp\libc_nano.a(libc_a-findfp.o)
 .ARM.attributes
                0x0000048b       0x2c C:/ST/STM32CubeIDE_1.16.1/STM32CubeIDE/plugins/com.st.stm32cube.ide.mcu.externaltools.gnu-tools-for-stm32.12.3.rel1.win32_1.0.200.202406191623/tools/bin/../lib/gcc/arm-none-eabi/12.3.1/../../../../arm-none-eabi/lib/thumb/v6-m/nofp\libc_nano.a(libc_a-fwalk.o)
 .ARM.attributes
                0x000004b7       0x2c C:/ST/STM32CubeIDE_1.16.1/STM32CubeIDE/plugins/com.st.stm32cube.ide.mcu.externaltools.gnu-tools-for-stm32.12.3.rel1.win32_1.0.200.202406191623/tools/bin/../lib/gcc/arm-none-eabi/12.3.1/../../../../arm-none-eabi/lib/thumb/v6-m/nofp\libc_nano.a(libc_a-printf.o)
 .ARM.attributes
                0x000004e3       0x2c C:/ST/STM32CubeIDE_1.16.1/STM32CubeIDE/plugins/com.st.stm32cube.ide.mcu.externaltools.gnu-tools-for-stm32.12.3.rel1.win32_1.0.200.202406191623/tools/bin/../lib/gcc/arm-none-eabi/12.3.1/../../../../arm-none-eabi/lib/thumb/v6-m/nofp\libc_nano.a(libc_a-puts.o)
 .ARM.attributes
                0x0000050f       0x2c C:/ST/STM32CubeIDE_1.16.1/STM32CubeIDE/plugins/com.st.stm32cube.ide.mcu.externaltools.gnu-tools-for-stm32.12.3.rel1.win32_1.0.200.202406191623/tools/bin/../lib/gcc/arm-none-eabi/12.3.1/../../../../arm-none-eabi/lib/thumb/v6-m/nofp\libc_nano.a(libc_a-snprintf.o)
 .ARM.attributes
                0x0000053b       0x2c C:/ST/STM32CubeIDE_1.16.1/STM32CubeIDE/plugins/com.st.stm32cube.ide.mcu.externaltools.gnu-tools-for-stm32.12.3.rel1.win32_1.0.200.202406191623/tools/bin/../lib/gcc/arm-none-eabi/12.3.1/../../../../arm-none-eabi/lib/thumb/v6-m/nofp\libc_nano.a(libc_a-stdio.o)
 .ARM.attributes
                0x00000567       0x2c C:/ST/STM32CubeIDE_1.16.1/STM32CubeIDE/plugins/com.st.stm32cube.ide.mcu.externaltools.gnu-tools-for-stm32.12.3.rel1.win32_1.0.200.202406191623/tools/bin/../lib/gcc/arm-none-eabi/12.3.1/../../../../arm-none-eabi/lib/thumb/v6-m/nofp\libc_nano.a(libc_a-vprintf.o)
 .ARM.attributes
                0x00000593       0x2c C:/ST/STM32CubeIDE_1.16.1/STM32CubeIDE/plugins/com.st.stm32cube.ide.mcu.externaltools.gnu-tools-for-stm32.12.3.rel1.win32_1.0.200.202406191623/tools/bin/../lib/gcc/arm-none-eabi/12.3.1/../../../../arm-none-eabi/lib/thumb/v6-m/nofp\libc_nano.a(libc_a-wbuf.o)
 .ARM.attributes
                0x000005bf       0x2c C:/ST/STM32CubeIDE_1.16.1/STM32CubeIDE/plugins/com.st.stm32cube.ide.mcu.externaltools.gnu-tools-for-stm32.12.3.rel1.win32_1.0.200.202406191623/tools/bin/../lib/gcc/arm-none-eabi/12.3.1/../../../../arm-none-eabi/lib/thumb/v6-m/nofp\libc_nano.a(libc_a-wsetup.o)
 .ARM.attributes
                0x000005eb       0x2c C:/ST/STM32CubeIDE_1.16.1/STM32CubeIDE/plugins/com.st.stm32cube.ide.mcu.externaltools.gnu-tools-for-stm32.12.3.rel1.win32_1.0.200.202406191623/tools/bin/../lib/gcc/arm-none-eabi/12.3.1/../../../../arm-none-eabi/lib/thumb/v6-m/nofp\libc_nano.a(libc_a-memset.o)
 .ARM.attributes
                0x00000617       0x2c C:/ST/STM32CubeIDE_1.16.1/STM32CubeIDE/plugins/com.st.stm32cube.ide.mcu.externaltools.gnu-tools-for-stm32.12.3.rel1.win32_1.0.200.202406191623/tools/bin/../lib/gcc/arm-none-eabi/12.3.1/../../../../arm-none-eabi/lib/thumb/v6-m/nofp\libc_nano.a(libc_a-closer.o)
 .ARM.attributes
                0x00000643       0x2c C:/ST/STM32CubeIDE_1.16.1/STM32CubeIDE/plugins/com.st.stm32cube.ide.mcu.externaltools.gnu-tools-for-stm32.12.3.rel1.win32_1.0.200.202406191623/tools/bin/../lib/gcc/arm-none-eabi/12.3.1/../../../../arm-none-eabi/lib/thumb/v6-m/nofp\libc_nano.a(libc_a-reent.o)
 .ARM.attributes
                0x0000066f       0x2c C:/ST/STM32CubeIDE_1.16.1/STM32CubeIDE/plugins/com.st.stm32cube.ide.mcu.externaltools.gnu-tools-for-stm32.12.3.rel1.win32_1.0.200.202406191623/tools/bin/../lib/gcc/arm-none-eabi/12.3.1/../../../../arm-none-eabi/lib/thumb/v6-m/nofp\libc_nano.a(libc_a-impure.o)
 .ARM.attributes
                0x0000069b       0x2c C:/ST/STM32CubeIDE_1.16.1/STM32CubeIDE/plugins/com.st.stm32cube.ide.mcu.externaltools.gnu-tools-for-stm32.12.3.rel1.win32_1.0.200.202406191623/tools/bin/../lib/gcc/arm-none-eabi/12.3.1/../../../../arm-none-eabi/lib/thumb/v6-m/nofp\libc_nano.a(libc_a-lseekr.o)
 .ARM.attributes
                0x000006c7       0x2c C:/ST/STM32CubeIDE_1.16.1/STM32CubeIDE/plugins/com.st.stm32cube.ide.mcu.externaltools.gnu-tools-for-stm32.12.3.rel1.win32_1.0.200.202406191623/tools/bin/../lib/gcc/arm-none-eabi/12.3.1/../../../../arm-none-eabi/lib/thumb/v6-m/nofp\libc_nano.a(libc_a-readr.o)
 .ARM.attributes
                0x000006f3       0x2c C:/ST/STM32CubeIDE_1.16.1/STM32CubeIDE/plugins/com.st.stm32cube.ide.mcu.externaltools.gnu-tools-for-stm32.12.3.rel1.win32_1.0.200.202406191623/tools/bin/../lib/gcc/arm-none-eabi/12.3.1/../../../../arm-none-eabi/lib/thumb/v6-m/nofp\libc_nano.a(libc_a-writer.o)
 .ARM.attributes
                0x0000071f       0x2c C:/ST/STM32CubeIDE_1.16.1/STM32CubeIDE/plugins/com.st.stm32cube.ide.mcu.externaltools.gnu-tools-for-stm32.12.3.rel1.win32_1.0.200.202406191623/tools/bin/../lib/gcc/arm-none-eabi/12.3.1/../../../../arm-none-eabi/lib/thumb/v6-m/nofp\libc_nano.a(libc_a-errno.o)
 .ARM.attributes
                0x0000074b       0x2c C:/ST/STM32CubeIDE_1.16.1/STM32CubeIDE/plugins/com.st.stm32cube.ide.mcu.externaltools.gnu-tools-for-stm32.12.3.rel1.win32_1.0.200.202406191623/tools/bin/../lib/gcc/arm-none-eabi/12.3.1/../../../../arm-none-eabi/lib/thumb/v6-m/nofp\libc_nano.a(libc_a-init.o)
 .ARM.attributes
                0x00000777       0x2c C:/ST/STM32CubeIDE_1.16.1/STM32CubeIDE/plugins/com.st.stm32cube.ide.mcu.externaltools.gnu-tools-for-stm32.12.3.rel1.win32_1.0.200.202406191623/tools/bin/../lib/gcc/arm-none-eabi/12.3.1/../../../../arm-none-eabi/lib/thumb/v6-m/nofp\libc_nano.a(libc_a-lock.o)
 .ARM.attributes
                0x000007a3       0x2c C:/ST/STM32CubeIDE_1.16.1/STM32CubeIDE/plugins/com.st.stm32cube.ide.mcu.externaltools.gnu-tools-for-stm32.12.3.rel1.win32_1.0.200.202406191623/tools/bin/../lib/gcc/arm-none-eabi/12.3.1/../../../../arm-none-eabi/lib/thumb/v6-m/nofp\libc_nano.a(libc_a-freer.o)
 .ARM.attributes
                0x000007cf       0x2c C:/ST/STM32CubeIDE_1.16.1/STM32CubeIDE/plugins/com.st.stm32cube.ide.mcu.externaltools.gnu-tools-for-stm32.12.3.rel1.win32_1.0.200.202406191623/tools/bin/../lib/gcc/arm-none-eabi/12.3.1/../../../../arm-none-eabi/lib/thumb/v6-m/nofp\libc_nano.a(libc_a-mallocr.o)
 .ARM.attributes
                0x000007fb       0x2c C:/ST/STM32CubeIDE_1.16.1/STM32CubeIDE/plugins/com.st.stm32cube.ide.mcu.externaltools.gnu-tools-for-stm32.12.3.rel1.win32_1.0.200.202406191623/tools/bin/../lib/gcc/arm-none-eabi/12.3.1/../../../../arm-none-eabi/lib/thumb/v6-m/nofp\libc_nano.a(libc_a-mlock.o)
 .ARM.attributes
                0x00000827       0x2c C:/ST/STM32CubeIDE_1.16.1/STM32CubeIDE/plugins/com.st.stm32cube.ide.mcu.externaltools.gnu-tools-for-stm32.12.3.rel1.win32_1.0.200.202406191623/tools/bin/../lib/gcc/arm-none-eabi/12.3.1/../../../../arm-none-eabi/lib/thumb/v6-m/nofp\libc_nano.a(libc_a-nano-svfprintf.o)
 .ARM.attributes
                0x00000853       0x2c C:/ST/STM32CubeIDE_1.16.1/STM32CubeIDE/plugins/com.st.stm32cube.ide.mcu.externaltools.gnu-tools-for-stm32.12.3.rel1.win32_1.0.200.202406191623/tools/bin/../lib/gcc/arm-none-eabi/12.3.1/../../../../arm-none-eabi/lib/thumb/v6-m/nofp\libc_nano.a(libc_a-nano-vfprintf.o)
 .ARM.attributes
                0x0000087f       0x2c C:/ST/STM32CubeIDE_1.16.1/STM32CubeIDE/plugins/com.st.stm32cube.ide.mcu.externaltools.gnu-tools-for-stm32.12.3.rel1.win32_1.0.200.202406191623/tools/bin/../lib/gcc/arm-none-eabi/12.3.1/../../../../arm-none-eabi/lib/thumb/v6-m/nofp\libc_nano.a(libc_a-nano-vfprintf_i.o)
 .ARM.attributes
                0x000008ab       0x2c C:/ST/STM32CubeIDE_1.16.1/STM32CubeIDE/plugins/com.st.stm32cube.ide.mcu.externaltools.gnu-tools-for-stm32.12.3.rel1.win32_1.0.200.202406191623/tools/bin/../lib/gcc/arm-none-eabi/12.3.1/../../../../arm-none-eabi/lib/thumb/v6-m/nofp\libc_nano.a(libc_a-fflush.o)
 .ARM.attributes
                0x000008d7       0x2c C:/ST/STM32CubeIDE_1.16.1/STM32CubeIDE/plugins/com.st.stm32cube.ide.mcu.externaltools.gnu-tools-for-stm32.12.3.rel1.win32_1.0.200.202406191623/tools/bin/../lib/gcc/arm-none-eabi/12.3.1/../../../../arm-none-eabi/lib/thumb/v6-m/nofp\libc_nano.a(libc_a-makebuf.o)
 .ARM.attributes
                0x00000903       0x2c C:/ST/STM32CubeIDE_1.16.1/STM32CubeIDE/plugins/com.st.stm32cube.ide.mcu.externaltools.gnu-tools-for-stm32.12.3.rel1.win32_1.0.200.202406191623/tools/bin/../lib/gcc/arm-none-eabi/12.3.1/../../../../arm-none-eabi/lib/thumb/v6-m/nofp\libc_nano.a(libc_a-memmove.o)
 .ARM.attributes
                0x0000092f       0x2c C:/ST/STM32CubeIDE_1.16.1/STM32CubeIDE/plugins/com.st.stm32cube.ide.mcu.externaltools.gnu-tools-for-stm32.12.3.rel1.win32_1.0.200.202406191623/tools/bin/../lib/gcc/arm-none-eabi/12.3.1/../../../../arm-none-eabi/lib/thumb/v6-m/nofp\libc_nano.a(libc_a-fstatr.o)
 .ARM.attributes
                0x0000095b       0x2c C:/ST/STM32CubeIDE_1.16.1/STM32CubeIDE/plugins/com.st.stm32cube.ide.mcu.externaltools.gnu-tools-for-stm32.12.3.rel1.win32_1.0.200.202406191623/tools/bin/../lib/gcc/arm-none-eabi/12.3.1/../../../../arm-none-eabi/lib/thumb/v6-m/nofp\libc_nano.a(libc_a-isattyr.o)
 .ARM.attributes
                0x00000987       0x2c C:/ST/STM32CubeIDE_1.16.1/STM32CubeIDE/plugins/com.st.stm32cube.ide.mcu.externaltools.gnu-tools-for-stm32.12.3.rel1.win32_1.0.200.202406191623/tools/bin/../lib/gcc/arm-none-eabi/12.3.1/../../../../arm-none-eabi/lib/thumb/v6-m/nofp\libc_nano.a(libc_a-sbrkr.o)
 .ARM.attributes
                0x000009b3       0x2c C:/ST/STM32CubeIDE_1.16.1/STM32CubeIDE/plugins/com.st.stm32cube.ide.mcu.externaltools.gnu-tools-for-stm32.12.3.rel1.win32_1.0.200.202406191623/tools/bin/../lib/gcc/arm-none-eabi/12.3.1/../../../../arm-none-eabi/lib/thumb/v6-m/nofp\libc_nano.a(libc_a-memchr-stub.o)
 .ARM.attributes
                0x000009df       0x2c C:/ST/STM32CubeIDE_1.16.1/STM32CubeIDE/plugins/com.st.stm32cube.ide.mcu.externaltools.gnu-tools-for-stm32.12.3.rel1.win32_1.0.200.202406191623/tools/bin/../lib/gcc/arm-none-eabi/12.3.1/../../../../arm-none-eabi/lib/thumb/v6-m/nofp\libc_nano.a(libc_a-memcpy-stub.o)
 .ARM.attributes
                0x00000a0b       0x2c C:/ST/STM32CubeIDE_1.16.1/STM32CubeIDE/plugins/com.st.stm32cube.ide.mcu.externaltools.gnu-tools-for-stm32.12.3.rel1.win32_1.0.200.202406191623/tools/bin/../lib/gcc/arm-none-eabi/12.3.1/../../../../arm-none-eabi/lib/thumb/v6-m/nofp\libc_nano.a(libc_a-reallocr.o)
 .ARM.attributes
                0x00000a37       0x2c C:/ST/STM32CubeIDE_1.16.1/STM32CubeIDE/plugins/com.st.stm32cube.ide.mcu.externaltools.gnu-tools-for-stm32.12.3.rel1.win32_1.0.200.202406191623/tools/bin/../lib/gcc/arm-none-eabi/12.3.1/../../../../arm-none-eabi/lib/thumb/v6-m/nofp\libc_nano.a(libc_a-msizer.o)
 .ARM.attributes
                0x00000a63       0x1e C:/ST/STM32CubeIDE_1.16.1/STM32CubeIDE/plugins/com.st.stm32cube.ide.mcu.externaltools.gnu-tools-for-stm32.12.3.rel1.win32_1.0.200.202406191623/tools/bin/../lib/gcc/arm-none-eabi/12.3.1/thumb/v6-m/nofp\libgcc.a(_thumb1_case_shi.o)
 .ARM.attributes
                0x00000a81       0x1e C:/ST/STM32CubeIDE_1.16.1/STM32CubeIDE/plugins/com.st.stm32cube.ide.mcu.externaltools.gnu-tools-for-stm32.12.3.rel1.win32_1.0.200.202406191623/tools/bin/../lib/gcc/arm-none-eabi/12.3.1/thumb/v6-m/nofp\libgcc.a(_udivsi3.o)
 .ARM.attributes
                0x00000a9f       0x1e C:/ST/STM32CubeIDE_1.16.1/STM32CubeIDE/plugins/com.st.stm32cube.ide.mcu.externaltools.gnu-tools-for-stm32.12.3.rel1.win32_1.0.200.202406191623/tools/bin/../lib/gcc/arm-none-eabi/12.3.1/thumb/v6-m/nofp\libgcc.a(_dvmd_tls.o)
 .ARM.attributes
                0x00000abd       0x1e C:/ST/STM32CubeIDE_1.16.1/STM32CubeIDE/plugins/com.st.stm32cube.ide.mcu.externaltools.gnu-tools-for-stm32.12.3.rel1.win32_1.0.200.202406191623/tools/bin/../lib/gcc/arm-none-eabi/12.3.1/thumb/v6-m/nofp/crtn.o
OUTPUT(TheWatch.elf elf32-littlearm)
LOAD linker stubs
LOAD C:/ST/STM32CubeIDE_1.16.1/STM32CubeIDE/plugins/com.st.stm32cube.ide.mcu.externaltools.gnu-tools-for-stm32.12.3.rel1.win32_1.0.200.202406191623/tools/bin/../lib/gcc/arm-none-eabi/12.3.1/../../../../arm-none-eabi/lib/thumb/v6-m/nofp\libc.a
LOAD C:/ST/STM32CubeIDE_1.16.1/STM32CubeIDE/plugins/com.st.stm32cube.ide.mcu.externaltools.gnu-tools-for-stm32.12.3.rel1.win32_1.0.200.202406191623/tools/bin/../lib/gcc/arm-none-eabi/12.3.1/../../../../arm-none-eabi/lib/thumb/v6-m/nofp\libm.a
LOAD C:/ST/STM32CubeIDE_1.16.1/STM32CubeIDE/plugins/com.st.stm32cube.ide.mcu.externaltools.gnu-tools-for-stm32.12.3.rel1.win32_1.0.200.202406191623/tools/bin/../lib/gcc/arm-none-eabi/12.3.1/thumb/v6-m/nofp\libgcc.a

.debug_info     0x00000000     0xcc57
 .debug_info    0x00000000      0x412 ./Core/Inc/Manager/manager.o
 .debug_info    0x00000412      0x3f3 ./Core/Inc/bsp/buttons.o
 .debug_info    0x00000805      0x782 ./Core/Inc/bsp/RTC/Time.o
 .debug_info    0x00000f87      0x263 ./Core/Inc/logger/logger.o
 .debug_info    0x000011ea      0x32b ./Core/Src/gpio.o
 .debug_info    0x00001515      0xa2d ./Core/Src/main.o
 .debug_info    0x00001f42      0x747 ./Core/Src/rtc.o
 .debug_info    0x00002689      0x199 ./Core/Src/stm32f0xx_hal_msp.o
 .debug_info    0x00002822      0x9cb ./Core/Src/stm32f0xx_it.o
 .debug_info    0x000031ed      0xcb9 ./Core/Src/syscalls.o
 .debug_info    0x00003ea6      0x168 ./Core/Src/sysmem.o
 .debug_info    0x0000400e      0x242 ./Core/Src/system_stm32f0xx.o
 .debug_info    0x00004250      0xad8 ./Core/Src/usart.o
 .debug_info    0x00004d28       0x30 ./Core/Startup/startup_stm32f091rctx.o
 .debug_info    0x00004d58      0x6c3 ./Drivers/STM32F0xx_HAL_Driver/Src/stm32f0xx_hal.o
 .debug_info    0x0000541b      0x6bf ./Drivers/STM32F0xx_HAL_Driver/Src/stm32f0xx_hal_cortex.o
 .debug_info    0x00005ada      0x712 ./Drivers/STM32F0xx_HAL_Driver/Src/stm32f0xx_hal_dma.o
 .debug_info    0x000061ec      0x5e6 ./Drivers/STM32F0xx_HAL_Driver/Src/stm32f0xx_hal_gpio.o
 .debug_info    0x000067d2      0x3a8 ./Drivers/STM32F0xx_HAL_Driver/Src/stm32f0xx_hal_pwr.o
 .debug_info    0x00006b7a      0x83f ./Drivers/STM32F0xx_HAL_Driver/Src/stm32f0xx_hal_rcc.o
 .debug_info    0x000073b9      0x5e7 ./Drivers/STM32F0xx_HAL_Driver/Src/stm32f0xx_hal_rcc_ex.o
 .debug_info    0x000079a0      0xb35 ./Drivers/STM32F0xx_HAL_Driver/Src/stm32f0xx_hal_rtc.o
 .debug_info    0x000084d5     0x3acc ./Drivers/STM32F0xx_HAL_Driver/Src/stm32f0xx_hal_uart.o
 .debug_info    0x0000bfa1      0xcb6 ./Drivers/STM32F0xx_HAL_Driver/Src/stm32f0xx_hal_uart_ex.o

.debug_abbrev   0x00000000     0x2b49
 .debug_abbrev  0x00000000      0x201 ./Core/Inc/Manager/manager.o
 .debug_abbrev  0x00000201      0x1fc ./Core/Inc/bsp/buttons.o
 .debug_abbrev  0x000003fd      0x21b ./Core/Inc/bsp/RTC/Time.o
 .debug_abbrev  0x00000618      0x158 ./Core/Inc/logger/logger.o
 .debug_abbrev  0x00000770      0x152 ./Core/Src/gpio.o
 .debug_abbrev  0x000008c2      0x26c ./Core/Src/main.o
 .debug_abbrev  0x00000b2e      0x1a4 ./Core/Src/rtc.o
 .debug_abbrev  0x00000cd2       0xc6 ./Core/Src/stm32f0xx_hal_msp.o
 .debug_abbrev  0x00000d98      0x1b0 ./Core/Src/stm32f0xx_it.o
 .debug_abbrev  0x00000f48      0x259 ./Core/Src/syscalls.o
 .debug_abbrev  0x000011a1       0xbc ./Core/Src/sysmem.o
 .debug_abbrev  0x0000125d      0x11c ./Core/Src/system_stm32f0xx.o
 .debug_abbrev  0x00001379      0x21b ./Core/Src/usart.o
 .debug_abbrev  0x00001594       0x24 ./Core/Startup/startup_stm32f091rctx.o
 .debug_abbrev  0x000015b8      0x213 ./Drivers/STM32F0xx_HAL_Driver/Src/stm32f0xx_hal.o
 .debug_abbrev  0x000017cb      0x28c ./Drivers/STM32F0xx_HAL_Driver/Src/stm32f0xx_hal_cortex.o
 .debug_abbrev  0x00001a57      0x236 ./Drivers/STM32F0xx_HAL_Driver/Src/stm32f0xx_hal_dma.o
 .debug_abbrev  0x00001c8d      0x1da ./Drivers/STM32F0xx_HAL_Driver/Src/stm32f0xx_hal_gpio.o
 .debug_abbrev  0x00001e67      0x142 ./Drivers/STM32F0xx_HAL_Driver/Src/stm32f0xx_hal_pwr.o
 .debug_abbrev  0x00001fa9      0x28c ./Drivers/STM32F0xx_HAL_Driver/Src/stm32f0xx_hal_rcc.o
 .debug_abbrev  0x00002235      0x1a7 ./Drivers/STM32F0xx_HAL_Driver/Src/stm32f0xx_hal_rcc_ex.o
 .debug_abbrev  0x000023dc      0x1d3 ./Drivers/STM32F0xx_HAL_Driver/Src/stm32f0xx_hal_rtc.o
 .debug_abbrev  0x000025af      0x2df ./Drivers/STM32F0xx_HAL_Driver/Src/stm32f0xx_hal_uart.o
 .debug_abbrev  0x0000288e      0x2bb ./Drivers/STM32F0xx_HAL_Driver/Src/stm32f0xx_hal_uart_ex.o

.debug_aranges  0x00000000      0xa88
 .debug_aranges
                0x00000000       0x38 ./Core/Inc/Manager/manager.o
 .debug_aranges
                0x00000038       0x38 ./Core/Inc/bsp/buttons.o
 .debug_aranges
                0x00000070       0x50 ./Core/Inc/bsp/RTC/Time.o
 .debug_aranges
                0x000000c0       0x28 ./Core/Inc/logger/logger.o
 .debug_aranges
                0x000000e8       0x20 ./Core/Src/gpio.o
 .debug_aranges
                0x00000108       0x30 ./Core/Src/main.o
 .debug_aranges
                0x00000138       0x30 ./Core/Src/rtc.o
 .debug_aranges
                0x00000168       0x20 ./Core/Src/stm32f0xx_hal_msp.o
 .debug_aranges
                0x00000188       0x50 ./Core/Src/stm32f0xx_it.o
 .debug_aranges
                0x000001d8       0xa8 ./Core/Src/syscalls.o
 .debug_aranges
                0x00000280       0x20 ./Core/Src/sysmem.o
 .debug_aranges
                0x000002a0       0x28 ./Core/Src/system_stm32f0xx.o
 .debug_aranges
                0x000002c8       0x38 ./Core/Src/usart.o
 .debug_aranges
                0x00000300       0x28 ./Core/Startup/startup_stm32f091rctx.o
 .debug_aranges
                0x00000328       0xd0 ./Drivers/STM32F0xx_HAL_Driver/Src/stm32f0xx_hal.o
 .debug_aranges
                0x000003f8       0xc0 ./Drivers/STM32F0xx_HAL_Driver/Src/stm32f0xx_hal_cortex.o
 .debug_aranges
                0x000004b8       0x88 ./Drivers/STM32F0xx_HAL_Driver/Src/stm32f0xx_hal_dma.o
 .debug_aranges
                0x00000540       0x58 ./Drivers/STM32F0xx_HAL_Driver/Src/stm32f0xx_hal_gpio.o
 .debug_aranges
                0x00000598       0x78 ./Drivers/STM32F0xx_HAL_Driver/Src/stm32f0xx_hal_pwr.o
 .debug_aranges
                0x00000610       0x80 ./Drivers/STM32F0xx_HAL_Driver/Src/stm32f0xx_hal_rcc.o
 .debug_aranges
                0x00000690       0x78 ./Drivers/STM32F0xx_HAL_Driver/Src/stm32f0xx_hal_rcc_ex.o
 .debug_aranges
                0x00000708       0xe8 ./Drivers/STM32F0xx_HAL_Driver/Src/stm32f0xx_hal_rtc.o
 .debug_aranges
                0x000007f0      0x228 ./Drivers/STM32F0xx_HAL_Driver/Src/stm32f0xx_hal_uart.o
 .debug_aranges
                0x00000a18       0x70 ./Drivers/STM32F0xx_HAL_Driver/Src/stm32f0xx_hal_uart_ex.o

.debug_rnglists
                0x00000000      0x7e0
 .debug_rnglists
                0x00000000       0x25 ./Core/Inc/Manager/manager.o
 .debug_rnglists
                0x00000025       0x26 ./Core/Inc/bsp/buttons.o
 .debug_rnglists
                0x0000004b       0x38 ./Core/Inc/bsp/RTC/Time.o
 .debug_rnglists
                0x00000083       0x19 ./Core/Inc/logger/logger.o
 .debug_rnglists
                0x0000009c       0x14 ./Core/Src/gpio.o
 .debug_rnglists
                0x000000b0       0x21 ./Core/Src/main.o
 .debug_rnglists
                0x000000d1       0x20 ./Core/Src/rtc.o
 .debug_rnglists
                0x000000f1       0x13 ./Core/Src/stm32f0xx_hal_msp.o
 .debug_rnglists
                0x00000104       0x37 ./Core/Src/stm32f0xx_it.o
 .debug_rnglists
                0x0000013b       0x79 ./Core/Src/syscalls.o
 .debug_rnglists
                0x000001b4       0x13 ./Core/Src/sysmem.o
 .debug_rnglists
                0x000001c7       0x1a ./Core/Src/system_stm32f0xx.o
 .debug_rnglists
                0x000001e1       0x26 ./Core/Src/usart.o
 .debug_rnglists
                0x00000207       0x19 ./Core/Startup/startup_stm32f091rctx.o
 .debug_rnglists
                0x00000220       0x97 ./Drivers/STM32F0xx_HAL_Driver/Src/stm32f0xx_hal.o
 .debug_rnglists
                0x000002b7       0x8c ./Drivers/STM32F0xx_HAL_Driver/Src/stm32f0xx_hal_cortex.o
 .debug_rnglists
                0x00000343       0x6a ./Drivers/STM32F0xx_HAL_Driver/Src/stm32f0xx_hal_dma.o
 .debug_rnglists
                0x000003ad       0x3f ./Drivers/STM32F0xx_HAL_Driver/Src/stm32f0xx_hal_gpio.o
 .debug_rnglists
                0x000003ec       0x55 ./Drivers/STM32F0xx_HAL_Driver/Src/stm32f0xx_hal_pwr.o
 .debug_rnglists
                0x00000441       0x61 ./Drivers/STM32F0xx_HAL_Driver/Src/stm32f0xx_hal_rcc.o
 .debug_rnglists
                0x000004a2       0x5b ./Drivers/STM32F0xx_HAL_Driver/Src/stm32f0xx_hal_rcc_ex.o
 .debug_rnglists
                0x000004fd       0xb4 ./Drivers/STM32F0xx_HAL_Driver/Src/stm32f0xx_hal_rtc.o
 .debug_rnglists
                0x000005b1      0x1db ./Drivers/STM32F0xx_HAL_Driver/Src/stm32f0xx_hal_uart.o
 .debug_rnglists
                0x0000078c       0x54 ./Drivers/STM32F0xx_HAL_Driver/Src/stm32f0xx_hal_uart_ex.o

.debug_macro    0x00000000    0x1d219
 .debug_macro   0x00000000      0x2cb ./Core/Inc/Manager/manager.o
 .debug_macro   0x000002cb       0x22 ./Core/Inc/Manager/manager.o
 .debug_macro   0x000002ed       0x8e ./Core/Inc/Manager/manager.o
 .debug_macro   0x0000037b       0x51 ./Core/Inc/Manager/manager.o
 .debug_macro   0x000003cc      0x103 ./Core/Inc/Manager/manager.o
 .debug_macro   0x000004cf       0x6a ./Core/Inc/Manager/manager.o
 .debug_macro   0x00000539      0x1df ./Core/Inc/Manager/manager.o
 .debug_macro   0x00000718      0x133 ./Core/Inc/Manager/manager.o
 .debug_macro   0x0000084b       0x2e ./Core/Inc/Manager/manager.o
 .debug_macro   0x00000879       0x22 ./Core/Inc/Manager/manager.o
 .debug_macro   0x0000089b       0x1c ./Core/Inc/Manager/manager.o
 .debug_macro   0x000008b7       0x22 ./Core/Inc/Manager/manager.o
 .debug_macro   0x000008d9       0xaf ./Core/Inc/Manager/manager.o
 .debug_macro   0x00000988      0x391 ./Core/Inc/Manager/manager.o
 .debug_macro   0x00000d19    0x10e6b ./Core/Inc/Manager/manager.o
 .debug_macro   0x00011b84       0x66 ./Core/Inc/Manager/manager.o
 .debug_macro   0x00011bea     0x34da ./Core/Inc/Manager/manager.o
 .debug_macro   0x000150c4      0x189 ./Core/Inc/Manager/manager.o
 .debug_macro   0x0001524d       0x55 ./Core/Inc/Manager/manager.o
 .debug_macro   0x000152a2      0x946 ./Core/Inc/Manager/manager.o
 .debug_macro   0x00015be8      0x69b ./Core/Inc/Manager/manager.o
 .debug_macro   0x00016283      0x1ae ./Core/Inc/Manager/manager.o
 .debug_macro   0x00016431      0x202 ./Core/Inc/Manager/manager.o
 .debug_macro   0x00016633      0x1a7 ./Core/Inc/Manager/manager.o
 .debug_macro   0x000167da      0x1bc ./Core/Inc/Manager/manager.o
 .debug_macro   0x00016996      0x4cf ./Core/Inc/Manager/manager.o
 .debug_macro   0x00016e65       0x3c ./Core/Inc/Manager/manager.o
 .debug_macro   0x00016ea1       0x28 ./Core/Inc/Manager/manager.o
 .debug_macro   0x00016ec9       0xb0 ./Core/Inc/Manager/manager.o
 .debug_macro   0x00016f79      0x23f ./Core/Inc/Manager/manager.o
 .debug_macro   0x000171b8      0x22c ./Core/Inc/Manager/manager.o
 .debug_macro   0x000173e4       0x61 ./Core/Inc/Manager/manager.o
 .debug_macro   0x00017445       0xa5 ./Core/Inc/Manager/manager.o
 .debug_macro   0x000174ea       0x4c ./Core/Inc/Manager/manager.o
 .debug_macro   0x00017536      0x16d ./Core/Inc/Manager/manager.o
 .debug_macro   0x000176a3      0x2e2 ./Core/Inc/Manager/manager.o
 .debug_macro   0x00017985      0x3cb ./Core/Inc/Manager/manager.o
 .debug_macro   0x00017d50       0xeb ./Core/Inc/Manager/manager.o
 .debug_macro   0x00017e3b      0x5ba ./Core/Inc/Manager/manager.o
 .debug_macro   0x000183f5       0x44 ./Core/Inc/Manager/manager.o
 .debug_macro   0x00018439      0x435 ./Core/Inc/Manager/manager.o
 .debug_macro   0x0001886e       0x61 ./Core/Inc/Manager/manager.o
 .debug_macro   0x000188cf       0x24 ./Core/Inc/Manager/manager.o
 .debug_macro   0x000188f3       0x43 ./Core/Inc/Manager/manager.o
 .debug_macro   0x00018936       0x34 ./Core/Inc/Manager/manager.o
 .debug_macro   0x0001896a       0x16 ./Core/Inc/Manager/manager.o
 .debug_macro   0x00018980       0x35 ./Core/Inc/Manager/manager.o
 .debug_macro   0x000189b5      0x369 ./Core/Inc/Manager/manager.o
 .debug_macro   0x00018d1e       0x10 ./Core/Inc/Manager/manager.o
 .debug_macro   0x00018d2e       0x16 ./Core/Inc/Manager/manager.o
 .debug_macro   0x00018d44       0x43 ./Core/Inc/Manager/manager.o
 .debug_macro   0x00018d87       0x34 ./Core/Inc/Manager/manager.o
 .debug_macro   0x00018dbb       0x10 ./Core/Inc/Manager/manager.o
 .debug_macro   0x00018dcb       0x58 ./Core/Inc/Manager/manager.o
 .debug_macro   0x00018e23       0x8e ./Core/Inc/Manager/manager.o
 .debug_macro   0x00018eb1       0x1c ./Core/Inc/Manager/manager.o
 .debug_macro   0x00018ecd      0x177 ./Core/Inc/Manager/manager.o
 .debug_macro   0x00019044       0x16 ./Core/Inc/Manager/manager.o
 .debug_macro   0x0001905a       0x16 ./Core/Inc/Manager/manager.o
 .debug_macro   0x00019070      0x146 ./Core/Inc/Manager/manager.o
 .debug_macro   0x000191b6       0x10 ./Core/Inc/Manager/manager.o
 .debug_macro   0x000191c6       0x52 ./Core/Inc/Manager/manager.o
 .debug_macro   0x00019218      0x2b7 ./Core/Inc/bsp/buttons.o
 .debug_macro   0x000194cf       0x28 ./Core/Inc/bsp/buttons.o
 .debug_macro   0x000194f7      0x2ca ./Core/Inc/bsp/RTC/Time.o
 .debug_macro   0x000197c1       0x10 ./Core/Inc/bsp/RTC/Time.o
 .debug_macro   0x000197d1      0x2d9 ./Core/Inc/logger/logger.o
 .debug_macro   0x00019aaa       0x5b ./Core/Inc/logger/logger.o
 .debug_macro   0x00019b05       0x94 ./Core/Inc/logger/logger.o
 .debug_macro   0x00019b99       0x57 ./Core/Inc/logger/logger.o
 .debug_macro   0x00019bf0       0x22 ./Core/Inc/logger/logger.o
 .debug_macro   0x00019c12       0x4c ./Core/Inc/logger/logger.o
 .debug_macro   0x00019c5e      0x460 ./Core/Inc/logger/logger.o
 .debug_macro   0x0001a0be      0x1e0 ./Core/Src/gpio.o
 .debug_macro   0x0001a29e      0x301 ./Core/Src/main.o
 .debug_macro   0x0001a59f      0x1e0 ./Core/Src/rtc.o
 .debug_macro   0x0001a77f      0x1d6 ./Core/Src/stm32f0xx_hal_msp.o
 .debug_macro   0x0001a955      0x2c7 ./Core/Src/stm32f0xx_it.o
 .debug_macro   0x0001ac1c      0x3ec ./Core/Src/syscalls.o
 .debug_macro   0x0001b008       0x10 ./Core/Src/syscalls.o
 .debug_macro   0x0001b018       0x10 ./Core/Src/syscalls.o
 .debug_macro   0x0001b028       0x10 ./Core/Src/syscalls.o
 .debug_macro   0x0001b038       0x10 ./Core/Src/syscalls.o
 .debug_macro   0x0001b048       0x1c ./Core/Src/syscalls.o
 .debug_macro   0x0001b064       0x52 ./Core/Src/syscalls.o
 .debug_macro   0x0001b0b6       0x22 ./Core/Src/syscalls.o
 .debug_macro   0x0001b0d8       0x10 ./Core/Src/syscalls.o
 .debug_macro   0x0001b0e8       0x52 ./Core/Src/syscalls.o
 .debug_macro   0x0001b13a       0xcf ./Core/Src/syscalls.o
 .debug_macro   0x0001b209       0x1c ./Core/Src/syscalls.o
 .debug_macro   0x0001b225       0x3d ./Core/Src/syscalls.o
 .debug_macro   0x0001b262       0x35 ./Core/Src/syscalls.o
 .debug_macro   0x0001b297      0x12c ./Core/Src/syscalls.o
 .debug_macro   0x0001b3c3       0x16 ./Core/Src/syscalls.o
 .debug_macro   0x0001b3d9       0x16 ./Core/Src/syscalls.o
 .debug_macro   0x0001b3ef       0x29 ./Core/Src/syscalls.o
 .debug_macro   0x0001b418       0x10 ./Core/Src/syscalls.o
 .debug_macro   0x0001b428      0x242 ./Core/Src/syscalls.o
 .debug_macro   0x0001b66a       0x1c ./Core/Src/syscalls.o
 .debug_macro   0x0001b686       0x10 ./Core/Src/syscalls.o
 .debug_macro   0x0001b696      0x18a ./Core/Src/syscalls.o
 .debug_macro   0x0001b820       0x16 ./Core/Src/syscalls.o
 .debug_macro   0x0001b836       0xce ./Core/Src/syscalls.o
 .debug_macro   0x0001b904       0xff ./Core/Src/sysmem.o
 .debug_macro   0x0001ba03      0x23c ./Core/Src/sysmem.o
 .debug_macro   0x0001bc3f      0x1c7 ./Core/Src/system_stm32f0xx.o
 .debug_macro   0x0001be06      0x1e0 ./Core/Src/usart.o
 .debug_macro   0x0001bfe6      0x1eb ./Drivers/STM32F0xx_HAL_Driver/Src/stm32f0xx_hal.o
 .debug_macro   0x0001c1d1      0x1c7 ./Drivers/STM32F0xx_HAL_Driver/Src/stm32f0xx_hal_cortex.o
 .debug_macro   0x0001c398      0x1c7 ./Drivers/STM32F0xx_HAL_Driver/Src/stm32f0xx_hal_dma.o
 .debug_macro   0x0001c55f      0x1ce ./Drivers/STM32F0xx_HAL_Driver/Src/stm32f0xx_hal_gpio.o
 .debug_macro   0x0001c72d      0x1c7 ./Drivers/STM32F0xx_HAL_Driver/Src/stm32f0xx_hal_pwr.o
 .debug_macro   0x0001c8f4      0x1d9 ./Drivers/STM32F0xx_HAL_Driver/Src/stm32f0xx_hal_rcc.o
 .debug_macro   0x0001cacd      0x1d9 ./Drivers/STM32F0xx_HAL_Driver/Src/stm32f0xx_hal_rcc_ex.o
 .debug_macro   0x0001cca6      0x1c8 ./Drivers/STM32F0xx_HAL_Driver/Src/stm32f0xx_hal_rtc.o
 .debug_macro   0x0001ce6e      0x1e4 ./Drivers/STM32F0xx_HAL_Driver/Src/stm32f0xx_hal_uart.o
 .debug_macro   0x0001d052      0x1c7 ./Drivers/STM32F0xx_HAL_Driver/Src/stm32f0xx_hal_uart_ex.o

.debug_line     0x00000000    0x10cc4
 .debug_line    0x00000000      0x94e ./Core/Inc/Manager/manager.o
 .debug_line    0x0000094e      0x988 ./Core/Inc/bsp/buttons.o
 .debug_line    0x000012d6      0xa07 ./Core/Inc/bsp/RTC/Time.o
 .debug_line    0x00001cdd      0x90c ./Core/Inc/logger/logger.o
 .debug_line    0x000025e9      0x783 ./Core/Src/gpio.o
 .debug_line    0x00002d6c      0xa08 ./Core/Src/main.o
 .debug_line    0x00003774      0x810 ./Core/Src/rtc.o
 .debug_line    0x00003f84      0x76b ./Core/Src/stm32f0xx_hal_msp.o
 .debug_line    0x000046ef      0x972 ./Core/Src/stm32f0xx_it.o
 .debug_line    0x00005061      0xbd6 ./Core/Src/syscalls.o
 .debug_line    0x00005c37      0x583 ./Core/Src/sysmem.o
 .debug_line    0x000061ba      0x7f2 ./Core/Src/system_stm32f0xx.o
 .debug_line    0x000069ac      0x84d ./Core/Src/usart.o
 .debug_line    0x000071f9       0x7b ./Core/Startup/startup_stm32f091rctx.o
 .debug_line    0x00007274      0x9e5 ./Drivers/STM32F0xx_HAL_Driver/Src/stm32f0xx_hal.o
 .debug_line    0x00007c59      0xa91 ./Drivers/STM32F0xx_HAL_Driver/Src/stm32f0xx_hal_cortex.o
 .debug_line    0x000086ea      0xd2a ./Drivers/STM32F0xx_HAL_Driver/Src/stm32f0xx_hal_dma.o
 .debug_line    0x00009414      0xb93 ./Drivers/STM32F0xx_HAL_Driver/Src/stm32f0xx_hal_gpio.o
 .debug_line    0x00009fa7      0x8c5 ./Drivers/STM32F0xx_HAL_Driver/Src/stm32f0xx_hal_pwr.o
 .debug_line    0x0000a86c      0xe72 ./Drivers/STM32F0xx_HAL_Driver/Src/stm32f0xx_hal_rcc.o
 .debug_line    0x0000b6de      0xc5a ./Drivers/STM32F0xx_HAL_Driver/Src/stm32f0xx_hal_rcc_ex.o
 .debug_line    0x0000c338     0x106b ./Drivers/STM32F0xx_HAL_Driver/Src/stm32f0xx_hal_rtc.o
 .debug_line    0x0000d3a3     0x2d29 ./Drivers/STM32F0xx_HAL_Driver/Src/stm32f0xx_hal_uart.o
 .debug_line    0x000100cc      0xbf8 ./Drivers/STM32F0xx_HAL_Driver/Src/stm32f0xx_hal_uart_ex.o

.debug_str      0x00000000    0xa9532
 .debug_str     0x00000000    0xa378d ./Core/Inc/Manager/manager.o
                              0xa3a27 (size before relaxing)
 .debug_str     0x000a378d      0x12e ./Core/Inc/bsp/buttons.o
                              0xa3967 (size before relaxing)
 .debug_str     0x000a38bb      0x558 ./Core/Inc/bsp/RTC/Time.o
                              0xa3e95 (size before relaxing)
 .debug_str     0x000a3e13     0x117c ./Core/Inc/logger/logger.o
                              0xa4966 (size before relaxing)
 .debug_str     0x000a4f8f       0xc9 ./Core/Src/gpio.o
                              0xa0222 (size before relaxing)
 .debug_str     0x000a5058      0x2e5 ./Core/Src/main.o
                              0xa403a (size before relaxing)
 .debug_str     0x000a533d       0xd5 ./Core/Src/rtc.o
                              0xa06f3 (size before relaxing)
 .debug_str     0x000a5412       0x2c ./Core/Src/stm32f0xx_hal_msp.o
                              0xa0157 (size before relaxing)
 .debug_str     0x000a543e      0x43b ./Core/Src/stm32f0xx_it.o
                              0xa3f06 (size before relaxing)
 .debug_str     0x000a5879     0x20a2 ./Core/Src/syscalls.o
                              0xa5d8f (size before relaxing)
 .debug_str     0x000a791b       0x6b ./Core/Src/sysmem.o
                               0x5fd0 (size before relaxing)
 .debug_str     0x000a7986       0x8b ./Core/Src/system_stm32f0xx.o
                              0xa00b8 (size before relaxing)
 .debug_str     0x000a7a11       0x68 ./Core/Src/usart.o
                              0xa08fb (size before relaxing)
 .debug_str     0x000a7a79       0x44 ./Core/Startup/startup_stm32f091rctx.o
                                 0x8b (size before relaxing)
 .debug_str     0x000a7abd      0x373 ./Drivers/STM32F0xx_HAL_Driver/Src/stm32f0xx_hal.o
                              0xa06a8 (size before relaxing)
 .debug_str     0x000a7e30      0x148 ./Drivers/STM32F0xx_HAL_Driver/Src/stm32f0xx_hal_cortex.o
                              0xa0499 (size before relaxing)
 .debug_str     0x000a7f78      0x24d ./Drivers/STM32F0xx_HAL_Driver/Src/stm32f0xx_hal_dma.o
                              0xa046e (size before relaxing)
 .debug_str     0x000a81c5      0x105 ./Drivers/STM32F0xx_HAL_Driver/Src/stm32f0xx_hal_gpio.o
                              0xa026e (size before relaxing)
 .debug_str     0x000a82ca      0x174 ./Drivers/STM32F0xx_HAL_Driver/Src/stm32f0xx_hal_pwr.o
                              0xa01f5 (size before relaxing)
 .debug_str     0x000a843e      0x20e ./Drivers/STM32F0xx_HAL_Driver/Src/stm32f0xx_hal_rcc.o
                              0xa04ff (size before relaxing)
 .debug_str     0x000a864c      0x2d1 ./Drivers/STM32F0xx_HAL_Driver/Src/stm32f0xx_hal_rcc_ex.o
                              0xa049b (size before relaxing)
 .debug_str     0x000a891d      0x1fd ./Drivers/STM32F0xx_HAL_Driver/Src/stm32f0xx_hal_rtc.o
                              0xa05a5 (size before relaxing)
 .debug_str     0x000a8b1a      0x860 ./Drivers/STM32F0xx_HAL_Driver/Src/stm32f0xx_hal_uart.o
                              0xa0e2c (size before relaxing)
 .debug_str     0x000a937a      0x1b8 ./Drivers/STM32F0xx_HAL_Driver/Src/stm32f0xx_hal_uart_ex.o
                              0xa075d (size before relaxing)

.comment        0x00000000       0x43
 .comment       0x00000000       0x43 ./Core/Inc/Manager/manager.o
                                 0x44 (size before relaxing)
 .comment       0x00000043       0x44 ./Core/Inc/bsp/buttons.o
 .comment       0x00000043       0x44 ./Core/Inc/bsp/RTC/Time.o
 .comment       0x00000043       0x44 ./Core/Inc/logger/logger.o
 .comment       0x00000043       0x44 ./Core/Src/gpio.o
 .comment       0x00000043       0x44 ./Core/Src/main.o
 .comment       0x00000043       0x44 ./Core/Src/rtc.o
 .comment       0x00000043       0x44 ./Core/Src/stm32f0xx_hal_msp.o
 .comment       0x00000043       0x44 ./Core/Src/stm32f0xx_it.o
 .comment       0x00000043       0x44 ./Core/Src/syscalls.o
 .comment       0x00000043       0x44 ./Core/Src/sysmem.o
 .comment       0x00000043       0x44 ./Core/Src/system_stm32f0xx.o
 .comment       0x00000043       0x44 ./Core/Src/usart.o
 .comment       0x00000043       0x44 ./Drivers/STM32F0xx_HAL_Driver/Src/stm32f0xx_hal.o
 .comment       0x00000043       0x44 ./Drivers/STM32F0xx_HAL_Driver/Src/stm32f0xx_hal_cortex.o
 .comment       0x00000043       0x44 ./Drivers/STM32F0xx_HAL_Driver/Src/stm32f0xx_hal_dma.o
 .comment       0x00000043       0x44 ./Drivers/STM32F0xx_HAL_Driver/Src/stm32f0xx_hal_gpio.o
 .comment       0x00000043       0x44 ./Drivers/STM32F0xx_HAL_Driver/Src/stm32f0xx_hal_pwr.o
 .comment       0x00000043       0x44 ./Drivers/STM32F0xx_HAL_Driver/Src/stm32f0xx_hal_rcc.o
 .comment       0x00000043       0x44 ./Drivers/STM32F0xx_HAL_Driver/Src/stm32f0xx_hal_rcc_ex.o
 .comment       0x00000043       0x44 ./Drivers/STM32F0xx_HAL_Driver/Src/stm32f0xx_hal_rtc.o
 .comment       0x00000043       0x44 ./Drivers/STM32F0xx_HAL_Driver/Src/stm32f0xx_hal_uart.o
 .comment       0x00000043       0x44 ./Drivers/STM32F0xx_HAL_Driver/Src/stm32f0xx_hal_uart_ex.o

.debug_frame    0x00000000     0x2b44
 .debug_frame   0x00000000       0x8c ./Core/Inc/Manager/manager.o
 .debug_frame   0x0000008c       0x90 ./Core/Inc/bsp/buttons.o
 .debug_frame   0x0000011c       0xe4 ./Core/Inc/bsp/RTC/Time.o
 .debug_frame   0x00000200       0x54 ./Core/Inc/logger/logger.o
 .debug_frame   0x00000254       0x30 ./Core/Src/gpio.o