2026-03-16 21:32:10,645 [INFO] Activator:176 - 


2026-03-16 21:32:10,648 [INFO] Activator:177 - !SESSION log4j initialized
2026-03-16 21:32:15,208 [INFO] LogOutputStream:77 - [STDOUT_REDIRECT] 
2026-03-16 21:32:24,771 [INFO] ApplicationProperties:184 - Using Application install path: C:\ST\STM32CubeIDE_1.16.1\STM32CubeIDE\plugins\com.st.stm32cube.common.mx_6.12.1.202409122256
2026-03-16 21:32:24,805 [INFO] DbMcusXml:78 - Set database path to: C:\ST\STM32CubeIDE_1.16.1\STM32CubeIDE\plugins\com.st.stm32cube.common.mx_6.12.1.202409122256\\db\/mcu/
2026-03-16 21:32:24,806 [INFO] ApiDb:274 - Set plugin database path to: C:\ST\STM32CubeIDE_1.16.1\STM32CubeIDE\plugins\com.st.stm32cube.common.mx_6.12.1.202409122256\\db\/plugins/boardmanager/
2026-03-16 21:32:24,807 [WARN] ApiDb:259 - Overriding images path with different value:  => C:\ST\STM32CubeIDE_1.16.1\STM32CubeIDE\plugins\com.st.stm32cube.common.mx_6.12.1.202409122256\\db\/plugins/mcufinder/images/
2026-03-16 21:32:24,838 [INFO] ApiDb:250 - Set database path to: C:\Users\Katarzyna\.stmcufinder\plugins\mcufinder//mcu/
2026-03-16 21:32:24,839 [INFO] DbMcusAds:125 - Set database path to: C:\Users\Katarzyna\.stmcufinder\plugins\mcufinder//mcu/
2026-03-16 21:32:24,845 [INFO] CrossReferenceDbSqlite:203 - Set database path to: C:\Users\Katarzyna\.stmcufinder\plugins\mcufinder//mcu/cs/
2026-03-16 21:32:25,127 [INFO] RulesReader:64 - Compatibility file has been processed (297 Rules)
2026-03-16 21:32:25,288 [INFO] DbMcusXml:78 - Set database path to: C:\ST\STM32CubeIDE_1.16.1\STM32CubeIDE\plugins\com.st.stm32cube.common.mx_6.12.1.202409122256\\db\/mcu/
2026-03-16 21:32:25,288 [INFO] ApiDb:274 - Set plugin database path to: C:\ST\STM32CubeIDE_1.16.1\STM32CubeIDE\plugins\com.st.stm32cube.common.mx_6.12.1.202409122256\\db\/plugins/boardmanager/
2026-03-16 21:32:25,288 [INFO] ApiDb:261 - Set plugin images path to: C:\ST\STM32CubeIDE_1.16.1\STM32CubeIDE\plugins\com.st.stm32cube.common.mx_6.12.1.202409122256\\db\/plugins/mcufinder/images/
2026-03-16 21:32:25,289 [WARN] DbFile:41 - Overriding database path with different value: C:\Users\Katarzyna\.stmcufinder\plugins\mcufinder/ => C:\Users\Katarzyna\.stmcufinder\plugins\mcufinder
2026-03-16 21:32:25,289 [INFO] ApiDb:250 - Set database path to: C:\Users\Katarzyna\.stmcufinder\plugins\mcufinder//mcu/
2026-03-16 21:32:25,289 [WARN] DbFile:41 - Overriding database path with different value: C:\Users\Katarzyna\.stmcufinder\plugins\mcufinder/ => C:\Users\Katarzyna\.stmcufinder\plugins\mcufinder
2026-03-16 21:32:25,289 [INFO] DbMcusAds:125 - Set database path to: C:\Users\Katarzyna\.stmcufinder\plugins\mcufinder//mcu/
2026-03-16 21:32:25,291 [WARN] DbFile:41 - Overriding database path with different value: C:\Users\Katarzyna\.stmcufinder\plugins\mcufinder/ => C:\Users\Katarzyna\.stmcufinder\plugins\mcufinder
2026-03-16 21:32:25,291 [WARN] DbFile:41 - Overriding database path with different value: C:\Users\Katarzyna\.stmcufinder\plugins\mcufinder/ => C:\Users\Katarzyna\.stmcufinder\plugins\mcufinder
2026-03-16 21:32:25,291 [INFO] CrossReferenceDbSqlite:203 - Set database path to: C:\Users\Katarzyna\.stmcufinder\plugins\mcufinder//mcu/cs/
2026-03-16 21:32:25,466 [INFO] MainPanel:268 - HeapMemory: 268435456
2026-03-16 21:32:25,694 [INFO] DbMcusXml:78 - Set database path to: C:\ST\STM32CubeIDE_1.16.1\STM32CubeIDE\plugins\com.st.stm32cube.common.mx_6.12.1.202409122256\\db\/mcu/
2026-03-16 21:32:25,694 [INFO] ApiDb:274 - Set plugin database path to: C:\ST\STM32CubeIDE_1.16.1\STM32CubeIDE\plugins\com.st.stm32cube.common.mx_6.12.1.202409122256\\db\/plugins/boardmanager/
2026-03-16 21:32:25,694 [INFO] ApiDb:261 - Set plugin images path to: C:\ST\STM32CubeIDE_1.16.1\STM32CubeIDE\plugins\com.st.stm32cube.common.mx_6.12.1.202409122256\\db\/plugins/mcufinder/images/
2026-03-16 21:32:25,695 [WARN] DbFile:41 - Overriding database path with different value: C:\Users\Katarzyna\.stmcufinder\plugins\mcufinder/ => C:\Users\Katarzyna\.stmcufinder\plugins\mcufinder
2026-03-16 21:32:25,695 [INFO] ApiDb:250 - Set database path to: C:\Users\Katarzyna\.stmcufinder\plugins\mcufinder//mcu/
2026-03-16 21:32:25,695 [WARN] DbFile:41 - Overriding database path with different value: C:\Users\Katarzyna\.stmcufinder\plugins\mcufinder/ => C:\Users\Katarzyna\.stmcufinder\plugins\mcufinder
2026-03-16 21:32:25,696 [INFO] DbMcusAds:125 - Set database path to: C:\Users\Katarzyna\.stmcufinder\plugins\mcufinder//mcu/
2026-03-16 21:32:25,696 [WARN] DbFile:41 - Overriding database path with different value: C:\Users\Katarzyna\.stmcufinder\plugins\mcufinder/ => C:\Users\Katarzyna\.stmcufinder\plugins\mcufinder
2026-03-16 21:32:25,696 [WARN] DbFile:41 - Overriding database path with different value: C:\Users\Katarzyna\.stmcufinder\plugins\mcufinder/ => C:\Users\Katarzyna\.stmcufinder\plugins\mcufinder
2026-03-16 21:32:25,713 [INFO] CrossReferenceDbSqlite:203 - Set database path to: C:\Users\Katarzyna\.stmcufinder\plugins\mcufinder//mcu/cs/
2026-03-16 21:32:25,747 [INFO] ApplicationProperties:184 - Using Application install path: C:\ST\STM32CubeIDE_1.16.1\STM32CubeIDE\plugins\com.st.stm32cube.common.mx_6.12.1.202409122256
2026-03-16 21:32:25,751 [INFO] PluginManage:196 - Search for loadable plugins [exclusion list=, ]
2026-03-16 21:32:25,755 [INFO] PluginManage:310 - Check plugin analytics
2026-03-16 21:32:26,127 [INFO] AnalyticsPlugin:253 - Accepted Software Licenses: STM32CubeMX.6.12.1
2026-03-16 21:32:26,128 [INFO] AnalyticsPlugin:255 - Accepted CMSIS Pack Licenses: 
2026-03-16 21:32:26,129 [INFO] AnalyticsPlugin:257 - Accepted Firmware Licenses: 
2026-03-16 21:32:26,134 [INFO] PluginManage:359 - Loaded plugin analytics (category:tool,tabindex:-1)
2026-03-16 21:32:26,135 [INFO] PluginManage:310 - Check plugin cadmodel
2026-03-16 21:32:26,171 [INFO] CADModel:105 - Init CAD model plugin
2026-03-16 21:32:26,172 [INFO] PluginManage:359 - Loaded plugin cadmodel (category:power,tabindex:5)
2026-03-16 21:32:26,173 [INFO] PluginManage:310 - Check plugin clock
2026-03-16 21:32:26,229 [INFO] PluginManage:359 - Loaded plugin clock (category:base,tabindex:2)
2026-03-16 21:32:26,229 [INFO] PluginManage:310 - Check plugin ddr
2026-03-16 21:32:26,235 [INFO] PluginManage:359 - Loaded plugin ddr (category:tool,tabindex:6)
2026-03-16 21:32:26,235 [INFO] PluginManage:310 - Check plugin filemanager
2026-03-16 21:32:26,528 [INFO] PluginManage:359 - Loaded plugin filemanager (category:base,tabindex:10)
2026-03-16 21:32:26,529 [INFO] PluginManage:310 - Check plugin ipmanager
2026-03-16 21:32:26,541 [INFO] PluginManage:359 - Loaded plugin ipmanager (category:base,tabindex:5)
2026-03-16 21:32:26,542 [INFO] PluginManage:310 - Check plugin lpbam
2026-03-16 21:32:26,577 [INFO] PluginManage:359 - Loaded plugin lpbam (category:base,tabindex:0)
2026-03-16 21:32:26,577 [INFO] PluginManage:310 - Check plugin memorymap
2026-03-16 21:32:26,631 [INFO] PluginManage:359 - Loaded plugin memorymap (category:base,tabindex:4)
2026-03-16 21:32:26,632 [INFO] PluginManage:310 - Check plugin pinoutandconfiguration
2026-03-16 21:32:26,671 [INFO] PluginManage:359 - Loaded plugin pinoutandconfiguration (category:base,tabindex:1)
2026-03-16 21:32:26,671 [INFO] PluginManage:310 - Check plugin pinoutconfig
2026-03-16 21:32:26,870 [WARN] SupportedApi:132 - Cannot load RTOS API schema: s4s-elt-must-match.1: The content of 'definitions' must match (annotation?, (simpleType | complexType)?, (unique | key | keyref)*)). A problem was found starting at: attribute.
2026-03-16 21:32:27,156 [INFO] PluginManage:359 - Loaded plugin pinoutconfig (category:base,tabindex:0)
2026-03-16 21:32:27,157 [INFO] PluginManage:310 - Check plugin power
2026-03-16 21:32:27,200 [INFO] PluginManage:359 - Loaded plugin power (category:power,tabindex:4)
2026-03-16 21:32:27,200 [INFO] PluginManage:310 - Check plugin projectmanager
2026-03-16 21:32:27,229 [INFO] PluginManage:359 - Loaded plugin projectmanager (category:projectmanager,tabindex:4)
2026-03-16 21:32:27,231 [INFO] PluginManage:310 - Check plugin rif
2026-03-16 21:32:27,268 [INFO] PluginManage:359 - Loaded plugin rif (category:base,tabindex:3)
2026-03-16 21:32:27,268 [INFO] PluginManage:310 - Check plugin thirdparty
2026-03-16 21:32:27,914 [INFO] PluginManage:359 - Loaded plugin thirdparty (category:base,tabindex:-1)
2026-03-16 21:32:27,914 [WARN] IntegrityCheckThread:84 - waiting for thirdparty lock release [integrity check]
2026-03-16 21:32:27,915 [INFO] IntegrityCheckThread:86 - entering critical section [integrity check]
2026-03-16 21:32:27,915 [INFO] PluginManage:310 - Check plugin tools
2026-03-16 21:32:27,915 [INFO] ThirdPartyUpdaterWithRetryManager:70 - Updater plugin not ready yet. [1/15]
2026-03-16 21:32:28,007 [INFO] PluginManage:359 - Loaded plugin tools (category:base,tabindex:7)
2026-03-16 21:32:28,008 [INFO] PluginManage:310 - Check plugin tutovideos
2026-03-16 21:32:28,441 [INFO] PluginManage:359 - Loaded plugin tutovideos (category:base,tabindex:-1)
2026-03-16 21:32:28,441 [INFO] PluginManage:310 - Check plugin updater
2026-03-16 21:32:28,476 [INFO] PluginManage:359 - Loaded plugin updater (category:base,tabindex:12)
2026-03-16 21:32:28,476 [INFO] PluginManage:310 - Check plugin userauth
2026-03-16 21:32:28,487 [INFO] UserAuth:113 - Init User Auth plugin
2026-03-16 21:32:28,487 [INFO] PluginManage:359 - Loaded plugin userauth (category:base,tabindex:14)
2026-03-16 21:32:28,488 [INFO] PluginManage:283 - PluginManage : Loaded plugins [18]
2026-03-16 21:32:28,917 [INFO] PinOutPanel:1561 - setPackage(No Configuration,No Configuration)
2026-03-16 21:32:29,077 [INFO] CADModel:165 - CPN selected for project level
2026-03-16 21:32:29,078 [INFO] CADModel:114 - Register for checkConnection events
2026-03-16 21:32:29,135 [INFO] IPUIPlugin:80 - create IPUIPlugin
2026-03-16 21:32:29,135 [INFO] PluginManager:220 - loadIPPluginJar : add adc
2026-03-16 21:32:29,242 [INFO] IPUIPlugin:80 - create IPUIPlugin
2026-03-16 21:32:29,243 [INFO] PluginManager:220 - loadIPPluginJar : add aes
2026-03-16 21:32:29,333 [INFO] IPUIPlugin:80 - create IPUIPlugin
2026-03-16 21:32:29,334 [INFO] PluginManager:220 - loadIPPluginJar : add can
2026-03-16 21:32:29,385 [INFO] IPUIPlugin:80 - create IPUIPlugin
2026-03-16 21:32:29,386 [INFO] PluginManager:220 - loadIPPluginJar : add comp
2026-03-16 21:32:29,464 [INFO] IPUIPlugin:80 - create IPUIPlugin
2026-03-16 21:32:29,464 [INFO] PluginManager:220 - loadIPPluginJar : add cryp
2026-03-16 21:32:29,488 [INFO] IPUIPlugin:80 - create IPUIPlugin
2026-03-16 21:32:29,488 [INFO] PluginManager:220 - loadIPPluginJar : add ddr_ctrl_phy
2026-03-16 21:32:29,574 [INFO] IPUIPlugin:80 - create IPUIPlugin
2026-03-16 21:32:29,575 [INFO] PluginManager:220 - loadIPPluginJar : add dfsdm
2026-03-16 21:32:29,610 [INFO] IPUIPlugin:80 - create IPUIPlugin
2026-03-16 21:32:29,611 [INFO] PluginManager:220 - loadIPPluginJar : add dma
2026-03-16 21:32:29,735 [INFO] IPUIPlugin:80 - create IPUIPlugin
2026-03-16 21:32:29,735 [INFO] PluginManager:220 - loadIPPluginJar : add dma3
2026-03-16 21:32:29,859 [INFO] IPUIPlugin:80 - create IPUIPlugin
2026-03-16 21:32:29,860 [INFO] PluginManager:220 - loadIPPluginJar : add extmemmanager
2026-03-16 21:32:29,914 [INFO] IPUIPlugin:80 - create IPUIPlugin
2026-03-16 21:32:29,914 [INFO] PluginManager:220 - loadIPPluginJar : add fatfs
2026-03-16 21:32:30,057 [INFO] IPUIPlugin:80 - create IPUIPlugin
2026-03-16 21:32:30,058 [INFO] PluginManager:220 - loadIPPluginJar : add fmc
2026-03-16 21:32:30,098 [INFO] IPUIPlugin:80 - create IPUIPlugin
2026-03-16 21:32:30,099 [INFO] PluginManager:220 - loadIPPluginJar : add freertos
2026-03-16 21:32:30,159 [INFO] IPUIPlugin:80 - create IPUIPlugin
2026-03-16 21:32:30,160 [INFO] PluginManager:220 - loadIPPluginJar : add genericplugin
2026-03-16 21:32:30,424 [INFO] IPUIPlugin:80 - create IPUIPlugin
2026-03-16 21:32:30,424 [INFO] PluginManager:220 - loadIPPluginJar : add gfxmmu
2026-03-16 21:32:30,823 [INFO] IPUIPlugin:80 - create IPUIPlugin
2026-03-16 21:32:30,823 [INFO] PluginManager:220 - loadIPPluginJar : add gic
2026-03-16 21:32:30,918 [INFO] ThirdPartyUpdaterWithRetryManager:70 - Updater plugin not ready yet. [2/15]
2026-03-16 21:32:30,931 [INFO] IPUIPlugin:80 - create IPUIPlugin
2026-03-16 21:32:30,932 [INFO] PluginManager:220 - loadIPPluginJar : add gpio
2026-03-16 21:32:31,196 [INFO] IPUIPlugin:80 - create IPUIPlugin
2026-03-16 21:32:31,196 [INFO] PluginManager:220 - loadIPPluginJar : add gtzc
2026-03-16 21:32:31,325 [INFO] IPUIPlugin:80 - create IPUIPlugin
2026-03-16 21:32:31,326 [INFO] PluginManager:220 - loadIPPluginJar : add hash
2026-03-16 21:32:31,492 [INFO] IPUIPlugin:80 - create IPUIPlugin
2026-03-16 21:32:31,492 [INFO] PluginManager:220 - loadIPPluginJar : add i2c
2026-03-16 21:32:31,608 [INFO] IPUIPlugin:80 - create IPUIPlugin
2026-03-16 21:32:31,609 [INFO] PluginManager:220 - loadIPPluginJar : add i2s
2026-03-16 21:32:31,737 [INFO] IPUIPlugin:80 - create IPUIPlugin
2026-03-16 21:32:31,737 [INFO] PluginManager:220 - loadIPPluginJar : add i3c
2026-03-16 21:32:32,029 [INFO] IPUIPlugin:80 - create IPUIPlugin
2026-03-16 21:32:32,030 [INFO] PluginManager:220 - loadIPPluginJar : add ipddr
2026-03-16 21:32:32,293 [INFO] IPUIPlugin:80 - create IPUIPlugin
2026-03-16 21:32:32,293 [INFO] PluginManager:220 - loadIPPluginJar : add linkedlist
2026-03-16 21:32:32,395 [INFO] IPUIPlugin:80 - create IPUIPlugin
2026-03-16 21:32:32,395 [INFO] PluginManager:220 - loadIPPluginJar : add lorawan
2026-03-16 21:32:32,507 [INFO] IPUIPlugin:80 - create IPUIPlugin
2026-03-16 21:32:32,508 [INFO] PluginManager:220 - loadIPPluginJar : add ltdc
2026-03-16 21:32:32,628 [INFO] IPUIPlugin:80 - create IPUIPlugin
2026-03-16 21:32:32,628 [INFO] PluginManager:220 - loadIPPluginJar : add mdma
2026-03-16 21:32:32,668 [INFO] IPUIPlugin:80 - create IPUIPlugin
2026-03-16 21:32:32,669 [INFO] PluginManager:220 - loadIPPluginJar : add nvic
2026-03-16 21:32:32,798 [INFO] IPUIPlugin:80 - create IPUIPlugin
2026-03-16 21:32:32,798 [INFO] PluginManager:220 - loadIPPluginJar : add opamp
2026-03-16 21:32:32,991 [INFO] IPUIPlugin:80 - create IPUIPlugin
2026-03-16 21:32:32,992 [INFO] PluginManager:220 - loadIPPluginJar : add openamp
2026-03-16 21:32:33,125 [INFO] IPUIPlugin:80 - create IPUIPlugin
2026-03-16 21:32:33,126 [INFO] PluginManager:220 - loadIPPluginJar : add pdm2pcm
2026-03-16 21:32:33,171 [INFO] IPUIPlugin:80 - create IPUIPlugin
2026-03-16 21:32:33,176 [INFO] PluginManager:220 - loadIPPluginJar : add plateformsettings
2026-03-16 21:32:33,246 [INFO] IPUIPlugin:80 - create IPUIPlugin
2026-03-16 21:32:33,246 [INFO] PluginManager:220 - loadIPPluginJar : add quadspi
2026-03-16 21:32:33,333 [INFO] IPUIPlugin:80 - create IPUIPlugin
2026-03-16 21:32:33,335 [INFO] PluginManager:220 - loadIPPluginJar : add radio
2026-03-16 21:32:33,386 [INFO] IPUIPlugin:80 - create IPUIPlugin
2026-03-16 21:32:33,387 [INFO] PluginManager:220 - loadIPPluginJar : add resmgrutility
2026-03-16 21:32:33,531 [INFO] IPUIPlugin:80 - create IPUIPlugin
2026-03-16 21:32:33,532 [INFO] PluginManager:220 - loadIPPluginJar : add sai
2026-03-16 21:32:33,663 [INFO] IPUIPlugin:80 - create IPUIPlugin
2026-03-16 21:32:33,664 [INFO] PluginManager:220 - loadIPPluginJar : add spi
2026-03-16 21:32:33,871 [INFO] IPUIPlugin:80 - create IPUIPlugin
2026-03-16 21:32:33,871 [INFO] PluginManager:220 - loadIPPluginJar : add stm32_wpan
2026-03-16 21:32:33,921 [INFO] ThirdPartyUpdaterWithRetryManager:70 - Updater plugin not ready yet. [3/15]
2026-03-16 21:32:33,940 [INFO] IPUIPlugin:80 - create IPUIPlugin
2026-03-16 21:32:33,940 [INFO] PluginManager:220 - loadIPPluginJar : add tim
2026-03-16 21:32:34,123 [INFO] IPUIPlugin:80 - create IPUIPlugin
2026-03-16 21:32:34,124 [INFO] PluginManager:220 - loadIPPluginJar : add touchsensing
2026-03-16 21:32:34,192 [INFO] IPUIPlugin:80 - create IPUIPlugin
2026-03-16 21:32:34,193 [INFO] PluginManager:220 - loadIPPluginJar : add tracer_emb
2026-03-16 21:32:34,284 [INFO] IPUIPlugin:80 - create IPUIPlugin
2026-03-16 21:32:34,284 [INFO] PluginManager:220 - loadIPPluginJar : add ts
2026-03-16 21:32:34,378 [INFO] IPUIPlugin:80 - create IPUIPlugin
2026-03-16 21:32:34,379 [INFO] PluginManager:220 - loadIPPluginJar : add tsc
2026-03-16 21:32:34,445 [INFO] IPUIPlugin:80 - create IPUIPlugin
2026-03-16 21:32:34,446 [INFO] PluginManager:220 - loadIPPluginJar : add ucpd
2026-03-16 21:32:34,587 [INFO] IPUIPlugin:80 - create IPUIPlugin
2026-03-16 21:32:34,587 [INFO] PluginManager:220 - loadIPPluginJar : add usart
2026-03-16 21:32:34,701 [INFO] IPUIPlugin:80 - create IPUIPlugin
2026-03-16 21:32:34,701 [INFO] PluginManager:220 - loadIPPluginJar : add usbx
2026-03-16 21:32:34,946 [INFO] CADModel:165 - CPN selected for project level
2026-03-16 21:32:34,946 [INFO] CADModel:114 - Register for checkConnection events
2026-03-16 21:32:34,947 [FATAL] Updater:334 - Updater called before beeing initialized
2026-03-16 21:32:34,947 [ERROR] CADModel:125 - Updater not yet initialized, retry later 
2026-03-16 21:32:35,236 [INFO] CADModel:165 - CPN selected for project level
2026-03-16 21:32:35,236 [INFO] CADModel:114 - Register for checkConnection events
2026-03-16 21:32:35,236 [FATAL] Updater:334 - Updater called before beeing initialized
2026-03-16 21:32:35,237 [ERROR] CADModel:125 - Updater not yet initialized, retry later 
2026-03-16 21:32:35,242 [FATAL] Updater:334 - Updater called before beeing initialized
2026-03-16 21:32:35,452 [FATAL] Updater:334 - Updater called before beeing initialized
2026-03-16 21:32:35,479 [INFO] DbMcusAds:53 - JSON generation date=Wed Feb 18 15:32:49 CET 2026 (1771425169665)
2026-03-16 21:32:35,479 [FATAL] Updater:334 - Updater called before beeing initialized
2026-03-16 21:32:35,551 [WARN] DetailPanel:346 - Failed to get advertising image, set to default
2026-03-16 21:32:35,732 [FATAL] Updater:334 - Updater called before beeing initialized
2026-03-16 21:32:35,736 [FATAL] Updater:334 - Updater called before beeing initialized
2026-03-16 21:32:35,736 [FATAL] Updater:334 - Updater called before beeing initialized
2026-03-16 21:32:35,736 [WARN] DetailPanel:346 - Failed to get advertising image, set to default
2026-03-16 21:32:35,738 [FATAL] Updater:334 - Updater called before beeing initialized
2026-03-16 21:32:35,849 [ERROR] Updater:1164 - MainUpdater not yet initialized. External WinMGr cannot be set.
2026-03-16 21:32:35,872 [INFO] Updater:1100 - Updater Version found : 6.12.1
2026-03-16 21:32:35,894 [INFO] ApplicationProperties:184 - Using Application install path: C:\ST\STM32CubeIDE_1.16.1\STM32CubeIDE\plugins\com.st.stm32cube.common.mx_6.12.1.202409122256
2026-03-16 21:32:36,400 [INFO] MainUpdater:2873 - connection check result : 10
2026-03-16 21:32:36,401 [INFO] MainUpdater:3567 - Updater definition file requires update
2026-03-16 21:32:36,402 [INFO] MainUpdater:290 - Updater Check For Update Now.
2026-03-16 21:32:36,402 [INFO] MicroXplorer:498 - Change Database Version : DB.6.0.121
2026-03-16 21:32:36,442 [INFO] McuFinderGlobals:63 - Set McuFinder mode to 2 (CubeIDE integrated)
2026-03-16 21:32:36,443 [INFO] UserAuth:179 - activating auth plugin
2026-03-16 21:32:36,446 [INFO] UserAuth:417 - Internet connection configuration mode: 1
2026-03-16 21:32:36,478 [INFO] JxBrowserEngine:152 - Initiate JxBrowser Engine with user profile folder
2026-03-16 21:32:36,523 [INFO] ServerAccessManage:473 - Download File updaters.zip
2026-03-16 21:32:36,739 [INFO] FileExtend:240 - Unzip File : updaters.zip
2026-03-16 21:32:36,740 [INFO] FileExtend:255 - Standard Zip Deflate
2026-03-16 21:32:37,075 [WARN] MainUpdater:1194 - Updater busy. Cannot search thirdparties
2026-03-16 21:32:37,077 [INFO] ThirdPartyUpdaterWithRetryManager:96 - Updater plugin is busy. [1/15]
2026-03-16 21:32:37,849 [INFO] ServerAccessManage:473 - Download File PacksControlFlags.xml
2026-03-16 21:32:37,990 [INFO] ServerAccessManage:473 - Download File cubemx.pidx
2026-03-16 21:32:40,041 [INFO] ServerAccessManage:473 - Download File STMicroelectronics.X-CUBE-FREERTOS.pdsc
2026-03-16 21:32:40,079 [WARN] MainUpdater:1194 - Updater busy. Cannot search thirdparties
2026-03-16 21:32:40,079 [INFO] ThirdPartyUpdaterWithRetryManager:96 - Updater plugin is busy. [2/15]
2026-03-16 21:32:41,252 [INFO] ServerAccessManage:473 - Download File STMicroelectronics.X-CUBE-TOUCHGFX.pdsc
2026-03-16 21:32:42,178 [INFO] ServerAccessManage:473 - Download File STMicroelectronics.X-CUBE-AZRTOS-H7.pdsc
2026-03-16 21:32:43,081 [WARN] MainUpdater:1194 - Updater busy. Cannot search thirdparties
2026-03-16 21:32:43,081 [INFO] ThirdPartyUpdaterWithRetryManager:96 - Updater plugin is busy. [3/15]
2026-03-16 21:32:43,802 [WARN] PopulateThirdPartyThread:106 - Error when creating pack: C:/Users/Katarzyna/.stm32cubemx/thirdparties/pdsc/STMicroelectronics.X-CUBE-FREERTOS.pdsc
2026-03-16 21:32:43,882 [WARN] PackLoader:240 - Cannot read IP mode file for STMicroelectronics.X-CUBE-TOUCHGFX.4.26.1
2026-03-16 21:32:43,955 [WARN] PackLoader:240 - Cannot read IP mode file for STMicroelectronics.X-CUBE-AZRTOS-H7.3.5.0
2026-03-16 21:32:43,969 [INFO] PopulateThirdPartyThread:66 - Ending populate Thread
2026-03-16 21:32:43,972 [INFO] ThirdParty:1030 - CMSIS Pack Vendor :STMicroelectronics X-CUBE-AZRTOS-H7 3.5.0
2026-03-16 21:32:43,972 [INFO] ThirdParty:1030 - CMSIS Pack Vendor :STMicroelectronics X-CUBE-TOUCHGFX 4.26.1
2026-03-16 21:32:43,973 [INFO] LoadServerUpdatesThread:375 - End of LoadServerUpdate Thread
2026-03-16 21:32:44,026 [INFO] WebApp:167 - Instantiating new browser for Auth
2026-03-16 21:32:44,075 [INFO] CheckServerUpdateThread:120 - End of CheckServer Thread
2026-03-16 21:32:46,642 [WARN] PackLoader:240 - Cannot read IP mode file for STMicroelectronics.X-CUBE-AZRTOS-H7.3.5.0
2026-03-16 21:32:46,678 [WARN] PackLoader:240 - Cannot read IP mode file for STMicroelectronics.FP-SNS-MOTENVWB1.1.4.0
2026-03-16 21:32:46,713 [WARN] PackLoader:240 - Cannot read IP mode file for STMicroelectronics.FP-ATR-ASTRA1.2.0.2
2026-03-16 21:32:46,727 [INFO] WebApp:448 - Apply proxy settings
2026-03-16 21:32:46,727 [INFO] WebApp:533 - Chromium requires no authentication
2026-03-16 21:32:46,739 [WARN] PackLoader:240 - Cannot read IP mode file for STMicroelectronics.FP-ATR-ASTRA1.2.0.1
2026-03-16 21:32:46,755 [INFO] WebApp:476 - Direct internet connection detected
2026-03-16 21:32:46,775 [WARN] PackLoader:240 - Cannot read IP mode file for STMicroelectronics.X-CUBE-SMBUS.2.1.0
2026-03-16 21:32:46,810 [WARN] PackLoader:240 - Cannot read IP mode file for STMicroelectronics.X-CUBE-WB05N.1.1.0
2026-03-16 21:32:46,842 [ERROR] Engine:466 - C:\Users\Katarzyna\.stm32cubemx\thirdparties\pdsc\STMicroelectronics.X-CUBE-ST60.1.0.0.pdsc: PDSC version is not supported
2026-03-16 21:32:46,848 [INFO] WebApp:869 - Register for checkConnection events
2026-03-16 21:32:46,848 [INFO] WebApp:448 - Apply proxy settings
2026-03-16 21:32:46,848 [INFO] WebApp:533 - Chromium requires no authentication
2026-03-16 21:32:46,867 [INFO] WebApp:476 - Direct internet connection detected
2026-03-16 21:32:46,907 [WARN] PackLoader:240 - Cannot read IP mode file for STMicroelectronics.X-CUBE-AZRTOS-F7.1.1.0
2026-03-16 21:32:47,041 [WARN] PackLoader:240 - Cannot read IP mode file for STMicroelectronics.X-CUBE-MEMS1.11.0.0
2026-03-16 21:32:47,437 [ERROR] Engine:466 - C:\Users\Katarzyna\.stm32cubemx\thirdparties\pdsc\STMicroelectronics.FP-SNS-MOTENV1.5.1.0.pdsc: PDSC version is not supported
2026-03-16 21:32:47,468 [WARN] PackLoader:240 - Cannot read IP mode file for STMicroelectronics.FP-SNS-FLIGHT1.5.0.2
2026-03-16 21:32:47,494 [INFO] WebApp:220 - Starting web application
2026-03-16 21:32:47,494 [INFO] WebApp:578 - Web application path used C:\ST\STM32CubeIDE_1.16.1\STM32CubeIDE\plugins\com.st.stm32cube.common.mx_6.12.1.202409122256\db\plugins\mcufinder\reactClient1\index.html
2026-03-16 21:32:47,540 [WARN] PackLoader:240 - Cannot read IP mode file for STMicroelectronics.X-CUBE-AZRTOS-H7.3.4.0
2026-03-16 21:32:47,585 [WARN] PackLoader:240 - Cannot read IP mode file for STMicroelectronics.X-CUBE-DISPLAY.3.0.0
2026-03-16 21:32:47,600 [ERROR] Engine:466 - C:\Users\Katarzyna\.stm32cubemx\thirdparties\pdsc\STMicroelectronics.FP-SNS-MOTENVWB1.1.5.0.pdsc: PDSC version is not supported
2026-03-16 21:32:47,630 [WARN] PackLoader:240 - Cannot read IP mode file for STMicroelectronics.X-CUBE-BLE1.7.0.0
2026-03-16 21:32:47,666 [WARN] PackLoader:240 - Cannot read IP mode file for STMicroelectronics.X-CUBE-NFC10.1.0.0
2026-03-16 21:32:47,705 [WARN] PackLoader:240 - Cannot read IP mode file for STMicroelectronics.X-CUBE-BLEMGR.4.0.0
2026-03-16 21:32:47,734 [ERROR] Engine:466 - C:\Users\Katarzyna\.stm32cubemx\thirdparties\pdsc\STMicroelectronics.X-CUBE-ST60.1.1.0.pdsc: PDSC version is not supported
2026-03-16 21:32:47,762 [WARN] PackLoader:240 - Cannot read IP mode file for emotas.I-CUBE-CANOPEN.1.3.0
2026-03-16 21:32:47,789 [WARN] PackLoader:240 - Cannot read IP mode file for STMicroelectronics.X-CUBE-GNSS1.7.1.0
2026-03-16 21:32:47,865 [WARN] PackLoader:240 - Cannot read IP mode file for STMicroelectronics.X-CUBE-BLEMGR.3.1.0
2026-03-16 21:32:47,898 [WARN] PackLoader:240 - Cannot read IP mode file for STMicroelectronics.X-CUBE-AI.10.0.0
2026-03-16 21:32:47,924 [ERROR] Engine:466 - C:\Users\Katarzyna\.stm32cubemx\thirdparties\pdsc\STMicroelectronics.FP-SNS-STBOX1.2.1.0.pdsc: PDSC version is not supported
2026-03-16 21:32:47,953 [WARN] PackLoader:240 - Cannot read IP mode file for STMicroelectronics.FP-SNS-SMARTAG2.1.2.0
2026-03-16 21:32:47,959 [ERROR] Engine:466 - C:\Users\Katarzyna\.stm32cubemx\thirdparties\pdsc\STMicroelectronics.FP-SNS-FLIGHT1.5.1.0.pdsc: PDSC version is not supported
2026-03-16 21:32:48,094 [WARN] PackLoader:240 - Cannot read IP mode file for STMicroelectronics.X-CUBE-MEMS1.11.1.0
2026-03-16 21:32:48,114 [INFO] WebApp:186 - Connection restablished
2026-03-16 21:32:48,517 [INFO] LogOutputStream:77 - [STDOUT_REDIRECT] 1 : Invalid condition id : UX_CORESTACK_Condition cause : null
2026-03-16 21:32:48,518 [INFO] LogOutputStream:77 - [STDOUT_REDIRECT] 1 : Invalid condition id : UX_CORESTACK_Condition cause : null
2026-03-16 21:32:48,520 [INFO] LogOutputStream:77 - [STDOUT_REDIRECT] 1 : Invalid condition id : UX_CORESTACK_Condition cause : null
2026-03-16 21:32:48,523 [INFO] LogOutputStream:77 - [STDOUT_REDIRECT] 1 : Invalid condition id : UX_CORESTACK_Condition cause : null
2026-03-16 21:32:48,525 [INFO] LogOutputStream:77 - [STDOUT_REDIRECT] 1 : Invalid condition id : UX_CORESTACK_Condition cause : null
2026-03-16 21:32:48,529 [WARN] PackLoader:240 - Cannot read IP mode file for STMicroelectronics.X-CUBE-AZRTOS-WL.2.0.0
2026-03-16 21:32:48,562 [WARN] PackLoader:240 - Cannot read IP mode file for STMicroelectronics.FP-SNS-MOTENV1.5.0.0
2026-03-16 21:32:48,638 [WARN] PackLoader:240 - Cannot read IP mode file for STMicroelectronics.X-CUBE-AZRTOS-H7RS.1.2.0
2026-03-16 21:32:48,655 [WARN] PackLoader:240 - Cannot read IP mode file for wolfSSL.I-CUBE-wolfMQTT.1.19.0
2026-03-16 21:32:48,690 [WARN] PackLoader:240 - Cannot read IP mode file for WES.I-CUBE-Cesium.1.3.0
2026-03-16 21:32:48,716 [WARN] PackLoader:240 - Cannot read IP mode file for STMicroelectronics.X-CUBE-BLE2.3.3.0
2026-03-16 21:32:48,722 [ERROR] Engine:466 - C:\Users\Katarzyna\.stm32cubemx\thirdparties\pdsc\Avnet-IOTCONNECT.X-CUBE-iotc-st67-sdk.1.0.0.pdsc: PDSC version is not supported
2026-03-16 21:32:48,757 [WARN] PackLoader:240 - Cannot read IP mode file for STMicroelectronics.X-CUBE-NFC9.1.0.0
2026-03-16 21:32:48,786 [WARN] PackLoader:240 - Cannot read IP mode file for STMicroelectronics.X-CUBE-BLE1.7.1.0
2026-03-16 21:32:48,820 [WARN] PackLoader:240 - Cannot read IP mode file for STMicroelectronics.X-CUBE-TCPP.4.1.0
2026-03-16 21:32:48,852 [ERROR] Engine:466 - C:\Users\Katarzyna\.stm32cubemx\thirdparties\pdsc\STMicroelectronics.X-CUBE-FREERTOS.1.4.0.pdsc: PDSC version is not supported
2026-03-16 21:32:48,884 [WARN] PackLoader:240 - Cannot read IP mode file for STMicroelectronics.X-CUBE-EEPRMA1.5.2.0
2026-03-16 21:32:48,919 [ERROR] Engine:466 - C:\Users\Katarzyna\.stm32cubemx\thirdparties\pdsc\STMicroelectronics.X-CUBE-ST67W61.1.1.0.pdsc: PDSC version is not supported
2026-03-16 21:32:49,054 [WARN] PackLoader:240 - Cannot read IP mode file for STMicroelectronics.X-CUBE-MEMS1.12.0.0
2026-03-16 21:32:49,239 [WARN] PackLoader:240 - Cannot read IP mode file for STMicroelectronics.X-CUBE-AZRTOS-G0.1.1.0
2026-03-16 21:32:49,276 [WARN] PackLoader:240 - Cannot read IP mode file for STMicroelectronics.X-CUBE-SAFEA1.1.2.2
2026-03-16 21:32:49,312 [WARN] PackLoader:240 - Cannot read IP mode file for STMicroelectronics.X-CUBE-NFC4.3.0.0
2026-03-16 21:32:49,351 [WARN] PackLoader:240 - Cannot read IP mode file for EmbeddedOffice.I-CUBE-FS-RTOS.1.0.1
2026-03-16 21:32:49,351 [ERROR] ConditionMgr:805 - Attr not supported : Dmpu
2026-03-16 21:32:49,351 [ERROR] ConditionMgr:805 - Attr not supported : Dmpu
2026-03-16 21:32:49,351 [ERROR] ConditionMgr:805 - Attr not supported : Dmpu
2026-03-16 21:32:49,351 [ERROR] ConditionMgr:805 - Attr not supported : Dmpu
2026-03-16 21:32:49,351 [ERROR] ConditionMgr:805 - Attr not supported : Dmpu
2026-03-16 21:32:49,351 [ERROR] ConditionMgr:805 - Attr not supported : Dmpu
2026-03-16 21:32:49,351 [ERROR] ConditionMgr:805 - Attr not supported : Dmpu
2026-03-16 21:32:49,351 [ERROR] ConditionMgr:805 - Attr not supported : Dmpu
2026-03-16 21:32:49,352 [ERROR] ConditionMgr:805 - Attr not supported : Dmpu
2026-03-16 21:32:49,352 [ERROR] ConditionMgr:805 - Attr not supported : Dmpu
2026-03-16 21:32:49,352 [ERROR] ConditionMgr:805 - Attr not supported : Dmpu
2026-03-16 21:32:49,352 [ERROR] ConditionMgr:805 - Attr not supported : Dmpu
2026-03-16 21:32:49,352 [ERROR] ConditionMgr:805 - Attr not supported : Dmpu
2026-03-16 21:32:49,352 [ERROR] ConditionMgr:805 - Attr not supported : Dmpu
2026-03-16 21:32:49,352 [ERROR] ConditionMgr:805 - Attr not supported : Dmpu
2026-03-16 21:32:49,352 [ERROR] ConditionMgr:805 - Attr not supported : Dmpu
2026-03-16 21:32:49,352 [ERROR] ConditionMgr:805 - Attr not supported : Dmpu
2026-03-16 21:32:49,352 [ERROR] ConditionMgr:805 - Attr not supported : Dmpu
2026-03-16 21:32:49,352 [ERROR] ConditionMgr:805 - Attr not supported : Dmpu
2026-03-16 21:32:49,352 [ERROR] ConditionMgr:805 - Attr not supported : Dmpu
2026-03-16 21:32:49,353 [ERROR] ConditionMgr:805 - Attr not supported : Dmpu
2026-03-16 21:32:49,353 [ERROR] ConditionMgr:805 - Attr not supported : Dmpu
2026-03-16 21:32:49,353 [ERROR] ConditionMgr:805 - Attr not supported : Dmpu
2026-03-16 21:32:49,353 [ERROR] ConditionMgr:805 - Attr not supported : Dmpu
2026-03-16 21:32:49,353 [ERROR] ConditionMgr:805 - Attr not supported : Dmpu
2026-03-16 21:32:49,353 [ERROR] ConditionMgr:805 - Attr not supported : Dmpu
2026-03-16 21:32:49,353 [ERROR] ConditionMgr:805 - Attr not supported : Dmpu
2026-03-16 21:32:49,353 [ERROR] ConditionMgr:805 - Attr not supported : Dmpu
2026-03-16 21:32:49,353 [ERROR] ConditionMgr:805 - Attr not supported : Dmpu
2026-03-16 21:32:49,353 [ERROR] ConditionMgr:805 - Attr not supported : Dmpu
2026-03-16 21:32:49,353 [ERROR] ConditionMgr:805 - Attr not supported : Dmpu
2026-03-16 21:32:49,353 [ERROR] ConditionMgr:805 - Attr not supported : Dmpu
2026-03-16 21:32:49,353 [ERROR] ConditionMgr:805 - Attr not supported : Dmpu
2026-03-16 21:32:49,354 [ERROR] ConditionMgr:805 - Attr not supported : Dmpu
2026-03-16 21:32:49,354 [ERROR] ConditionMgr:805 - Attr not supported : Dmpu
2026-03-16 21:32:49,354 [ERROR] ConditionMgr:805 - Attr not supported : Dmpu
2026-03-16 21:32:49,354 [ERROR] ConditionMgr:805 - Attr not supported : Dmpu
2026-03-16 21:32:49,354 [ERROR] ConditionMgr:805 - Attr not supported : Dmpu
2026-03-16 21:32:49,354 [ERROR] ConditionMgr:805 - Attr not supported : Dmpu
2026-03-16 21:32:49,354 [ERROR] ConditionMgr:805 - Attr not supported : Dmpu
2026-03-16 21:32:49,354 [ERROR] ConditionMgr:805 - Attr not supported : Dmpu
2026-03-16 21:32:49,354 [ERROR] ConditionMgr:805 - Attr not supported : Dmpu
2026-03-16 21:32:49,354 [ERROR] ConditionMgr:805 - Attr not supported : Dmpu
2026-03-16 21:32:49,355 [ERROR] ConditionMgr:805 - Attr not supported : Dmpu
2026-03-16 21:32:49,355 [ERROR] ConditionMgr:805 - Attr not supported : Dmpu
2026-03-16 21:32:49,355 [ERROR] ConditionMgr:805 - Attr not supported : Dmpu
2026-03-16 21:32:49,355 [ERROR] ConditionMgr:805 - Attr not supported : Dmpu
2026-03-16 21:32:49,355 [ERROR] ConditionMgr:805 - Attr not supported : Dmpu
2026-03-16 21:32:49,355 [ERROR] ConditionMgr:805 - Attr not supported : Dmpu
2026-03-16 21:32:49,355 [ERROR] ConditionMgr:805 - Attr not supported : Dmpu
2026-03-16 21:32:49,355 [ERROR] ConditionMgr:805 - Attr not supported : Dmpu
2026-03-16 21:32:49,355 [ERROR] ConditionMgr:805 - Attr not supported : Dmpu
2026-03-16 21:32:49,355 [ERROR] ConditionMgr:805 - Attr not supported : Dmpu
2026-03-16 21:32:49,356 [ERROR] ConditionMgr:805 - Attr not supported : Dmpu
2026-03-16 21:32:49,356 [ERROR] ConditionMgr:805 - Attr not supported : Dmpu
2026-03-16 21:32:49,356 [ERROR] ConditionMgr:805 - Attr not supported : Dmpu
2026-03-16 21:32:49,356 [ERROR] ConditionMgr:805 - Attr not supported : Dmpu
2026-03-16 21:32:49,356 [ERROR] ConditionMgr:805 - Attr not supported : Dmpu
2026-03-16 21:32:49,356 [ERROR] ConditionMgr:805 - Attr not supported : Dmpu
2026-03-16 21:32:49,356 [ERROR] ConditionMgr:805 - Attr not supported : Dmpu
2026-03-16 21:32:49,357 [ERROR] ConditionMgr:805 - Attr not supported : Dmpu
2026-03-16 21:32:49,357 [ERROR] ConditionMgr:805 - Attr not supported : Dmpu
2026-03-16 21:32:49,357 [ERROR] ConditionMgr:805 - Attr not supported : Dmpu
2026-03-16 21:32:49,357 [ERROR] ConditionMgr:805 - Attr not supported : Dmpu
2026-03-16 21:32:49,402 [WARN] PackLoader:240 - Cannot read IP mode file for STMicroelectronics.X-CUBE-WB05N.2.0.0
2026-03-16 21:32:49,429 [ERROR] Engine:466 - C:\Users\Katarzyna\.stm32cubemx\thirdparties\pdsc\STMicroelectronics.X-CUBE-TCPP.4.2.0.pdsc: PDSC version is not supported
2026-03-16 21:32:49,460 [WARN] PackLoader:240 - Cannot read IP mode file for RealThread.X-CUBE-RT-Thread_Nano.4.1.1
2026-03-16 21:32:49,482 [WARN] PackLoader:240 - Cannot read IP mode file for STMicroelectronics.FP-ATR-SIGFOX1.3.2.0
2026-03-16 21:32:49,510 [WARN] PackLoader:240 - Cannot read IP mode file for wolfSSL.I-CUBE-wolfSSL.5.7.2
2026-03-16 21:32:49,523 [WARN] ConditionMgr:438 - getConditionDescription Invalid condition id : Cortex-A Device cause : null
2026-03-16 21:32:49,572 [WARN] ConditionMgr:1039 - genDependencies : Invalid condition id : Cortex-A Device cause : null
2026-03-16 21:32:49,573 [WARN] ConditionMgr:1039 - genDependencies : Invalid condition id : Cortex-A Device cause : null
2026-03-16 21:32:49,573 [WARN] ConditionMgr:1039 - genDependencies : Invalid condition id : Cortex-A Device cause : null
2026-03-16 21:32:49,620 [WARN] PackLoader:240 - Cannot read IP mode file for STMicroelectronics.X-CUBE-EEPRMA1.5.1.0
2026-03-16 21:32:49,627 [ERROR] Engine:466 - C:\Users\Katarzyna\.stm32cubemx\thirdparties\pdsc\STMicroelectronics.X-CUBE-FREERTOS.1.5.0.pdsc: PDSC version is not supported
2026-03-16 21:32:49,660 [WARN] PackLoader:240 - Cannot read IP mode file for ITTIA_DB.I-CUBE-ITTIADB.8.9.0
2026-03-16 21:32:49,697 [WARN] PackLoader:240 - Cannot read IP mode file for STMicroelectronics.X-CUBE-NFC6.3.2.0
2026-03-16 21:32:49,726 [ERROR] Engine:466 - C:\Users\Katarzyna\.stm32cubemx\thirdparties\pdsc\STMicroelectronics.X-CUBE-ST67W61.1.0.0.pdsc: PDSC version is not supported
2026-03-16 21:32:49,757 [WARN] PackLoader:240 - Cannot read IP mode file for STMicroelectronics.X-CUBE-AI.10.2.0
2026-03-16 21:32:49,842 [WARN] PackLoader:240 - Cannot read IP mode file for SEGGER.I-CUBE-embOS.1.3.1
2026-03-16 21:32:49,928 [WARN] PackLoader:240 - Cannot read IP mode file for STMicroelectronics.X-CUBE-ALGOBUILD.1.4.0
2026-03-16 21:32:50,051 [WARN] PackLoader:240 - Cannot read IP mode file for STMicroelectronics.X-CUBE-MEMS1.11.3.0
2026-03-16 21:32:50,308 [WARN] PackLoader:240 - Cannot read IP mode file for STMicroelectronics.X-CUBE-AI.9.1.0
2026-03-16 21:32:50,334 [WARN] PackLoader:240 - Cannot read IP mode file for STMicroelectronics.X-CUBE-PM33A1.1.0.0
2026-03-16 21:32:50,394 [WARN] PackLoader:240 - Cannot read IP mode file for STMicroelectronics.X-CUBE-AZRTOS-F4.1.1.0
2026-03-16 21:32:50,426 [ERROR] Engine:466 - C:\Users\Katarzyna\.stm32cubemx\thirdparties\pdsc\Avnet-IotConnect.X-CUBE-IoTC-DA16k-PMOD.1.0.0.pdsc: PDSC version is not supported
2026-03-16 21:32:50,457 [WARN] PackLoader:240 - Cannot read IP mode file for STMicroelectronics.X-CUBE-ISPU.2.1.0
2026-03-16 21:32:50,494 [ERROR] Engine:466 - C:\Users\Katarzyna\.stm32cubemx\thirdparties\pdsc\STMicroelectronics.X-CUBE-IPS.3.2.0.pdsc: PDSC version is not supported
2026-03-16 21:32:50,521 [WARN] PackLoader:240 - Cannot read IP mode file for STMicroelectronics.X-CUBE-FREERTOS.1.2.0
2026-03-16 21:32:50,555 [WARN] PackLoader:240 - Cannot read IP mode file for STMicroelectronics.X-CUBE-NFC12.1.0.0
2026-03-16 21:32:50,618 [WARN] PackLoader:240 - Cannot read IP mode file for STMicroelectronics.X-CUBE-AZRTOS-L5.2.0.0
2026-03-16 21:32:50,656 [WARN] PackLoader:240 - Cannot read IP mode file for STMicroelectronics.X-CUBE-NFC6.3.1.0
2026-03-16 21:32:50,697 [WARN] PackLoader:240 - Cannot read IP mode file for STMicroelectronics.X-CUBE-DPower.1.2.0
2026-03-16 21:32:50,726 [WARN] PackLoader:240 - Cannot read IP mode file for STMicroelectronics.X-CUBE-FREERTOS.1.3.1
2026-03-16 21:32:50,754 [WARN] PackLoader:240 - Cannot read IP mode file for STMicroelectronics.X-CUBE-FREERTOS.1.3.0
2026-03-16 21:32:50,791 [WARN] PackLoader:240 - Cannot read IP mode file for STMicroelectronics.X-CUBE-NFC7.1.0.1
2026-03-16 21:32:50,817 [WARN] PackLoader:240 - Cannot read IP mode file for STMicroelectronics.X-CUBE-TOUCHGFX.4.26.0
2026-03-16 21:32:50,821 [WARN] PackLoader:240 - Cannot read IP mode file for STMicroelectronics.X-CUBE-TOUCHGFX.4.26.1
2026-03-16 21:32:50,849 [ERROR] Engine:466 - C:\Users\Katarzyna\.stm32cubemx\thirdparties\pdsc\STMicroelectronics.FP-SNS-STAIOTCFT.1.0.0.pdsc: PDSC version is not supported
2026-03-16 21:32:50,880 [WARN] PackLoader:240 - Cannot read IP mode file for STMicroelectronics.X-CUBE-DPower.1.3.0
2026-03-16 21:32:50,949 [WARN] ConditionMgr:438 - getConditionDescription Invalid condition id : LAN8742 Phy interface Condition cause : null
2026-03-16 21:32:50,950 [WARN] PackLoader:240 - Cannot read IP mode file for STMicroelectronics.X-CUBE-AZRTOS-L4.2.0.0
2026-03-16 21:32:50,952 [WARN] ConditionMgr:1039 - genDependencies : Invalid condition id : LAN8742 Phy interface Condition cause : null
2026-03-16 21:32:50,953 [WARN] ConditionMgr:1039 - genDependencies : Invalid condition id : LAN8742 Phy interface Condition cause : null
2026-03-16 21:32:50,963 [WARN] ConditionMgr:1039 - genDependencies : Invalid condition id : LAN8742 Phy interface Condition cause : null
2026-03-16 21:32:50,995 [WARN] PackLoader:240 - Cannot read IP mode file for STMicroelectronics.X-CUBE-SFXS2LP1.4.0.0
2026-03-16 21:32:51,026 [ERROR] Engine:466 - C:\Users\Katarzyna\.stm32cubemx\thirdparties\pdsc\STMicroelectronics.X-CUBE-ST67W61.1.2.0.pdsc: PDSC version is not supported
2026-03-16 21:32:51,094 [WARN] PackLoader:240 - Cannot read IP mode file for STMicroelectronics.X-CUBE-AZRTOS-H7.3.3.0
2026-03-16 21:32:51,129 [ERROR] Engine:466 - C:\Users\Katarzyna\.stm32cubemx\thirdparties\pdsc\STMicroelectronics.X-CUBE-BLEMGR.4.1.0.pdsc: PDSC version is not supported
2026-03-16 21:32:51,179 [WARN] PackLoader:240 - Cannot read IP mode file for STMicroelectronics.X-CUBE-IPS.3.0.0
2026-03-16 21:32:51,244 [WARN] ConditionMgr:438 - getConditionDescription Invalid condition id : UX DEVICE CLASS RTOS Condition cause : null
2026-03-16 21:32:51,245 [WARN] ConditionMgr:438 - getConditionDescription Invalid condition id : UX DEVICE CLASS RTOS Condition cause : null
2026-03-16 21:32:51,249 [WARN] PackLoader:240 - Cannot read IP mode file for STMicroelectronics.X-CUBE-AZRTOS-WB.2.0.0
2026-03-16 21:32:51,250 [WARN] ConditionMgr:1039 - genDependencies : Invalid condition id : UX DEVICE CLASS RTOS Condition cause : null
2026-03-16 21:32:51,251 [WARN] ConditionMgr:1039 - genDependencies : Invalid condition id : UX DEVICE CLASS RTOS Condition cause : null
2026-03-16 21:32:51,252 [WARN] ConditionMgr:1039 - genDependencies : Invalid condition id : UX DEVICE CLASS RTOS Condition cause : null
2026-03-16 21:32:51,252 [WARN] ConditionMgr:1039 - genDependencies : Invalid condition id : UX DEVICE CLASS RTOS Condition cause : null
2026-03-16 21:32:51,253 [WARN] ConditionMgr:1039 - genDependencies : Invalid condition id : UX DEVICE CLASS RTOS Condition cause : null
2026-03-16 21:32:51,284 [WARN] PackLoader:240 - Cannot read IP mode file for STMicroelectronics.X-CUBE-GNSS1.7.0.0
2026-03-16 21:32:51,312 [WARN] PackLoader:240 - Cannot read IP mode file for STMicroelectronics.X-CUBE-GNSS1.7.0.1
2026-03-16 21:32:51,350 [WARN] PackLoader:240 - Cannot read IP mode file for STMicroelectronics.X-CUBE-TOUCHGFX.4.25.0
2026-03-16 21:32:51,386 [WARN] PackLoader:240 - Cannot read IP mode file for STMicroelectronics.FP-SNS-STBOX1.2.0.0
2026-03-16 21:32:51,425 [WARN] PackLoader:240 - Cannot read IP mode file for STMicroelectronics.X-CUBE-STSE01.2.0.0
2026-03-16 21:32:51,470 [WARN] PackLoader:240 - Cannot read IP mode file for STMicroelectronics.X-CUBE-SUBG2.5.0.0
2026-03-16 21:32:51,545 [WARN] PackLoader:240 - Cannot read IP mode file for STMicroelectronics.X-CUBE-AZRTOS-H7RS.1.1.0
2026-03-16 21:32:51,561 [WARN] PackLoader:240 - Cannot read IP mode file for Cesanta.I-CUBE-Mongoose.7.13.0
2026-03-16 21:32:51,632 [WARN] PackLoader:240 - Cannot read IP mode file for STMicroelectronics.X-CUBE-AZRTOS-G4.2.0.0
2026-03-16 21:32:51,665 [WARN] PackLoader:240 - Cannot read IP mode file for STMicroelectronics.X-CUBE-NFC7.2.0.0
2026-03-16 21:32:51,707 [ERROR] Engine:466 - C:\Users\Katarzyna\.stm32cubemx\thirdparties\pdsc\STMicroelectronics.X-CUBE-IPS.3.1.0.pdsc: PDSC version is not supported
2026-03-16 21:32:51,742 [WARN] PackLoader:240 - Cannot read IP mode file for STMicroelectronics.X-CUBE-ALS.1.0.2
2026-03-16 21:32:51,770 [WARN] PackLoader:240 - Cannot read IP mode file for STMicroelectronics.X-CUBE-TOUCHGFX.4.24.2
2026-03-16 21:32:51,799 [WARN] PackLoader:240 - Cannot read IP mode file for STMicroelectronics.X-CUBE-TOUCHGFX.4.24.1
2026-03-16 21:32:51,838 [WARN] PackLoader:240 - Cannot read IP mode file for STMicroelectronics.X-CUBE-STSE01.1.0.0
2026-03-16 21:32:51,848 [WARN] PackLoader:240 - Cannot read IP mode file for wolfSSL.I-CUBE-wolfTPM.3.4.0
2026-03-16 21:32:51,879 [WARN] PackLoader:240 - Cannot read IP mode file for portGmbH.I-Cube-SoM-uGOAL.1.1.0
2026-03-16 21:32:51,948 [WARN] PackLoader:240 - Cannot read IP mode file for STMicroelectronics.X-CUBE-AZRTOS-H7RS.1.0.0
2026-03-16 21:32:51,983 [WARN] PackLoader:240 - Cannot read IP mode file for STMicroelectronics.FP-ATR-ASTRA1.2.0.0
2026-03-16 21:32:52,030 [WARN] PackLoader:240 - Cannot read IP mode file for STMicroelectronics.X-CUBE-TOF1.3.4.2
2026-03-16 21:32:52,087 [ERROR] Engine:466 - C:\Users\Katarzyna\.stm32cubemx\thirdparties\pdsc\STMicroelectronics.X-CUBE-TOF1.3.4.3.pdsc: PDSC version is not supported
2026-03-16 21:32:52,153 [WARN] PackLoader:240 - Cannot read IP mode file for Infineon.AIROC-Wi-Fi-Bluetooth-STM32.1.6.1
2026-03-16 21:32:52,166 [WARN] PackLoader:240 - Cannot read IP mode file for wolfSSL.I-CUBE-wolfSSH.1.4.17
2026-03-16 21:32:52,167 [INFO] ThirdParty:978 - Integrity check success = true
2026-03-16 21:32:52,168 [INFO] IntegrityCheckThread:100 - exiting critical section [integrity check]
2026-03-16 21:32:52,168 [INFO] IntegrityCheckThread:103 - End integrity checks thread
2026-03-16 21:35:44,968 [ERROR] LogOutputStream:75 - [STDERR_REDIRECT] 
