21:34:04 **** Incremental Build of configuration Debug for project TheWatch ****
make -j8 all 
arm-none-eabi-gcc "../Core/Inc/Manager/manager.c" -mcpu=cortex-m0 -std=gnu11 -g3 -DDEBUG -DUSE_HAL_DRIVER -DSTM32F091xC -c -I../Core/Inc -I../Drivers/STM32F0xx_HAL_Driver/Inc -I../Drivers/STM32F0xx_HAL_Driver/Inc/Legacy -I../Drivers/CMSIS/Device/ST/STM32F0xx/Include -I../Drivers/CMSIS/Include -O0 -ffunction-sections -fdata-sections -Wall -fstack-usage -fcyclomatic-complexity -MMD -MP -MF"Core/Inc/Manager/manager.d" -MT"Core/Inc/Manager/manager.o" --specs=nano.specs -mfloat-abi=soft -mthumb -o "Core/Inc/Manager/manager.o"
../Core/Inc/Manager/manager.c: In function 'SetTimeMachine':
../Core/Inc/Manager/manager.c:28:1: warning: control reaches end of non-void function [-Wreturn-type]
   28 | }
      | ^
../Core/Inc/Manager/manager.c: In function 'SetAlarmMachine':
../Core/Inc/Manager/manager.c:32:1: warning: control reaches end of non-void function [-Wreturn-type]
   32 | }
      | ^
arm-none-eabi-gcc -o "TheWatch.elf" @"objects.list"   -mcpu=cortex-m0 -T"C:\Users\Katarzyna\Documents\PROJECTS\NI-watch\software\TheWatch\STM32F091RCTX_FLASH.ld" --specs=nosys.specs -Wl,-Map="TheWatch.map" -Wl,--gc-sections -static --specs=nano.specs -mfloat-abi=soft -mthumb -Wl,--start-group -lc -lm -Wl,--end-group
C:/ST/STM32CubeIDE_1.16.1/STM32CubeIDE/plugins/com.st.stm32cube.ide.mcu.externaltools.gnu-tools-for-stm32.12.3.rel1.win32_1.0.200.202406191623/tools/bin/../lib/gcc/arm-none-eabi/12.3.1/../../../../arm-none-eabi/bin/ld.exe: warning: TheWatch.elf has a LOAD segment with RWX permissions
Finished building target: TheWatch.elf
 
arm-none-eabi-size  TheWatch.elf 
arm-none-eabi-objdump -h -S TheWatch.elf  > "TheWatch.list"
   text	   data	    bss	    dec	    hex	filename
  20020	    128	   2208	  22356	   5754	TheWatch.elf
Finished building: default.size.stdout
 
Finished building: TheWatch.list
 
21:34:19 **** Incremental Build of configuration Debug for project TheWatch ****
make -j8 all 
arm-none-eabi-size  TheWatch.elf 
   text	   data	    bss	    dec	    hex	filename
  20020	    128	   2208	  22356	   5754	TheWatch.elf
Finished building: default.size.stdout
 
