Archive member included to satisfy reference by file (symbol)

C:/ST/STM32CubeIDE_1.16.1/STM32CubeIDE/plugins/com.st.stm32cube.ide.mcu.externaltools.gnu-tools-for-stm32.12.3.rel1.win32_1.0.200.202406191623/tools/bin/../lib/gcc/arm-none-eabi/12.3.1/../../../../arm-none-eabi/lib/thumb/v6-m/nofp\libc_nano.a(libc_a-exit.o)
                              C:/ST/STM32CubeIDE_1.16.1/STM32CubeIDE/plugins/com.st.stm32cube.ide.mcu.externaltools.gnu-tools-for-stm32.12.3.rel1.win32_1.0.200.202406191623/tools/bin/../lib/gcc/arm-none-eabi/12.3.1/../../../../arm-none-eabi/lib/thumb/v6-m/nofp/crt0.o (exit)
C:/ST/STM32CubeIDE_1.16.1/STM32CubeIDE/plugins/com.st.stm32cube.ide.mcu.externaltools.gnu-tools-for-stm32.12.3.rel1.win32_1.0.200.202406191623/tools/bin/../lib/gcc/arm-none-eabi/12.3.1/../../../../arm-none-eabi/lib/thumb/v6-m/nofp\libc_nano.a(libc_a-findfp.o)
                              C:/ST/STM32CubeIDE_1.16.1/STM32CubeIDE/plugins/com.st.stm32cube.ide.mcu.externaltools.gnu-tools-for-stm32.12.3.rel1.win32_1.0.200.202406191623/tools/bin/../lib/gcc/arm-none-eabi/12.3.1/../../../../arm-none-eabi/lib/thumb/v6-m/nofp\libc_nano.a(libc_a-exit.o) (__stdio_exit_handler)
C:/ST/STM32CubeIDE_1.16.1/STM32CubeIDE/plugins/com.st.stm32cube.ide.mcu.externaltools.gnu-tools-for-stm32.12.3.rel1.win32_1.0.200.202406191623/tools/bin/../lib/gcc/arm-none-eabi/12.3.1/../../../../arm-none-eabi/lib/thumb/v6-m/nofp\libc_nano.a(libc_a-fwalk.o)
                              C:/ST/STM32CubeIDE_1.16.1/STM32CubeIDE/plugins/com.st.stm32cube.ide.mcu.externaltools.gnu-tools-for-stm32.12.3.rel1.win32_1.0.200.202406191623/tools/bin/../lib/gcc/arm-none-eabi/12.3.1/../../../../arm-none-eabi/lib/thumb/v6-m/nofp\libc_nano.a(libc_a-findfp.o) (_fwalk_sglue)
C:/ST/STM32CubeIDE_1.16.1/STM32CubeIDE/plugins/com.st.stm32cube.ide.mcu.externaltools.gnu-tools-for-stm32.12.3.rel1.win32_1.0.200.202406191623/tools/bin/../lib/gcc/arm-none-eabi/12.3.1/../../../../arm-none-eabi/lib/thumb/v6-m/nofp\libc_nano.a(libc_a-stdio.o)
                              C:/ST/STM32CubeIDE_1.16.1/STM32CubeIDE/plugins/com.st.stm32cube.ide.mcu.externaltools.gnu-tools-for-stm32.12.3.rel1.win32_1.0.200.202406191623/tools/bin/../lib/gcc/arm-none-eabi/12.3.1/../../../../arm-none-eabi/lib/thumb/v6-m/nofp\libc_nano.a(libc_a-findfp.o) (__sread)
C:/ST/STM32CubeIDE_1.16.1/STM32CubeIDE/plugins/com.st.stm32cube.ide.mcu.externaltools.gnu-tools-for-stm32.12.3.rel1.win32_1.0.200.202406191623/tools/bin/../lib/gcc/arm-none-eabi/12.3.1/../../../../arm-none-eabi/lib/thumb/v6-m/nofp\libc_nano.a(libc_a-memset.o)
                              C:/ST/STM32CubeIDE_1.16.1/STM32CubeIDE/plugins/com.st.stm32cube.ide.mcu.externaltools.gnu-tools-for-stm32.12.3.rel1.win32_1.0.200.202406191623/tools/bin/../lib/gcc/arm-none-eabi/12.3.1/../../../../arm-none-eabi/lib/thumb/v6-m/nofp/crt0.o (memset)
C:/ST/STM32CubeIDE_1.16.1/STM32CubeIDE/plugins/com.st.stm32cube.ide.mcu.externaltools.gnu-tools-for-stm32.12.3.rel1.win32_1.0.200.202406191623/tools/bin/../lib/gcc/arm-none-eabi/12.3.1/../../../../arm-none-eabi/lib/thumb/v6-m/nofp\libc_nano.a(libc_a-closer.o)
                              C:/ST/STM32CubeIDE_1.16.1/STM32CubeIDE/plugins/com.st.stm32cube.ide.mcu.externaltools.gnu-tools-for-stm32.12.3.rel1.win32_1.0.200.202406191623/tools/bin/../lib/gcc/arm-none-eabi/12.3.1/../../../../arm-none-eabi/lib/thumb/v6-m/nofp\libc_nano.a(libc_a-stdio.o) (_close_r)
C:/ST/STM32CubeIDE_1.16.1/STM32CubeIDE/plugins/com.st.stm32cube.ide.mcu.externaltools.gnu-tools-for-stm32.12.3.rel1.win32_1.0.200.202406191623/tools/bin/../lib/gcc/arm-none-eabi/12.3.1/../../../../arm-none-eabi/lib/thumb/v6-m/nofp\libc_nano.a(libc_a-reent.o)
                              C:/ST/STM32CubeIDE_1.16.1/STM32CubeIDE/plugins/com.st.stm32cube.ide.mcu.externaltools.gnu-tools-for-stm32.12.3.rel1.win32_1.0.200.202406191623/tools/bin/../lib/gcc/arm-none-eabi/12.3.1/../../../../arm-none-eabi/lib/thumb/v6-m/nofp\libc_nano.a(libc_a-closer.o) (errno)
C:/ST/STM32CubeIDE_1.16.1/STM32CubeIDE/plugins/com.st.stm32cube.ide.mcu.externaltools.gnu-tools-for-stm32.12.3.rel1.win32_1.0.200.202406191623/tools/bin/../lib/gcc/arm-none-eabi/12.3.1/../../../../arm-none-eabi/lib/thumb/v6-m/nofp\libc_nano.a(libc_a-impure.o)
                              C:/ST/STM32CubeIDE_1.16.1/STM32CubeIDE/plugins/com.st.stm32cube.ide.mcu.externaltools.gnu-tools-for-stm32.12.3.rel1.win32_1.0.200.202406191623/tools/bin/../lib/gcc/arm-none-eabi/12.3.1/../../../../arm-none-eabi/lib/thumb/v6-m/nofp\libc_nano.a(libc_a-reent.o) (_impure_ptr)
C:/ST/STM32CubeIDE_1.16.1/STM32CubeIDE/plugins/com.st.stm32cube.ide.mcu.externaltools.gnu-tools-for-stm32.12.3.rel1.win32_1.0.200.202406191623/tools/bin/../lib/gcc/arm-none-eabi/12.3.1/../../../../arm-none-eabi/lib/thumb/v6-m/nofp\libc_nano.a(libc_a-lseekr.o)
[...]
Memory Configuration

Name             Origin             Length             Attributes
RAM              0x20000000         0x00008000         xrw
FLASH            0x08000000         0x00040000         xr
*default*        0x00000000         0xffffffff

Linker script and memory map

LOAD C:/ST/STM32CubeIDE_1.16.1/STM32CubeIDE/plugins/com.st.stm32cube.ide.mcu.externaltools.gnu-tools-for-stm32.12.3.rel1.win32_1.0.200.202406191623/tools/bin/../lib/gcc/arm-none-eabi/12.3.1/thumb/v6-m/nofp/crti.o
LOAD C:/ST/STM32CubeIDE_1.16.1/STM32CubeIDE/plugins/com.st.stm32cube.ide.mcu.externaltools.gnu-tools-for-stm32.12.3.rel1.win32_1.0.200.202406191623/tools/bin/../lib/gcc/arm-none-eabi/12.3.1/thumb/v6-m/nofp/crtbegin.o
LOAD C:/ST/STM32CubeIDE_1.16.1/STM32CubeIDE/plugins/com.st.stm32cube.ide.mcu.externaltools.gnu-tools-for-stm32.12.3.rel1.win32_1.0.200.202406191623/tools/bin/../lib/gcc/arm-none-eabi/12.3.1/../../../../arm-none-eabi/lib/thumb/v6-m/nofp/crt0.o
START GROUP
LOAD C:/ST/STM32CubeIDE_1.16.1/STM32CubeIDE/plugins/com.st.stm32cube.ide.mcu.externaltools.gnu-tools-for-stm32.12.3.rel1.win32_1.0.200.202406191623/tools/bin/../lib/gcc/arm-none-eabi/12.3.1/../../../../arm-none-eabi/lib/thumb/v6-m/nofp\libc_nano.a
LOAD C:/ST/STM32CubeIDE_1.16.1/STM32CubeIDE/plugins/com.st.stm32cube.ide.mcu.externaltools.gnu-tools-for-stm32.12.3.rel1.win32_1.0.200.202406191623/tools/bin/../lib/gcc/arm-none-eabi/12.3.1/../../../../arm-none-eabi/lib/thumb/v6-m/nofp\libm.a
END GROUP
LOAD CMakeFiles/NIWatch.dir/Core/Src/main.c.obj
LOAD CMakeFiles/NIWatch.dir/Core/Src/stm32f0xx_it.c.obj
LOAD CMakeFiles/NIWatch.dir/Drivers/STM32F0xx_HAL_Driver/Src/stm32f0xx_ll_pwr.c.obj
LOAD CMakeFiles/NIWatch.dir/Drivers/STM32F0xx_HAL_Driver/Src/stm32f0xx_ll_exti.c.obj
LOAD CMakeFiles/NIWatch.dir/Drivers/STM32F0xx_HAL_Driver/Src/stm32f0xx_ll_gpio.c.obj
LOAD CMakeFiles/NIWatch.dir/Drivers/STM32F0xx_HAL_Driver/Src/stm32f0xx_ll_rcc.c.obj
LOAD CMakeFiles/NIWatch.dir/Drivers/STM32F0xx_HAL_Driver/Src/stm32f0xx_ll_utils.c.obj
LOAD CMakeFiles/NIWatch.dir/Core/Src/system_stm32f0xx.c.obj
LOAD CMakeFiles/NIWatch.dir/Core/Src/sysmem.c.obj
LOAD CMakeFiles/NIWatch.dir/Core/Src/syscalls.c.obj
LOAD CMakeFiles/NIWatch.dir/startup_stm32f091xc.s.obj
START GROUP
LOAD C:/ST/STM32CubeIDE_1.16.1/STM32CubeIDE/plugins/com.st.stm32cube.ide.mcu.externaltools.gnu-tools-for-stm32.12.3.rel1.win32_1.0.200.202406191623/tools/bin/../lib/gcc/arm-none-eabi/12.3.1/thumb/v6-m/nofp\libgcc.a
LOAD C:/ST/STM32CubeIDE_1.16.1/STM32CubeIDE/plugins/com.st.stm32cube.ide.mcu.externaltools.gnu-tools-for-stm32.12.3.rel1.win32_1.0.200.202406191623/tools/bin/../lib/gcc/arm-none-eabi/12.3.1/../../../../arm-none-eabi/lib/thumb/v6-m/nofp\libg_nano.a
LOAD C:/ST/STM32CubeIDE_1.16.1/STM32CubeIDE/plugins/com.st.stm32cube.ide.mcu.externaltools.gnu-tools-for-stm32.12.3.rel1.win32_1.0.200.202406191623/tools/bin/../lib/gcc/arm-none-eabi/12.3.1/../../../../arm-none-eabi/lib/thumb/v6-m/nofp\libc_nano.a
END GROUP
START GROUP
LOAD C:/ST/STM32CubeIDE_1.16.1/STM32CubeIDE/plugins/com.st.stm32cube.ide.mcu.externaltools.gnu-tools-for-stm32.12.3.rel1.win32_1.0.200.202406191623/tools/bin/../lib/gcc/arm-none-eabi/12.3.1/thumb/v6-m/nofp\libgcc.a
LOAD C:/ST/STM32CubeIDE_1.16.1/STM32CubeIDE/plugins/com.st.stm32cube.ide.mcu.externaltools.gnu-tools-for-stm32.12.3.rel1.win32_1.0.200.202406191623/tools/bin/../lib/gcc/arm-none-eabi/12.3.1/../../../../arm-none-eabi/lib/thumb/v6-m/nofp\libc_nano.a
END GROUP
LOAD C:/ST/STM32CubeIDE_1.16.1/STM32CubeIDE/plugins/com.st.stm32cube.ide.mcu.externaltools.gnu-tools-for-stm32.12.3.rel1.win32_1.0.200.202406191623/tools/bin/../lib/gcc/arm-none-eabi/12.3.1/thumb/v6-m/nofp/crtend.o
LOAD C:/ST/STM32CubeIDE_1.16.1/STM32CubeIDE/plugins/com.st.stm32cube.ide.mcu.externaltools.gnu-tools-for-stm32.12.3.rel1.win32_1.0.200.202406191623/tools/bin/../lib/gcc/arm-none-eabi/12.3.1/thumb/v6-m/nofp/crtn.o
                0x20008000                        _estack = (ORIGIN (RAM) + LENGTH (RAM))
                0x00000200                        _Min_Heap_Size = 0x200
                0x00000400                        _Min_Stack_Size = 0x400

.isr_vector     0x08000000       0xbc
                0x08000000                        . = ALIGN (0x4)
 *(.isr_vector)
 .isr_vector    0x08000000       0xbc CMakeFiles/NIWatch.dir/startup_stm32f091xc.s.obj
                0x08000000                g_pfnVectors
                0x080000bc                        . = ALIGN (0x4)

.text           0x080000bc      0x910
                0x080000bc                        . = ALIGN (0x4)
 *(.text)
 .text          0x080000bc       0x48 C:/ST/STM32CubeIDE_1.16.1/STM32CubeIDE/plugins/com.st.stm32cube.ide.mcu.externaltools.gnu-tools-for-stm32.12.3.rel1.win32_1.0.200.202406191623/tools/bin/../lib/gcc/arm-none-eabi/12.3.1/thumb/v6-m/nofp/crtbegin.o
 .text          0x08000104      0x114 C:/ST/STM32CubeIDE_1.16.1/STM32CubeIDE/plugins/com.st.stm32cube.ide.mcu.externaltools.gnu-tools-for-stm32.12.3.rel1.win32_1.0.200.202406191623/tools/bin/../lib/gcc/arm-none-eabi/12.3.1/thumb/v6-m/nofp\libgcc.a(_udivsi3.o)
                0x08000104                __aeabi_uidiv
                0x08000104                __udivsi3
                0x08000210                __aeabi_uidivmod
 .text          0x08000218        0x4 C:/ST/STM32CubeIDE_1.16.1/STM32CubeIDE/plugins/com.st.stm32cube.ide.mcu.externaltools.gnu-tools-for-stm32.12.3.rel1.win32_1.0.200.202406191623/tools/bin/../lib/gcc/arm-none-eabi/12.3.1/thumb/v6-m/nofp\libgcc.a(_dvmd_tls.o)
                0x08000218                __aeabi_idiv0
                0x08000218                __aeabi_ldiv0
 *(.text*)
 .text.memset   0x0800021c       0x10 C:/ST/STM32CubeIDE_1.16.1/STM32CubeIDE/plugins/com.st.stm32cube.ide.mcu.externaltools.gnu-tools-for-stm32.12.3.rel1.win32_1.0.200.202406191623/tools/bin/../lib/gcc/arm-none-eabi/12.3.1/../../../../arm-none-eabi/lib/thumb/v6-m/nofp\libc_nano.a(libc_a-memset.o)
                0x0800021c                memset
 .text.__libc_init_array
                0x0800022c       0x48 C:/ST/STM32CubeIDE_1.16.1/STM32CubeIDE/plugins/com.st.stm32cube.ide.mcu.externaltools.gnu-tools-for-stm32.12.3.rel1.win32_1.0.200.202406191623/tools/bin/../lib/gcc/arm-none-eabi/12.3.1/../../../../arm-none-eabi/lib/thumb/v6-m/nofp\libc_nano.a(libc_a-init.o)
                0x0800022c                __libc_init_array
 .text.__NVIC_SetPriority
                0x08000274       0xdc CMakeFiles/NIWatch.dir/Core/Src/main.c.obj
 .text.LL_RCC_HSI_Enable
                0x08000350       0x1c CMakeFiles/NIWatch.dir/Core/Src/main.c.obj
 .text.LL_RCC_HSI_IsReady
                0x0800036c       0x20 CMakeFiles/NIWatch.dir/Core/Src/main.c.obj
 .text.LL_RCC_HSI_SetCalibTrimming
                0x0800038c       0x28 CMakeFiles/NIWatch.dir/Core/Src/main.c.obj
 .text.LL_RCC_SetSysClkSource
                0x080003b4       0x28 CMakeFiles/NIWatch.dir/Core/Src/main.c.obj
 .text.LL_RCC_GetSysClkSource
                0x080003dc       0x18 CMakeFiles/NIWatch.dir/Core/Src/main.c.obj
 .text.LL_RCC_SetAHBPrescaler
                0x080003f4       0x28 CMakeFiles/NIWatch.dir/Core/Src/main.c.obj
 .text.LL_RCC_SetAPB1Prescaler
                0x0800041c       0x2c CMakeFiles/NIWatch.dir/Core/Src/main.c.obj
 .text.LL_AHB1_GRP1_EnableClock
                0x08000448       0x2c CMakeFiles/NIWatch.dir/Core/Src/main.c.obj
 .text.LL_APB1_GRP1_EnableClock
                0x08000474       0x2c CMakeFiles/NIWatch.dir/Core/Src/main.c.obj
 .text.LL_APB1_GRP2_EnableClock
                0x080004a0       0x2c CMakeFiles/NIWatch.dir/Core/Src/main.c.obj
 .text.LL_FLASH_SetLatency
                0x080004cc       0x28 CMakeFiles/NIWatch.dir/Core/Src/main.c.obj
 .text.LL_FLASH_GetLatency
                0x080004f4       0x18 CMakeFiles/NIWatch.dir/Core/Src/main.c.obj
 .text.LL_GPIO_SetOutputPin
                0x0800050c       0x18 CMakeFiles/NIWatch.dir/Core/Src/main.c.obj
 .text.LL_GPIO_ResetOutputPin
                0x08000524       0x18 CMakeFiles/NIWatch.dir/Core/Src/main.c.obj
 .text.main     0x0800053c       0x58 CMakeFiles/NIWatch.dir/Core/Src/main.c.obj
                0x0800053c                main
 .text.SystemClock_Config
                0x08000594       0x60 CMakeFiles/NIWatch.dir/Core/Src/main.c.obj
                0x08000594                SystemClock_Config
 .text.MX_GPIO_Init
                0x080005f4       0x52 CMakeFiles/NIWatch.dir/Core/Src/main.c.obj
                0x080005f4                MX_GPIO_Init
 .text.NMI_Handler
                0x08000646        0x8 CMakeFiles/NIWatch.dir/Core/Src/stm32f0xx_it.c.obj
                0x08000646                NMI_Handler
 .text.HardFault_Handler
                0x0800064e        0x8 CMakeFiles/NIWatch.dir/Core/Src/stm32f0xx_it.c.obj
                0x0800064e                HardFault_Handler
 .text.SVC_Handler
                0x08000656        0xa CMakeFiles/NIWatch.dir/Core/Src/stm32f0xx_it.c.obj
                0x08000656                SVC_Handler
 .text.PendSV_Handler
                0x08000660        0xa CMakeFiles/NIWatch.dir/Core/Src/stm32f0xx_it.c.obj
                0x08000660                PendSV_Handler
 .text.SysTick_Handler
                0x0800066a        0xa CMakeFiles/NIWatch.dir/Core/Src/stm32f0xx_it.c.obj
                0x0800066a                SysTick_Handler
 .text.LL_GPIO_SetPinMode
                0x08000674       0x38 CMakeFiles/NIWatch.dir/Drivers/STM32F0xx_HAL_Driver/Src/stm32f0xx_ll_gpio.c.obj
 .text.LL_GPIO_SetPinOutputType
                0x080006ac       0x2a CMakeFiles/NIWatch.dir/Drivers/STM32F0xx_HAL_Driver/Src/stm32f0xx_ll_gpio.c.obj
 .text.LL_GPIO_SetPinSpeed
                0x080006d6       0x38 CMakeFiles/NIWatch.dir/Drivers/STM32F0xx_HAL_Driver/Src/stm32f0xx_ll_gpio.c.obj
 .text.LL_GPIO_SetPinPull
                0x0800070e       0x38 CMakeFiles/NIWatch.dir/Drivers/STM32F0xx_HAL_Driver/Src/stm32f0xx_ll_gpio.c.obj
 .text.LL_GPIO_SetAFPin_0_7
                0x08000746       0x46 CMakeFiles/NIWatch.dir/Drivers/STM32F0xx_HAL_Driver/Src/stm32f0xx_ll_gpio.c.obj
 .text.LL_GPIO_SetAFPin_8_15
                0x0800078c       0x5a CMakeFiles/NIWatch.dir/Drivers/STM32F0xx_HAL_Driver/Src/stm32f0xx_ll_gpio.c.obj
 .text.LL_GPIO_Init
                0x080007e6       0xb8 CMakeFiles/NIWatch.dir/Drivers/STM32F0xx_HAL_Driver/Src/stm32f0xx_ll_gpio.c.obj
                0x080007e6                LL_GPIO_Init
 *fill*         0x0800089e        0x2 
 .text.LL_InitTick
                0x080008a0       0x34 CMakeFiles/NIWatch.dir/Drivers/STM32F0xx_HAL_Driver/Src/stm32f0xx_ll_utils.c.obj
 .text.LL_Init1msTick
                0x080008d4       0x1e CMakeFiles/NIWatch.dir/Drivers/STM32F0xx_HAL_Driver/Src/stm32f0xx_ll_utils.c.obj
                0x080008d4                LL_Init1msTick
 *fill*         0x080008f2        0x2 
 .text.LL_mDelay
                0x080008f4       0x44 CMakeFiles/NIWatch.dir/Drivers/STM32F0xx_HAL_Driver/Src/stm32f0xx_ll_utils.c.obj
                0x080008f4                LL_mDelay
 .text.LL_SetSystemCoreClock
                0x08000938       0x1c CMakeFiles/NIWatch.dir/Drivers/STM32F0xx_HAL_Driver/Src/stm32f0xx_ll_utils.c.obj
                0x08000938                LL_SetSystemCoreClock
 .text.SystemInit
                0x08000954        0xa CMakeFiles/NIWatch.dir/Core/Src/system_stm32f0xx.c.obj
                0x08000954                SystemInit
 *fill*         0x0800095e        0x2 
 .text.Reset_Handler
                0x08000960       0x50 CMakeFiles/NIWatch.dir/startup_stm32f091xc.s.obj
                0x08000960                Reset_Handler
 .text.Default_Handler
                0x080009b0        0x2 CMakeFiles/NIWatch.dir/startup_stm32f091xc.s.obj
                0x080009b0                TIM1_CC_IRQHandler
                0x080009b0                TSC_IRQHandler
                0x080009b0                ADC1_COMP_IRQHandler
                0x080009b0                I2C1_IRQHandler
                0x080009b0                RCC_CRS_IRQHandler
                0x080009b0                SPI1_IRQHandler
                0x080009b0                TIM6_DAC_IRQHandler
                0x080009b0                DMA1_Ch1_IRQHandler
                0x080009b0                EXTI2_3_IRQHandler
                0x080009b0                I2C2_IRQHandler
                0x080009b0                TIM17_IRQHandler
                0x080009b0                CEC_CAN_IRQHandler
                0x080009b0                RTC_IRQHandler
                0x080009b0                PVD_VDDIO2_IRQHandler
                0x080009b0                TIM16_IRQHandler
                0x080009b0                TIM3_IRQHandler
                0x080009b0                EXTI4_15_IRQHandler
                0x080009b0                USART3_8_IRQHandler
                0x080009b0                Default_Handler
                0x080009b0                TIM14_IRQHandler
                0x080009b0                TIM7_IRQHandler
                0x080009b0                TIM15_IRQHandler
                0x080009b0                EXTI0_1_IRQHandler
                0x080009b0                SPI2_IRQHandler
                0x080009b0                DMA1_Ch2_3_DMA2_Ch1_2_IRQHandler
                0x080009b0                DMA1_Ch4_7_DMA2_Ch3_5_IRQHandler
                0x080009b0                WWDG_IRQHandler
                0x080009b0                TIM2_IRQHandler
                0x080009b0                USART2_IRQHandler
                0x080009b0                FLASH_IRQHandler
                0x080009b0                USART1_IRQHandler
                0x080009b0                TIM1_BRK_UP_TRG_COM_IRQHandler
 *(.glue_7)
 .glue_7        0x080009b2        0x0 linker stubs
 *(.glue_7t)
 .glue_7t       0x080009b2        0x0 linker stubs
 *(.eh_frame)
 *fill*         0x080009b2        0x2 
 .eh_frame      0x080009b4        0x0 C:/ST/STM32CubeIDE_1.16.1/STM32CubeIDE/plugins/com.st.stm32cube.ide.mcu.externaltools.gnu-tools-for-stm32.12.3.rel1.win32_1.0.200.202406191623/tools/bin/../lib/gcc/arm-none-eabi/12.3.1/thumb/v6-m/nofp/crtbegin.o
 *(.init)
 .init          0x080009b4        0x4 C:/ST/STM32CubeIDE_1.16.1/STM32CubeIDE/plugins/com.st.stm32cube.ide.mcu.externaltools.gnu-tools-for-stm32.12.3.rel1.win32_1.0.200.202406191623/tools/bin/../lib/gcc/arm-none-eabi/12.3.1/thumb/v6-m/nofp/crti.o
                0x080009b4                _init
 .init          0x080009b8        0x8 C:/ST/STM32CubeIDE_1.16.1/STM32CubeIDE/plugins/com.st.stm32cube.ide.mcu.externaltools.gnu-tools-for-stm32.12.3.rel1.win32_1.0.200.202406191623/tools/bin/../lib/gcc/arm-none-eabi/12.3.1/thumb/v6-m/nofp/crtn.o
 *(.fini)
 .fini          0x080009c0        0x4 C:/ST/STM32CubeIDE_1.16.1/STM32CubeIDE/plugins/com.st.stm32cube.ide.mcu.externaltools.gnu-tools-for-stm32.12.3.rel1.win32_1.0.200.202406191623/tools/bin/../lib/gcc/arm-none-eabi/12.3.1/thumb/v6-m/nofp/crti.o
                0x080009c0                _fini
 .fini          0x080009c4        0x8 C:/ST/STM32CubeIDE_1.16.1/STM32CubeIDE/plugins/com.st.stm32cube.ide.mcu.externaltools.gnu-tools-for-stm32.12.3.rel1.win32_1.0.200.202406191623/tools/bin/../lib/gcc/arm-none-eabi/12.3.1/thumb/v6-m/nofp/crtn.o
                0x080009cc                        . = ALIGN (0x4)
                0x080009cc                        _etext = .

.vfp11_veneer   0x080009cc        0x0
 .vfp11_veneer  0x080009cc        0x0 linker stubs

.v4_bx          0x080009cc        0x0
 .v4_bx         0x080009cc        0x0 linker stubs

.iplt           0x080009cc        0x0
 .iplt          0x080009cc        0x0 C:/ST/STM32CubeIDE_1.16.1/STM32CubeIDE/plugins/com.st.stm32cube.ide.mcu.externaltools.gnu-tools-for-stm32.12.3.rel1.win32_1.0.200.202406191623/tools/bin/../lib/gcc/arm-none-eabi/12.3.1/thumb/v6-m/nofp/crtbegin.o

.rel.dyn        0x080009cc        0x0
 .rel.iplt      0x080009cc        0x0 C:/ST/STM32CubeIDE_1.16.1/STM32CubeIDE/plugins/com.st.stm32cube.ide.mcu.externaltools.gnu-tools-for-stm32.12.3.rel1.win32_1.0.200.202406191623/tools/bin/../lib/gcc/arm-none-eabi/12.3.1/thumb/v6-m/nofp/crtbegin.o

.rodata         0x080009cc        0x0
                0x080009cc                        . = ALIGN (0x4)
 *(.rodata)
 *(.rodata*)
                0x080009cc                        . = ALIGN (0x4)

.ARM.extab
 *(.ARM.extab* .gnu.linkonce.armextab.*)

.ARM            0x080009cc        0x0
                0x080009cc                        __exidx_start = .
 *(.ARM.exidx*)
                0x080009cc                        __exidx_end = .

.preinit_array  0x080009cc        0x0
                0x080009cc                        PROVIDE (__preinit_array_start = .)
 *(.preinit_array*)
                0x080009cc                        PROVIDE (__preinit_array_end = .)

.init_array     0x080009cc        0x4
                0x080009cc                        PROVIDE (__init_array_start = .)
 *(SORT_BY_NAME(.init_array.*))
 *(.init_array*)
 .init_array    0x080009cc        0x4 C:/ST/STM32CubeIDE_1.16.1/STM32CubeIDE/plugins/com.st.stm32cube.ide.mcu.externaltools.gnu-tools-for-stm32.12.3.rel1.win32_1.0.200.202406191623/tools/bin/../lib/gcc/arm-none-eabi/12.3.1/thumb/v6-m/nofp/crtbegin.o
                0x080009d0                        PROVIDE (__init_array_end = .)

.fini_array     0x080009d0        0x4
                [!provide]                        PROVIDE (__fini_array_start = .)
 *(SORT_BY_NAME(.fini_array.*))
 *(.fini_array*)
 .fini_array    0x080009d0        0x4 C:/ST/STM32CubeIDE_1.16.1/STM32CubeIDE/plugins/com.st.stm32cube.ide.mcu.externaltools.gnu-tools-for-stm32.12.3.rel1.win32_1.0.200.202406191623/tools/bin/../lib/gcc/arm-none-eabi/12.3.1/thumb/v6-m/nofp/crtbegin.o
                [!provide]                        PROVIDE (__fini_array_end = .)
                0x080009d4                        _sidata = LOADADDR (.data)

.data           0x20000000        0x4 load address 0x080009d4
                0x20000000                        . = ALIGN (0x4)
                0x20000000                        _sdata = .
 *(.data)
 *(.data*)
 .data.SystemCoreClock
                0x20000000        0x4 CMakeFiles/NIWatch.dir/Core/Src/system_stm32f0xx.c.obj
                0x20000000                SystemCoreClock
                0x20000004                        . = ALIGN (0x4)
                0x20000004                        _edata = .

.igot.plt       0x20000004        0x0 load address 0x080009d8
 .igot.plt      0x20000004        0x0 C:/ST/STM32CubeIDE_1.16.1/STM32CubeIDE/plugins/com.st.stm32cube.ide.mcu.externaltools.gnu-tools-for-stm32.12.3.rel1.win32_1.0.200.202406191623/tools/bin/../lib/gcc/arm-none-eabi/12.3.1/thumb/v6-m/nofp/crtbegin.o
                0x20000004                        . = ALIGN (0x4)

.bss            0x20000004       0x1c load address 0x080009d8
                0x20000004                        _sbss = .
                0x20000004                        __bss_start__ = _sbss
 *(.bss)
 .bss           0x20000004       0x1c C:/ST/STM32CubeIDE_1.16.1/STM32CubeIDE/plugins/com.st.stm32cube.ide.mcu.externaltools.gnu-tools-for-stm32.12.3.rel1.win32_1.0.200.202406191623/tools/bin/../lib/gcc/arm-none-eabi/12.3.1/thumb/v6-m/nofp/crtbegin.o
 *(.bss*)
 *(COMMON)
                0x20000020                        . = ALIGN (0x4)
                0x20000020                        _ebss = .
                0x20000020                        __bss_end__ = _ebss

._user_heap_stack
                0x20000020      0x600 load address 0x080009d8
                0x20000020                        . = ALIGN (0x8)
                [!provide]                        PROVIDE (end = .)
                0x20000020                        PROVIDE (_end = .)
                0x20000220                        . = (. + _Min_Heap_Size)
 *fill*         0x20000020      0x200 
                0x20000620                        . = (. + _Min_Stack_Size)
 *fill*         0x20000220      0x400 
                0x20000620                        . = ALIGN (0x8)

/DISCARD/
 libc.a(*)
 libm.a(*)
 libgcc.a(*)
OUTPUT(NIWatch.elf elf32-littlearm)
LOAD linker stubs
LOAD C:/ST/STM32CubeIDE_1.16.1/STM32CubeIDE/plugins/com.st.stm32cube.ide.mcu.externaltools.gnu-tools-for-stm32.12.3.rel1.win32_1.0.200.202406191623/tools/bin/../lib/gcc/arm-none-eabi/12.3.1/../../../../arm-none-eabi/lib/thumb/v6-m/nofp\libc.a
LOAD C:/ST/STM32CubeIDE_1.16.1/STM32CubeIDE/plugins/com.st.stm32cube.ide.mcu.externaltools.gnu-tools-for-stm32.12.3.rel1.win32_1.0.200.202406191623/tools/bin/../lib/gcc/arm-none-eabi/12.3.1/../../../../arm-none-eabi/lib/thumb/v6-m/nofp\libm.a
LOAD C:/ST/STM32CubeIDE_1.16.1/STM32CubeIDE/plugins/com.st.stm32cube.ide.mcu.externaltools.gnu-tools-for-stm32.12.3.rel1.win32_1.0.200.202406191623/tools/bin/../lib/gcc/arm-none-eabi/12.3.1/thumb/v6-m/nofp\libgcc.a

.ARM.attributes
                0x00000000       0x28
 .ARM.attributes
                0x00000000       0x1e C:/ST/STM32CubeIDE_1.16.1/STM32CubeIDE/plugins/com.st.stm32cube.ide.mcu.externaltools.gnu-tools-for-stm32.12.3.rel1.win32_1.0.200.202406191623/tools/bin/../lib/gcc/arm-none-eabi/12.3.1/thumb/v6-m/nofp/crti.o
 .ARM.attributes
                0x0000001e       0x2c C:/ST/STM32CubeIDE_1.16.1/STM32CubeIDE/plugins/com.st.stm32cube.ide.mcu.externaltools.gnu-tools-for-stm32.12.3.rel1.win32_1.0.200.202406191623/tools/bin/../lib/gcc/arm-none-eabi/12.3.1/thumb/v6-m/nofp/crtbegin.o
 .ARM.attributes
                0x0000004a       0x2c C:/ST/STM32CubeIDE_1.16.1/STM32CubeIDE/plugins/com.st.stm32cube.ide.mcu.externaltools.gnu-tools-for-stm32.12.3.rel1.win32_1.0.200.202406191623/tools/bin/../lib/gcc/arm-none-eabi/12.3.1/../../../../arm-none-eabi/lib/thumb/v6-m/nofp\libc_nano.a(libc_a-memset.o)
 .ARM.attributes
                0x00000076       0x2c C:/ST/STM32CubeIDE_1.16.1/STM32CubeIDE/plugins/com.st.stm32cube.ide.mcu.externaltools.gnu-tools-for-stm32.12.3.rel1.win32_1.0.200.202406191623/tools/bin/../lib/gcc/arm-none-eabi/12.3.1/../../../../arm-none-eabi/lib/thumb/v6-m/nofp\libc_nano.a(libc_a-init.o)
 .ARM.attributes
                0x000000a2       0x2c CMakeFiles/NIWatch.dir/Core/Src/main.c.obj
 .ARM.attributes
                0x000000ce       0x2c CMakeFiles/NIWatch.dir/Core/Src/stm32f0xx_it.c.obj
 .ARM.attributes
                0x000000fa       0x2c CMakeFiles/NIWatch.dir/Drivers/STM32F0xx_HAL_Driver/Src/stm32f0xx_ll_gpio.c.obj
 .ARM.attributes
                0x00000126       0x2c CMakeFiles/NIWatch.dir/Drivers/STM32F0xx_HAL_Driver/Src/stm32f0xx_ll_utils.c.obj
 .ARM.attributes
                0x00000152       0x2c CMakeFiles/NIWatch.dir/Core/Src/system_stm32f0xx.c.obj
 .ARM.attributes
                0x0000017e       0x21 CMakeFiles/NIWatch.dir/startup_stm32f091xc.s.obj
 .ARM.attributes
                0x0000019f       0x1e C:/ST/STM32CubeIDE_1.16.1/STM32CubeIDE/plugins/com.st.stm32cube.ide.mcu.externaltools.gnu-tools-for-stm32.12.3.rel1.win32_1.0.200.202406191623/tools/bin/../lib/gcc/arm-none-eabi/12.3.1/thumb/v6-m/nofp\libgcc.a(_udivsi3.o)
 .ARM.attributes
                0x000001bd       0x1e C:/ST/STM32CubeIDE_1.16.1/STM32CubeIDE/plugins/com.st.stm32cube.ide.mcu.externaltools.gnu-tools-for-stm32.12.3.rel1.win32_1.0.200.202406191623/tools/bin/../lib/gcc/arm-none-eabi/12.3.1/thumb/v6-m/nofp\libgcc.a(_dvmd_tls.o)
 .ARM.attributes
                0x000001db       0x1e C:/ST/STM32CubeIDE_1.16.1/STM32CubeIDE/plugins/com.st.stm32cube.ide.mcu.externaltools.gnu-tools-for-stm32.12.3.rel1.win32_1.0.200.202406191623/tools/bin/../lib/gcc/arm-none-eabi/12.3.1/thumb/v6-m/nofp/crtn.o

.comment        0x00000000       0x43
 .comment       0x00000000       0x43 CMakeFiles/NIWatch.dir/Core/Src/main.c.obj
                                 0x44 (size before relaxing)
 .comment       0x00000043       0x44 CMakeFiles/NIWatch.dir/Core/Src/stm32f0xx_it.c.obj
 .comment       0x00000043       0x44 CMakeFiles/NIWatch.dir/Drivers/STM32F0xx_HAL_Driver/Src/stm32f0xx_ll_gpio.c.obj
 .comment       0x00000043       0x44 CMakeFiles/NIWatch.dir/Drivers/STM32F0xx_HAL_Driver/Src/stm32f0xx_ll_utils.c.obj
 .comment       0x00000043       0x44 CMakeFiles/NIWatch.dir/Core/Src/system_stm32f0xx.c.obj

.debug_frame    0x00000000      0x898
 .debug_frame   0x00000000       0x20 C:/ST/STM32CubeIDE_1.16.1/STM32CubeIDE/plugins/com.st.stm32cube.ide.mcu.externaltools.gnu-tools-for-stm32.12.3.rel1.win32_1.0.200.202406191623/tools/bin/../lib/gcc/arm-none-eabi/12.3.1/../../../../arm-none-eabi/lib/thumb/v6-m/nofp\libc_nano.a(libc_a-memset.o)
 .debug_frame   0x00000020       0x2c C:/ST/STM32CubeIDE_1.16.1/STM32CubeIDE/plugins/com.st.stm32cube.ide.mcu.externaltools.gnu-tools-for-stm32.12.3.rel1.win32_1.0.200.202406191623/tools/bin/../lib/gcc/arm-none-eabi/12.3.1/../../../../arm-none-eabi/lib/thumb/v6-m/nofp\libc_nano.a(libc_a-init.o)
 .debug_frame   0x0000004c      0x254 CMakeFiles/NIWatch.dir/Core/Src/main.c.obj
 .debug_frame   0x000002a0       0x9c CMakeFiles/NIWatch.dir/Core/Src/stm32f0xx_it.c.obj
 .debug_frame   0x0000033c      0x170 CMakeFiles/NIWatch.dir/Drivers/STM32F0xx_HAL_Driver/Src/stm32f0xx_ll_gpio.c.obj
 .debug_frame   0x000004ac      0x380 CMakeFiles/NIWatch.dir/Drivers/STM32F0xx_HAL_Driver/Src/stm32f0xx_ll_utils.c.obj
 .debug_frame   0x0000082c       0x4c CMakeFiles/NIWatch.dir/Core/Src/system_stm32f0xx.c.obj
 .debug_frame   0x00000878       0x20 C:/ST/STM32CubeIDE_1.16.1/STM32CubeIDE/plugins/com.st.stm32cube.ide.mcu.externaltools.gnu-tools-for-stm32.12.3.rel1.win32_1.0.200.202406191623/tools/bin/../lib/gcc/arm-none-eabi/12.3.1/thumb/v6-m/nofp\libgcc.a(_udivsi3.o)

.debug_info     0x00000000     0x19c7
 .debug_info    0x00000000      0x945 CMakeFiles/NIWatch.dir/Core/Src/main.c.obj
 .debug_info    0x00000945      0x105 CMakeFiles/NIWatch.dir/Core/Src/stm32f0xx_it.c.obj
 .debug_info    0x00000a4a      0x510 CMakeFiles/NIWatch.dir/Drivers/STM32F0xx_HAL_Driver/Src/stm32f0xx_ll_gpio.c.obj
 .debug_info    0x00000f5a      0x802 CMakeFiles/NIWatch.dir/Drivers/STM32F0xx_HAL_Driver/Src/stm32f0xx_ll_utils.c.obj
 .debug_info    0x0000175c      0x23b CMakeFiles/NIWatch.dir/Core/Src/system_stm32f0xx.c.obj
 .debug_info    0x00001997       0x30 CMakeFiles/NIWatch.dir/startup_stm32f091xc.s.obj

.debug_abbrev   0x00000000      0x868
 .debug_abbrev  0x00000000      0x2b8 CMakeFiles/NIWatch.dir/Core/Src/main.c.obj
 .debug_abbrev  0x000002b8       0x80 CMakeFiles/NIWatch.dir/Core/Src/stm32f0xx_it.c.obj
 .debug_abbrev  0x00000338      0x1a7 CMakeFiles/NIWatch.dir/Drivers/STM32F0xx_HAL_Driver/Src/stm32f0xx_ll_gpio.c.obj
 .debug_abbrev  0x000004df      0x249 CMakeFiles/NIWatch.dir/Drivers/STM32F0xx_HAL_Driver/Src/stm32f0xx_ll_utils.c.obj
 .debug_abbrev  0x00000728      0x11c CMakeFiles/NIWatch.dir/Core/Src/system_stm32f0xx.c.obj
 .debug_abbrev  0x00000844       0x24 CMakeFiles/NIWatch.dir/startup_stm32f091xc.s.obj

.debug_aranges  0x00000000      0x2b0
 .debug_aranges
                0x00000000       0xb0 CMakeFiles/NIWatch.dir/Core/Src/main.c.obj
 .debug_aranges
                0x000000b0       0x40 CMakeFiles/NIWatch.dir/Core/Src/stm32f0xx_it.c.obj
 .debug_aranges
                0x000000f0       0x70 CMakeFiles/NIWatch.dir/Drivers/STM32F0xx_HAL_Driver/Src/stm32f0xx_ll_gpio.c.obj
 .debug_aranges
                0x00000160      0x100 CMakeFiles/NIWatch.dir/Drivers/STM32F0xx_HAL_Driver/Src/stm32f0xx_ll_utils.c.obj
 .debug_aranges
                0x00000260       0x28 CMakeFiles/NIWatch.dir/Core/Src/system_stm32f0xx.c.obj
 .debug_aranges
                0x00000288       0x28 CMakeFiles/NIWatch.dir/startup_stm32f091xc.s.obj

.debug_rnglists
                0x00000000      0x1ee
 .debug_rnglists
                0x00000000       0x80 CMakeFiles/NIWatch.dir/Core/Src/main.c.obj
 .debug_rnglists
                0x00000080       0x2b CMakeFiles/NIWatch.dir/Core/Src/stm32f0xx_it.c.obj
 .debug_rnglists
                0x000000ab       0x51 CMakeFiles/NIWatch.dir/Drivers/STM32F0xx_HAL_Driver/Src/stm32f0xx_ll_gpio.c.obj
 .debug_rnglists
                0x000000fc       0xbf CMakeFiles/NIWatch.dir/Drivers/STM32F0xx_HAL_Driver/Src/stm32f0xx_ll_utils.c.obj
 .debug_rnglists
                0x000001bb       0x1a CMakeFiles/NIWatch.dir/Core/Src/system_stm32f0xx.c.obj
 .debug_rnglists
                0x000001d5       0x19 CMakeFiles/NIWatch.dir/startup_stm32f091xc.s.obj

.debug_macro    0x00000000    0x1373d
 .debug_macro   0x00000000      0x129 CMakeFiles/NIWatch.dir/Core/Src/main.c.obj
 .debug_macro   0x00000129      0xac6 CMakeFiles/NIWatch.dir/Core/Src/main.c.obj
 .debug_macro   0x00000bef       0x2e CMakeFiles/NIWatch.dir/Core/Src/main.c.obj
 .debug_macro   0x00000c1d       0x22 CMakeFiles/NIWatch.dir/Core/Src/main.c.obj
 .debug_macro   0x00000c3f       0x22 CMakeFiles/NIWatch.dir/Core/Src/main.c.obj
 .debug_macro   0x00000c61       0x8e CMakeFiles/NIWatch.dir/Core/Src/main.c.obj
 .debug_macro   0x00000cef       0x51 CMakeFiles/NIWatch.dir/Core/Src/main.c.obj
 .debug_macro   0x00000d40      0x103 CMakeFiles/NIWatch.dir/Core/Src/main.c.obj
 .debug_macro   0x00000e43       0x6a CMakeFiles/NIWatch.dir/Core/Src/main.c.obj
 .debug_macro   0x00000ead      0x1df CMakeFiles/NIWatch.dir/Core/Src/main.c.obj
 .debug_macro   0x0000108c       0x1c CMakeFiles/NIWatch.dir/Core/Src/main.c.obj
 .debug_macro   0x000010a8       0x22 CMakeFiles/NIWatch.dir/Core/Src/main.c.obj
 .debug_macro   0x000010ca       0xaf CMakeFiles/NIWatch.dir/Core/Src/main.c.obj
 .debug_macro   0x00001179      0x391 CMakeFiles/NIWatch.dir/Core/Src/main.c.obj
 .debug_macro   0x0000150a    0x10e6b CMakeFiles/NIWatch.dir/Core/Src/main.c.obj
 .debug_macro   0x00012375       0x66 CMakeFiles/NIWatch.dir/Core/Src/main.c.obj
 .debug_macro   0x000123db       0xca CMakeFiles/NIWatch.dir/Core/Src/main.c.obj
 .debug_macro   0x000124a5      0x435 CMakeFiles/NIWatch.dir/Core/Src/main.c.obj
 .debug_macro   0x000128da      0x12c CMakeFiles/NIWatch.dir/Core/Src/main.c.obj
 .debug_macro   0x00012a06      0x185 CMakeFiles/NIWatch.dir/Core/Src/main.c.obj
 .debug_macro   0x00012b8b      0x109 CMakeFiles/NIWatch.dir/Core/Src/main.c.obj
 .debug_macro   0x00012c94       0x16 CMakeFiles/NIWatch.dir/Core/Src/main.c.obj
 .debug_macro   0x00012caa       0x2a CMakeFiles/NIWatch.dir/Core/Src/main.c.obj
 .debug_macro   0x00012cd4       0xf4 CMakeFiles/NIWatch.dir/Core/Src/main.c.obj
 .debug_macro   0x00012dc8      0x303 CMakeFiles/NIWatch.dir/Core/Src/main.c.obj
 .debug_macro   0x000130cb      0x11f CMakeFiles/NIWatch.dir/Core/Src/main.c.obj
 .debug_macro   0x000131ea       0x22 CMakeFiles/NIWatch.dir/Core/Src/main.c.obj
 .debug_macro   0x0001320c      0x133 CMakeFiles/NIWatch.dir/Core/Src/stm32f0xx_it.c.obj
 .debug_macro   0x0001333f       0xfc CMakeFiles/NIWatch.dir/Drivers/STM32F0xx_HAL_Driver/Src/stm32f0xx_ll_gpio.c.obj
 .debug_macro   0x0001343b      0x119 CMakeFiles/NIWatch.dir/Drivers/STM32F0xx_HAL_Driver/Src/stm32f0xx_ll_gpio.c.obj
 .debug_macro   0x00013554      0x129 CMakeFiles/NIWatch.dir/Drivers/STM32F0xx_HAL_Driver/Src/stm32f0xx_ll_utils.c.obj
 .debug_macro   0x0001367d       0xc0 CMakeFiles/NIWatch.dir/Core/Src/system_stm32f0xx.c.obj

.debug_line     0x00000000     0x2c21
 .debug_line    0x00000000      0xa5b CMakeFiles/NIWatch.dir/Core/Src/main.c.obj
 .debug_line    0x00000a5b      0x7f0 CMakeFiles/NIWatch.dir/Core/Src/stm32f0xx_it.c.obj
 .debug_line    0x0000124b      0x80e CMakeFiles/NIWatch.dir/Drivers/STM32F0xx_HAL_Driver/Src/stm32f0xx_ll_gpio.c.obj
 .debug_line    0x00001a59      0xaf5 CMakeFiles/NIWatch.dir/Drivers/STM32F0xx_HAL_Driver/Src/stm32f0xx_ll_utils.c.obj
 .debug_line    0x0000254e      0x658 CMakeFiles/NIWatch.dir/Core/Src/system_stm32f0xx.c.obj
 .debug_line    0x00002ba6       0x7b CMakeFiles/NIWatch.dir/startup_stm32f091xc.s.obj

.debug_str      0x00000000    0x69fc0
 .debug_str     0x00000000    0x68ba8 CMakeFiles/NIWatch.dir/Core/Src/main.c.obj
                              0x68e05 (size before relaxing)
 .debug_str     0x00068ba8       0xb3 CMakeFiles/NIWatch.dir/Core/Src/stm32f0xx_it.c.obj
                              0x688b7 (size before relaxing)
 .debug_str     0x00068c5b      0x565 CMakeFiles/NIWatch.dir/Drivers/STM32F0xx_HAL_Driver/Src/stm32f0xx_ll_gpio.c.obj
                              0x63c01 (size before relaxing)
 .debug_str     0x000691c0      0xcc3 CMakeFiles/NIWatch.dir/Drivers/STM32F0xx_HAL_Driver/Src/stm32f0xx_ll_utils.c.obj
                              0x65da8 (size before relaxing)
 .debug_str     0x00069e83       0xcb CMakeFiles/NIWatch.dir/Core/Src/system_stm32f0xx.c.obj
                              0x627fa (size before relaxing)
 .debug_str     0x00069f4e       0x72 CMakeFiles/NIWatch.dir/startup_stm32f091xc.s.obj
                                 0xbe (size before relaxing)

.debug_line_str
                0x00000000       0xa2
 .debug_line_str
                0x00000000       0xa2 CMakeFiles/NIWatch.dir/startup_stm32f091xc.s.obj
